Archive member included to satisfy reference by file (symbol)

.\CortexM0\ARM_GCC_541\Debug\DesignAttempt01.a(CyLib.o)
                              .\CortexM0\ARM_GCC_541\Debug\main.o (CyIntEnable)
.\CortexM0\ARM_GCC_541\Debug\DesignAttempt01.a(CyLFClk.o)
                              .\CortexM0\ARM_GCC_541\Debug\DesignAttempt01.a(CyLib.o) (CySysClkWcoEnabled)
.\CortexM0\ARM_GCC_541\Debug\DesignAttempt01.a(UART.o)
                              .\CortexM0\ARM_GCC_541\Debug\main.o (UART_Start)
.\CortexM0\ARM_GCC_541\Debug\DesignAttempt01.a(StepperDriver.o)
                              .\CortexM0\ARM_GCC_541\Debug\SBT0811.o (StepperDriver_Write)
.\CortexM0\ARM_GCC_541\Debug\DesignAttempt01.a(I2C_1.o)
                              .\CortexM0\ARM_GCC_541\Debug\IMU.o (I2C_1_Start)
.\CortexM0\ARM_GCC_541\Debug\DesignAttempt01.a(I2C_1_I2C.o)
                              .\CortexM0\ARM_GCC_541\Debug\DesignAttempt01.a(I2C_1.o) (I2C_1_I2CInit)
.\CortexM0\ARM_GCC_541\Debug\DesignAttempt01.a(I2C_1_I2C_MASTER.o)
                              .\CortexM0\ARM_GCC_541\Debug\IMU.o (I2C_1_I2CMasterSendStart)
.\CortexM0\ARM_GCC_541\Debug\DesignAttempt01.a(PWM.o)
                              .\CortexM0\ARM_GCC_541\Debug\SG90.o (PWM_SetCompareMode)
.\CortexM0\ARM_GCC_541\Debug\DesignAttempt01.a(TB9051_EN.o)
                              .\CortexM0\ARM_GCC_541\Debug\TB9051.o (TB9051_EN_Write)
.\CortexM0\ARM_GCC_541\Debug\DesignAttempt01.a(QuadPWM.o)
                              .\CortexM0\ARM_GCC_541\Debug\TB9051.o (QuadPWM_Init)
.\CortexM0\ARM_GCC_541\Debug\DesignAttempt01.a(UART_RPi.o)
                              .\CortexM0\ARM_GCC_541\Debug\main.o (UART_RPi_Start)
.\CortexM0\ARM_GCC_541\Debug\DesignAttempt01.a(UART_RPi_UART.o)
                              .\CortexM0\ARM_GCC_541\Debug\DesignAttempt01.a(UART_RPi.o) (UART_RPi_UartInit)
.\CortexM0\ARM_GCC_541\Debug\DesignAttempt01.a(CyBootAsmGnu.o)
                              .\CortexM0\ARM_GCC_541\Debug\DesignAttempt01.a(CyLib.o) (CyDelayCycles)
.\CortexM0\ARM_GCC_541\Debug\DesignAttempt01.a(UART_AsmGnu.o)
                              .\CortexM0\ARM_GCC_541\Debug\DesignAttempt01.a(UART.o) (UART_PutChar)
.\CortexM0\ARM_GCC_541\Debug\DesignAttempt01.a(CyFlash.o)
                              .\CortexM0\ARM_GCC_541\Debug\DesignAttempt01.a(CyLib.o) (CySysFlashSetWaitCycles)
.\CortexM0\ARM_GCC_541\Debug\DesignAttempt01.a(I2C_1_I2C_INT.o)
                              .\CortexM0\ARM_GCC_541\Debug\DesignAttempt01.a(I2C_1_I2C.o) (I2C_1_I2C_ISR)
.\CortexM0\ARM_GCC_541\Debug\DesignAttempt01.a(UART_RPi_SPI_UART.o)
                              .\CortexM0\ARM_GCC_541\Debug\DesignAttempt01.a(UART_RPi_UART.o) (UART_RPi_SpiUartReadRxData)
.\CortexM0\ARM_GCC_541\Debug\DesignAttempt01.a(UART_RPi_SPI_UART_INT.o)
                              .\CortexM0\ARM_GCC_541\Debug\DesignAttempt01.a(UART_RPi_UART.o) (UART_RPi_SPI_UART_ISR)
c:/program files (x86)/cypress/psoc creator/4.4/psoc creator/import/gnu/arm/5.4.1/bin/../lib/gcc/arm-none-eabi/5.4.1/../../../../arm-none-eabi/lib/armv6-m\libm.a(lib_a-s_round.o)
                              .\CortexM0\ARM_GCC_541\Debug\SBT0811.o (round)
c:/program files (x86)/cypress/psoc creator/4.4/psoc creator/import/gnu/arm/5.4.1/bin/../lib/gcc/arm-none-eabi/5.4.1/armv6-m\libgcc.a(_udivsi3.o)
                              .\CortexM0\ARM_GCC_541\Debug\DesignAttempt01.a(CyLib.o) (__aeabi_uidiv)
c:/program files (x86)/cypress/psoc creator/4.4/psoc creator/import/gnu/arm/5.4.1/bin/../lib/gcc/arm-none-eabi/5.4.1/armv6-m\libgcc.a(_divsi3.o)
                              .\CortexM0\ARM_GCC_541\Debug\DesignAttempt01.a(CyLFClk.o) (__aeabi_idiv)
c:/program files (x86)/cypress/psoc creator/4.4/psoc creator/import/gnu/arm/5.4.1/bin/../lib/gcc/arm-none-eabi/5.4.1/armv6-m\libgcc.a(_dvmd_tls.o)
                              c:/program files (x86)/cypress/psoc creator/4.4/psoc creator/import/gnu/arm/5.4.1/bin/../lib/gcc/arm-none-eabi/5.4.1/armv6-m\libgcc.a(_udivsi3.o) (__aeabi_idiv0)
c:/program files (x86)/cypress/psoc creator/4.4/psoc creator/import/gnu/arm/5.4.1/bin/../lib/gcc/arm-none-eabi/5.4.1/armv6-m\libgcc.a(_arm_cmpsf2.o)
                              .\CortexM0\ARM_GCC_541\Debug\SG90.o (__aeabi_fcmple)
c:/program files (x86)/cypress/psoc creator/4.4/psoc creator/import/gnu/arm/5.4.1/bin/../lib/gcc/arm-none-eabi/5.4.1/armv6-m\libgcc.a(divsf3.o)
                              .\CortexM0\ARM_GCC_541\Debug\SBT0811.o (__aeabi_fdiv)
c:/program files (x86)/cypress/psoc creator/4.4/psoc creator/import/gnu/arm/5.4.1/bin/../lib/gcc/arm-none-eabi/5.4.1/armv6-m\libgcc.a(eqsf2.o)
                              c:/program files (x86)/cypress/psoc creator/4.4/psoc creator/import/gnu/arm/5.4.1/bin/../lib/gcc/arm-none-eabi/5.4.1/armv6-m\libgcc.a(_arm_cmpsf2.o) (__eqsf2)
c:/program files (x86)/cypress/psoc creator/4.4/psoc creator/import/gnu/arm/5.4.1/bin/../lib/gcc/arm-none-eabi/5.4.1/armv6-m\libgcc.a(gesf2.o)
[...]
Memory Configuration

Name             Origin             Length             Attributes
rom              0x00000000         0x00020000         xr
ram              0x20000000         0x00004000         xrw
*default*        0x00000000         0xffffffff

Linker script and memory map

LOAD c:/program files (x86)/cypress/psoc creator/4.4/psoc creator/import/gnu/arm/5.4.1/bin/../lib/gcc/arm-none-eabi/5.4.1/armv6-m/crti.o
LOAD c:/program files (x86)/cypress/psoc creator/4.4/psoc creator/import/gnu/arm/5.4.1/bin/../lib/gcc/arm-none-eabi/5.4.1/armv6-m/crtbegin.o
LOAD c:/program files (x86)/cypress/psoc creator/4.4/psoc creator/import/gnu/arm/5.4.1/bin/../lib/gcc/arm-none-eabi/5.4.1/../../../../arm-none-eabi/lib/armv6-m/crt0.o
START GROUP
LOAD .\CortexM0\ARM_GCC_541\Debug\main.o
LOAD .\CortexM0\ARM_GCC_541\Debug\SBT0811.o
LOAD .\CortexM0\ARM_GCC_541\Debug\IMU.o
LOAD .\CortexM0\ARM_GCC_541\Debug\SG90.o
LOAD .\CortexM0\ARM_GCC_541\Debug\TB9051.o
LOAD .\CortexM0\ARM_GCC_541\Debug\cyfitter_cfg.o
LOAD .\CortexM0\ARM_GCC_541\Debug\cymetadata.o
LOAD .\CortexM0\ARM_GCC_541\Debug\Cm0Start.o
LOAD .\CortexM0\ARM_GCC_541\Debug\DesignAttempt01.a
LOAD c:/program files (x86)/cypress/psoc creator/4.4/psoc creator/import/gnu/arm/5.4.1/bin/../lib/gcc/arm-none-eabi/5.4.1/../../../../arm-none-eabi/lib/armv6-m\libm.a
END GROUP
START GROUP
LOAD c:/program files (x86)/cypress/psoc creator/4.4/psoc creator/import/gnu/arm/5.4.1/bin/../lib/gcc/arm-none-eabi/5.4.1/armv6-m\libgcc.a
LOAD c:/program files (x86)/cypress/psoc creator/4.4/psoc creator/import/gnu/arm/5.4.1/bin/../lib/gcc/arm-none-eabi/5.4.1/../../../../arm-none-eabi/lib/armv6-m\libg_nano.a
LOAD c:/program files (x86)/cypress/psoc creator/4.4/psoc creator/import/gnu/arm/5.4.1/bin/../lib/gcc/arm-none-eabi/5.4.1/../../../../arm-none-eabi/lib/armv6-m\libc_nano.a
END GROUP
START GROUP
LOAD c:/program files (x86)/cypress/psoc creator/4.4/psoc creator/import/gnu/arm/5.4.1/bin/../lib/gcc/arm-none-eabi/5.4.1/armv6-m\libgcc.a
LOAD c:/program files (x86)/cypress/psoc creator/4.4/psoc creator/import/gnu/arm/5.4.1/bin/../lib/gcc/arm-none-eabi/5.4.1/../../../../arm-none-eabi/lib/armv6-m\libc_nano.a
END GROUP
LOAD c:/program files (x86)/cypress/psoc creator/4.4/psoc creator/import/gnu/arm/5.4.1/bin/../lib/gcc/arm-none-eabi/5.4.1/armv6-m/crtend.o
LOAD c:/program files (x86)/cypress/psoc creator/4.4/psoc creator/import/gnu/arm/5.4.1/bin/../lib/gcc/arm-none-eabi/5.4.1/armv6-m/crtn.o
START GROUP
LOAD c:/program files (x86)/cypress/psoc creator/4.4/psoc creator/import/gnu/arm/5.4.1/bin/../lib/gcc/arm-none-eabi/5.4.1/armv6-m\libgcc.a
LOAD c:/program files (x86)/cypress/psoc creator/4.4/psoc creator/import/gnu/arm/5.4.1/bin/../lib/gcc/arm-none-eabi/5.4.1/../../../../arm-none-eabi/lib/armv6-m\libc.a
LOAD c:/program files (x86)/cypress/psoc creator/4.4/psoc creator/import/gnu/arm/5.4.1/bin/../lib/gcc/arm-none-eabi/5.4.1/../../../../arm-none-eabi/lib/armv6-m\libnosys.a
END GROUP
                0x00000000                CY_APPL_ORIGIN = 0x0
                0x00000080                CY_FLASH_ROW_SIZE = 0x80
                0x00000001                CY_APPL_NUM = 0x1
                0x00000001                CY_APPL_MAX = 0x1
                0x00000040                CY_METADATA_SIZE = 0x40
                0x00000000                CY_APPL_LOADABLE = 0x0
                0x00000000                CY_CHECKSUM_EXCLUDE_SIZE = ALIGN (0x0, CY_FLASH_ROW_SIZE)
                0x00000000                CY_APP_FOR_STACK_AND_COPIER = 0x0
                [!provide]                PROVIDE (__cy_heap_start, _end)
                0x00000001                PROVIDE (__cy_region_num, ((__cy_regions_end - __cy_regions) / 0x10))
                0x20004000                PROVIDE (__cy_stack, (ORIGIN (ram) + LENGTH (ram)))
                [!provide]                PROVIDE (__cy_heap_end, (__cy_stack - 0x800))

.cybootloader   0x00000000        0x0
 *(.cybootloader)
                0x00000000                appl1_start = CY_APPL_ORIGIN?CY_APPL_ORIGIN:ALIGN (CY_FLASH_ROW_SIZE)
                0x0000ff80                appl2_start = (appl1_start + ALIGN ((((LENGTH (rom) - appl1_start) - (0x2 * CY_FLASH_ROW_SIZE)) / 0x2), CY_FLASH_ROW_SIZE))
                0x00000000                appl_start = (CY_APPL_NUM == 0x1)?appl1_start:appl2_start
                0x00000001                cy_project_type_bootloader = (appl_start == 0x0)?0x1:0x0
                0x00000000                cy_project_type_app_for_stack_and_copier = (CY_APP_FOR_STACK_AND_COPIER == 0x1)?0x1:0x0

.text           0x00000000     0x472c
 CREATE_OBJECT_SYMBOLS
                0x00000000                PROVIDE (__cy_interrupt_vector, RomVectors)
 *(.romvectors)
 .romvectors    0x00000000       0x10 .\CortexM0\ARM_GCC_541\Debug\Cm0Start.o
                0x00000000                RomVectors
                0x00000001                ASSERT ((. != __cy_interrupt_vector), No interrupt vector)
                0x00000001                ASSERT (CY_APPL_ORIGIN?(SIZEOF (.cybootloader) <= CY_APPL_ORIGIN):0x1, Wrong image location)
                0x00000010                PROVIDE (__cy_reset, Reset)
 *(.text.Reset)
 .text.Reset    0x00000010        0x8 .\CortexM0\ARM_GCC_541\Debug\Cm0Start.o
                0x00000010                Reset
                0x00000001                ASSERT ((. != __cy_reset), No reset code)
 *(.psocinit)
 .psocinit      0x00000018      0x230 .\CortexM0\ARM_GCC_541\Debug\cyfitter_cfg.o
                0x000000d0                cyfitter_cfg
                0x00000248                . = MAX (., 0x100)
 *(.text .text.* .gnu.linkonce.t.*)
 .text          0x00000248       0x60 c:/program files (x86)/cypress/psoc creator/4.4/psoc creator/import/gnu/arm/5.4.1/bin/../lib/gcc/arm-none-eabi/5.4.1/armv6-m/crtbegin.o
 .text.onRx     0x000002a8       0x48 .\CortexM0\ARM_GCC_541\Debug\main.o
                0x000002a8                onRx
 .text.main     0x000002f0       0x20 .\CortexM0\ARM_GCC_541\Debug\main.o
                0x000002f0                main
 .text.cfg_write_bytes32
                0x00000310       0x34 .\CortexM0\ARM_GCC_541\Debug\cyfitter_cfg.o
 .text.AnalogSetDefault
                0x00000344       0x20 .\CortexM0\ARM_GCC_541\Debug\cyfitter_cfg.o
 .text.CYMEMZERO
                0x00000364        0xc .\CortexM0\ARM_GCC_541\Debug\cyfitter_cfg.o
 .text.IntDefaultHandler
                0x00000370       0x10 .\CortexM0\ARM_GCC_541\Debug\Cm0Start.o
                0x00000370                IntDefaultHandler
 .text._sbrk    0x00000380       0x34 .\CortexM0\ARM_GCC_541\Debug\Cm0Start.o
                0x00000380                _sbrk
 .text.Start_c  0x000003b4       0x48 .\CortexM0\ARM_GCC_541\Debug\Cm0Start.o
                0x000003b4                Start_c
 .text.initialize_psoc
                0x000003fc       0x4c .\CortexM0\ARM_GCC_541\Debug\Cm0Start.o
                0x000003fc                initialize_psoc
 .text.CySysClkImoDisableWcoLock
                0x00000448       0x54 .\CortexM0\ARM_GCC_541\Debug\DesignAttempt01.a(CyLib.o)
                0x00000448                CySysClkImoDisableWcoLock
 .text.CySysClkImoGetWcoLock
                0x0000049c       0x14 .\CortexM0\ARM_GCC_541\Debug\DesignAttempt01.a(CyLib.o)
                0x0000049c                CySysClkImoGetWcoLock
 .text.CyIntEnable
                0x000004b0       0x14 .\CortexM0\ARM_GCC_541\Debug\DesignAttempt01.a(CyLib.o)
                0x000004b0                CyIntEnable
 .text.CyIntDisable
                0x000004c4       0x14 .\CortexM0\ARM_GCC_541\Debug\DesignAttempt01.a(CyLib.o)
                0x000004c4                CyIntDisable
 .text.CyHalt   0x000004d8        0x4 .\CortexM0\ARM_GCC_541\Debug\DesignAttempt01.a(CyLib.o)
                0x000004d8                CyHalt
 .text.CyIntSetVector
                0x000004dc       0x24 .\CortexM0\ARM_GCC_541\Debug\DesignAttempt01.a(CyLib.o)
                0x000004dc                CyIntSetVector
 .text.CyIntSetPriority
                0x00000500       0x4c .\CortexM0\ARM_GCC_541\Debug\DesignAttempt01.a(CyLib.o)
                0x00000500                CyIntSetPriority
 .text.CyDelay  0x0000054c       0x30 .\CortexM0\ARM_GCC_541\Debug\DesignAttempt01.a(CyLib.o)
                0x0000054c                CyDelay
 .text.CySysClkImoEnableWcoLock
                0x0000057c       0xf4 .\CortexM0\ARM_GCC_541\Debug\DesignAttempt01.a(CyLib.o)
                0x0000057c                CySysClkImoEnableWcoLock
 .text.CySysClkWriteImoFreq
                0x00000670       0x80 .\CortexM0\ARM_GCC_541\Debug\DesignAttempt01.a(CyLib.o)
                0x00000670                CySysClkWriteImoFreq
 .text.CySysWdtLocked
                0x000006f0       0x14 .\CortexM0\ARM_GCC_541\Debug\DesignAttempt01.a(CyLFClk.o)
 .text.CySysClkWcoEnabled
                0x00000704       0x14 .\CortexM0\ARM_GCC_541\Debug\DesignAttempt01.a(CyLFClk.o)
                0x00000704                CySysClkWcoEnabled
 .text.CySysWdtLock
                0x00000718       0x1c .\CortexM0\ARM_GCC_541\Debug\DesignAttempt01.a(CyLFClk.o)
                0x00000718                CySysWdtLock
 .text.CySysWdtUnlock
                0x00000734       0x30 .\CortexM0\ARM_GCC_541\Debug\DesignAttempt01.a(CyLFClk.o)
                0x00000734                CySysWdtUnlock
 .text.CySysWdtClearInterrupt
                0x00000764       0x4c .\CortexM0\ARM_GCC_541\Debug\DesignAttempt01.a(CyLFClk.o)
                0x00000764                CySysWdtClearInterrupt
 .text.CySysWdtIsr
                0x000007b0       0xa4 .\CortexM0\ARM_GCC_541\Debug\DesignAttempt01.a(CyLFClk.o)
                0x000007b0                CySysWdtIsr
 .text.UART_Start
                0x00000854        0x4 .\CortexM0\ARM_GCC_541\Debug\DesignAttempt01.a(UART.o)
                0x00000854                UART_Start
 .text.UART_PutString
                0x00000858       0x1c .\CortexM0\ARM_GCC_541\Debug\DesignAttempt01.a(UART.o)
                0x00000858                UART_PutString
 .text.UART_RPi_ScbEnableIntr
                0x00000874        0xc .\CortexM0\ARM_GCC_541\Debug\DesignAttempt01.a(UART_RPi.o)
 .text.UART_RPi_ScbModePostEnable
                0x00000880        0x8 .\CortexM0\ARM_GCC_541\Debug\DesignAttempt01.a(UART_RPi.o)
 .text.UART_RPi_Init
                0x00000888        0x8 .\CortexM0\ARM_GCC_541\Debug\DesignAttempt01.a(UART_RPi.o)
                0x00000888                UART_RPi_Init
 .text.UART_RPi_Enable
                0x00000890       0x1c .\CortexM0\ARM_GCC_541\Debug\DesignAttempt01.a(UART_RPi.o)
                0x00000890                UART_RPi_Enable
 .text.UART_RPi_Start
                0x000008ac       0x20 .\CortexM0\ARM_GCC_541\Debug\DesignAttempt01.a(UART_RPi.o)
                0x000008ac                UART_RPi_Start
 .text.UART_RPi_SetCustomInterruptHandler
                0x000008cc        0xc .\CortexM0\ARM_GCC_541\Debug\DesignAttempt01.a(UART_RPi.o)
                0x000008cc                UART_RPi_SetCustomInterruptHandler
 .text.UART_RPi_UartInit
                0x000008d8       0xec .\CortexM0\ARM_GCC_541\Debug\DesignAttempt01.a(UART_RPi_UART.o)
                0x000008d8                UART_RPi_UartInit
 .text.UART_RPi_UartPostEnable
                0x000009c4       0x24 .\CortexM0\ARM_GCC_541\Debug\DesignAttempt01.a(UART_RPi_UART.o)
                0x000009c4                UART_RPi_UartPostEnable
 .text.UART_RPi_UartGetByte
                0x000009e8       0x4c .\CortexM0\ARM_GCC_541\Debug\DesignAttempt01.a(UART_RPi_UART.o)
                0x000009e8                UART_RPi_UartGetByte
 *fill*         0x00000a34        0x4 
 .text          0x00000a38       0x20 .\CortexM0\ARM_GCC_541\Debug\DesignAttempt01.a(CyBootAsmGnu.o)
                0x00000a38                CyDelayCycles
                0x00000a4a                CyEnterCriticalSection
                0x00000a52                CyExitCriticalSection
 *fill*         0x00000a58        0x8 
 .text          0x00000a60       0xd4 .\CortexM0\ARM_GCC_541\Debug\DesignAttempt01.a(UART_AsmGnu.o)
                0x00000a60                UART_PutChar
 .text.CySysFlashSetWaitCycles
                0x00000b34       0x54 .\CortexM0\ARM_GCC_541\Debug\DesignAttempt01.a(CyFlash.o)
                0x00000b34                CySysFlashSetWaitCycles
 .text.UART_RPi_SpiUartReadRxData
                0x00000b88       0x34 .\CortexM0\ARM_GCC_541\Debug\DesignAttempt01.a(UART_RPi_SPI_UART.o)
                0x00000b88                UART_RPi_SpiUartReadRxData
 .text.UART_RPi_SpiUartGetRxBufferSize
                0x00000bbc       0x28 .\CortexM0\ARM_GCC_541\Debug\DesignAttempt01.a(UART_RPi_SPI_UART.o)
                0x00000bbc                UART_RPi_SpiUartGetRxBufferSize
 .text.UART_RPi_SPI_UART_ISR
                0x00000be4       0xe4 .\CortexM0\ARM_GCC_541\Debug\DesignAttempt01.a(UART_RPi_SPI_UART_INT.o)
                0x00000be4                UART_RPi_SPI_UART_ISR
 .text          0x00000cc8      0x114 c:/program files (x86)/cypress/psoc creator/4.4/psoc creator/import/gnu/arm/5.4.1/bin/../lib/gcc/arm-none-eabi/5.4.1/armv6-m\libgcc.a(_udivsi3.o)
                0x00000cc8                __aeabi_uidiv
                0x00000cc8                __udivsi3
                0x00000dd4                __aeabi_uidivmod
 .text          0x00000ddc      0x1d4 c:/program files (x86)/cypress/psoc creator/4.4/psoc creator/import/gnu/arm/5.4.1/bin/../lib/gcc/arm-none-eabi/5.4.1/armv6-m\libgcc.a(_divsi3.o)
                0x00000ddc                __divsi3
                0x00000ddc                __aeabi_idiv
                0x00000fa8                __aeabi_idivmod
 .text          0x00000fb0        0x4 c:/program files (x86)/cypress/psoc creator/4.4/psoc creator/import/gnu/arm/5.4.1/bin/../lib/gcc/arm-none-eabi/5.4.1/armv6-m\libgcc.a(_dvmd_tls.o)
                0x00000fb0                __aeabi_idiv0
                0x00000fb0                __aeabi_ldiv0
 .text          0x00000fb4      0x658 c:/program files (x86)/cypress/psoc creator/4.4/psoc creator/import/gnu/arm/5.4.1/bin/../lib/gcc/arm-none-eabi/5.4.1/armv6-m\libgcc.a(adddf3.o)
                0x00000fb4                __aeabi_dadd
 .text          0x0000160c       0x6c c:/program files (x86)/cypress/psoc creator/4.4/psoc creator/import/gnu/arm/5.4.1/bin/../lib/gcc/arm-none-eabi/5.4.1/armv6-m\libgcc.a(fixdfsi.o)
                0x0000160c                __aeabi_d2iz
 .text          0x00001678       0x3c c:/program files (x86)/cypress/psoc creator/4.4/psoc creator/import/gnu/arm/5.4.1/bin/../lib/gcc/arm-none-eabi/5.4.1/armv6-m\libgcc.a(_clzsi2.o)
                0x00001678                __clzsi2
 .text.__errno  0x000016b4        0xc c:/program files (x86)/cypress/psoc creator/4.4/psoc creator/import/gnu/arm/5.4.1/bin/../lib/gcc/arm-none-eabi/5.4.1/../../../../arm-none-eabi/lib/armv6-m\libg_nano.a(lib_a-errno.o)
                0x000016b4                __errno
 .text.__libc_init_array
                0x000016c0       0x4c c:/program files (x86)/cypress/psoc creator/4.4/psoc creator/import/gnu/arm/5.4.1/bin/../lib/gcc/arm-none-eabi/5.4.1/../../../../arm-none-eabi/lib/armv6-m\libg_nano.a(lib_a-init.o)
                0x000016c0                __libc_init_array
 .text.memcpy   0x0000170c       0x12 c:/program files (x86)/cypress/psoc creator/4.4/psoc creator/import/gnu/arm/5.4.1/bin/../lib/gcc/arm-none-eabi/5.4.1/../../../../arm-none-eabi/lib/armv6-m\libg_nano.a(lib_a-memcpy-stub.o)
                0x0000170c                memcpy
 .text.memset   0x0000171e       0x10 c:/program files (x86)/cypress/psoc creator/4.4/psoc creator/import/gnu/arm/5.4.1/bin/../lib/gcc/arm-none-eabi/5.4.1/../../../../arm-none-eabi/lib/armv6-m\libg_nano.a(lib_a-memset.o)
                0x0000171e                memset
 .text.__cvt    0x0000172e       0xca c:/program files (x86)/cypress/psoc creator/4.4/psoc creator/import/gnu/arm/5.4.1/bin/../lib/gcc/arm-none-eabi/5.4.1/../../../../arm-none-eabi/lib/armv6-m\libg_nano.a(lib_a-nano-vfprintf_float.o)
                0x0000172e                __cvt
 .text.__exponent
                0x000017f8       0x62 c:/program files (x86)/cypress/psoc creator/4.4/psoc creator/import/gnu/arm/5.4.1/bin/../lib/gcc/arm-none-eabi/5.4.1/../../../../arm-none-eabi/lib/armv6-m\libg_nano.a(lib_a-nano-vfprintf_float.o)
                0x000017f8                __exponent
 *fill*         0x0000185a        0x2 
 .text._printf_float
                0x0000185c      0x4a0 c:/program files (x86)/cypress/psoc creator/4.4/psoc creator/import/gnu/arm/5.4.1/bin/../lib/gcc/arm-none-eabi/5.4.1/../../../../arm-none-eabi/lib/armv6-m\libg_nano.a(lib_a-nano-vfprintf_float.o)
                0x0000185c                _printf_float
 .text._printf_common
                0x00001cfc       0xdc c:/program files (x86)/cypress/psoc creator/4.4/psoc creator/import/gnu/arm/5.4.1/bin/../lib/gcc/arm-none-eabi/5.4.1/../../../../arm-none-eabi/lib/armv6-m\libg_nano.a(lib_a-nano-vfprintf_i.o)
                0x00001cfc                _printf_common
 .text.strcpy   0x00001dd8       0x10 c:/program files (x86)/cypress/psoc creator/4.4/psoc creator/import/gnu/arm/5.4.1/bin/../lib/gcc/arm-none-eabi/5.4.1/../../../../arm-none-eabi/lib/armv6-m\libg_nano.a(lib_a-strcpy.o)
                0x00001dd8                strcpy
 .text          0x00001de8        0xe c:/program files (x86)/cypress/psoc creator/4.4/psoc creator/import/gnu/arm/5.4.1/bin/../lib/gcc/arm-none-eabi/5.4.1/../../../../arm-none-eabi/lib/armv6-m\libg_nano.a(lib_a-strlen.o)
                0x00001de8                strlen
 .text.quorem   0x00001df6      0x10c c:/program files (x86)/cypress/psoc creator/4.4/psoc creator/import/gnu/arm/5.4.1/bin/../lib/gcc/arm-none-eabi/5.4.1/../../../../arm-none-eabi/lib/armv6-m\libg_nano.a(lib_a-dtoa.o)
 *fill*         0x00001f02        0x2 
 .text._dtoa_r  0x00001f04      0xb8c c:/program files (x86)/cypress/psoc creator/4.4/psoc creator/import/gnu/arm/5.4.1/bin/../lib/gcc/arm-none-eabi/5.4.1/../../../../arm-none-eabi/lib/armv6-m\libg_nano.a(lib_a-dtoa.o)
                0x00001f04                _dtoa_r
 .text._localeconv_r
                0x00002a90        0x8 c:/program files (x86)/cypress/psoc creator/4.4/psoc creator/import/gnu/arm/5.4.1/bin/../lib/gcc/arm-none-eabi/5.4.1/../../../../arm-none-eabi/lib/armv6-m\libg_nano.a(lib_a-locale.o)
                0x00002a90                _localeconv_r
 .text.malloc   0x00002a98       0x14 c:/program files (x86)/cypress/psoc creator/4.4/psoc creator/import/gnu/arm/5.4.1/bin/../lib/gcc/arm-none-eabi/5.4.1/../../../../arm-none-eabi/lib/armv6-m\libg_nano.a(lib_a-malloc.o)
                0x00002a98                malloc
 .text._Balloc  0x00002aac       0x70 c:/program files (x86)/cypress/psoc creator/4.4/psoc creator/import/gnu/arm/5.4.1/bin/../lib/gcc/arm-none-eabi/5.4.1/../../../../arm-none-eabi/lib/armv6-m\libg_nano.a(lib_a-mprec.o)
                0x00002aac                _Balloc
 .text._Bfree   0x00002b1c       0x32 c:/program files (x86)/cypress/psoc creator/4.4/psoc creator/import/gnu/arm/5.4.1/bin/../lib/gcc/arm-none-eabi/5.4.1/../../../../arm-none-eabi/lib/armv6-m\libg_nano.a(lib_a-mprec.o)
                0x00002b1c                _Bfree
 .text.__multadd
                0x00002b4e       0x7a c:/program files (x86)/cypress/psoc creator/4.4/psoc creator/import/gnu/arm/5.4.1/bin/../lib/gcc/arm-none-eabi/5.4.1/../../../../arm-none-eabi/lib/armv6-m\libg_nano.a(lib_a-mprec.o)
                0x00002b4e                __multadd
 .text.__hi0bits
                0x00002bc8       0x36 c:/program files (x86)/cypress/psoc creator/4.4/psoc creator/import/gnu/arm/5.4.1/bin/../lib/gcc/arm-none-eabi/5.4.1/../../../../arm-none-eabi/lib/armv6-m\libg_nano.a(lib_a-mprec.o)
                0x00002bc8                __hi0bits
 .text.__lo0bits
                0x00002bfe       0x5e c:/program files (x86)/cypress/psoc creator/4.4/psoc creator/import/gnu/arm/5.4.1/bin/../lib/gcc/arm-none-eabi/5.4.1/../../../../arm-none-eabi/lib/armv6-m\libg_nano.a(lib_a-mprec.o)
                0x00002bfe                __lo0bits
 .text.__i2b    0x00002c5c       0x12 c:/program files (x86)/cypress/psoc creator/4.4/psoc creator/import/gnu/arm/5.4.1/bin/../lib/gcc/arm-none-eabi/5.4.1/../../../../arm-none-eabi/lib/armv6-m\libg_nano.a(lib_a-mprec.o)
                0x00002c5c                __i2b
 .text.__multiply
                0x00002c6e      0x112 c:/program files (x86)/cypress/psoc creator/4.4/psoc creator/import/gnu/arm/5.4.1/bin/../lib/gcc/arm-none-eabi/5.4.1/../../../../arm-none-eabi/lib/armv6-m\libg_nano.a(lib_a-mprec.o)
                0x00002c6e                __multiply
 .text.__pow5mult
                0x00002d80       0xa8 c:/program files (x86)/cypress/psoc creator/4.4/psoc creator/import/gnu/arm/5.4.1/bin/../lib/gcc/arm-none-eabi/5.4.1/../../../../arm-none-eabi/lib/armv6-m\libg_nano.a(lib_a-mprec.o)
                0x00002d80                __pow5mult
 .text.__lshift
                0x00002e28       0xa4 c:/program files (x86)/cypress/psoc creator/4.4/psoc creator/import/gnu/arm/5.4.1/bin/../lib/gcc/arm-none-eabi/5.4.1/../../../../arm-none-eabi/lib/armv6-m\libg_nano.a(lib_a-mprec.o)
                0x00002e28                __lshift
 .text.__mcmp   0x00002ecc       0x36 c:/program files (x86)/cypress/psoc creator/4.4/psoc creator/import/gnu/arm/5.4.1/bin/../lib/gcc/arm-none-eabi/5.4.1/../../../../arm-none-eabi/lib/armv6-m\libg_nano.a(lib_a-mprec.o)
                0x00002ecc                __mcmp
 .text.__mdiff  0x00002f02       0xd6 c:/program files (x86)/cypress/psoc creator/4.4/psoc creator/import/gnu/arm/5.4.1/bin/../lib/gcc/arm-none-eabi/5.4.1/../../../../arm-none-eabi/lib/armv6-m\libg_nano.a(lib_a-mprec.o)
                0x00002f02                __mdiff
 .text.__d2b    0x00002fd8       0xa8 c:/program files (x86)/cypress/psoc creator/4.4/psoc creator/import/gnu/arm/5.4.1/bin/../lib/gcc/arm-none-eabi/5.4.1/../../../../arm-none-eabi/lib/armv6-m\libg_nano.a(lib_a-mprec.o)
                0x00002fd8                __d2b
 .text._calloc_r
                0x00003080       0x1c c:/program files (x86)/cypress/psoc creator/4.4/psoc creator/import/gnu/arm/5.4.1/bin/../lib/gcc/arm-none-eabi/5.4.1/../../../../arm-none-eabi/lib/armv6-m\libg_nano.a(lib_a-nano-callocr.o)
                0x00003080                _calloc_r
 .text._malloc_r
                0x0000309c       0xc0 c:/program files (x86)/cypress/psoc creator/4.4/psoc creator/import/gnu/arm/5.4.1/bin/../lib/gcc/arm-none-eabi/5.4.1/../../../../arm-none-eabi/lib/armv6-m\libg_nano.a(lib_a-nano-mallocr.o)
                0x0000309c                _malloc_r
 .text._sbrk_r  0x0000315c       0x24 c:/program files (x86)/cypress/psoc creator/4.4/psoc creator/import/gnu/arm/5.4.1/bin/../lib/gcc/arm-none-eabi/5.4.1/../../../../arm-none-eabi/lib/armv6-m\libg_nano.a(lib_a-sbrkr.o)
                0x0000315c                _sbrk_r
 .text.__malloc_lock
                0x00003180        0x2 c:/program files (x86)/cypress/psoc creator/4.4/psoc creator/import/gnu/arm/5.4.1/bin/../lib/gcc/arm-none-eabi/5.4.1/../../../../arm-none-eabi/lib/armv6-m\libg_nano.a(lib_a-mlock.o)
                0x00003180                __malloc_lock
 .text.__malloc_unlock
                0x00003182        0x2 c:/program files (x86)/cypress/psoc creator/4.4/psoc creator/import/gnu/arm/5.4.1/bin/../lib/gcc/arm-none-eabi/5.4.1/../../../../arm-none-eabi/lib/armv6-m\libg_nano.a(lib_a-mlock.o)
                0x00003182                __malloc_unlock
 .text          0x00003184       0x14 c:/program files (x86)/cypress/psoc creator/4.4/psoc creator/import/gnu/arm/5.4.1/bin/../lib/gcc/arm-none-eabi/5.4.1/armv6-m\libgcc.a(_thumb1_case_uqi.o)
                0x00003184                __gnu_thumb1_case_uqi
 .text          0x00003198       0x7c c:/program files (x86)/cypress/psoc creator/4.4/psoc creator/import/gnu/arm/5.4.1/bin/../lib/gcc/arm-none-eabi/5.4.1/armv6-m\libgcc.a(_arm_cmpdf2.o)
                0x00003198                __aeabi_cdrcmple
                0x000031a8                __aeabi_cdcmple
                0x000031a8                __aeabi_cdcmpeq
                0x000031b8                __aeabi_dcmpeq
                0x000031c4                __aeabi_dcmplt
                0x000031d8                __aeabi_dcmple
                0x000031ec                __aeabi_dcmpgt
                0x00003200                __aeabi_dcmpge
 .text          0x00003214      0x62c c:/program files (x86)/cypress/psoc creator/4.4/psoc creator/import/gnu/arm/5.4.1/bin/../lib/gcc/arm-none-eabi/5.4.1/armv6-m\libgcc.a(divdf3.o)
                0x00003214                __aeabi_ddiv
 .text          0x00003840       0x80 c:/program files (x86)/cypress/psoc creator/4.4/psoc creator/import/gnu/arm/5.4.1/bin/../lib/gcc/arm-none-eabi/5.4.1/armv6-m\libgcc.a(eqdf2.o)
                0x00003840                __nedf2
                0x00003840                __eqdf2
 .text          0x000038c0       0xc8 c:/program files (x86)/cypress/psoc creator/4.4/psoc creator/import/gnu/arm/5.4.1/bin/../lib/gcc/arm-none-eabi/5.4.1/armv6-m\libgcc.a(gedf2.o)
                0x000038c0                __gedf2
                0x000038c0                __gtdf2
 .text          0x00003988       0xd4 c:/program files (x86)/cypress/psoc creator/4.4/psoc creator/import/gnu/arm/5.4.1/bin/../lib/gcc/arm-none-eabi/5.4.1/armv6-m\libgcc.a(ledf2.o)
                0x00003988                __ledf2
                0x00003988                __ltdf2
 .text          0x00003a5c      0x4f4 c:/program files (x86)/cypress/psoc creator/4.4/psoc creator/import/gnu/arm/5.4.1/bin/../lib/gcc/arm-none-eabi/5.4.1/armv6-m\libgcc.a(muldf3.o)
                0x00003a5c                __aeabi_dmul
 .text          0x00003f50      0x6a8 c:/program files (x86)/cypress/psoc creator/4.4/psoc creator/import/gnu/arm/5.4.1/bin/../lib/gcc/arm-none-eabi/5.4.1/armv6-m\libgcc.a(subdf3.o)
                0x00003f50                __aeabi_dsub
 .text          0x000045f8       0x40 c:/program files (x86)/cypress/psoc creator/4.4/psoc creator/import/gnu/arm/5.4.1/bin/../lib/gcc/arm-none-eabi/5.4.1/armv6-m\libgcc.a(unorddf2.o)
                0x000045f8                __aeabi_dcmpun
 .text          0x00004638       0x84 c:/program files (x86)/cypress/psoc creator/4.4/psoc creator/import/gnu/arm/5.4.1/bin/../lib/gcc/arm-none-eabi/5.4.1/armv6-m\libgcc.a(floatsidf.o)
                0x00004638                __aeabi_i2d
 .text          0x000046bc       0x70 c:/program files (x86)/cypress/psoc creator/4.4/psoc creator/import/gnu/arm/5.4.1/bin/../lib/gcc/arm-none-eabi/5.4.1/armv6-m\libgcc.a(floatunsidf.o)
                0x000046bc                __aeabi_ui2d
 *(.plt)
 *(.gnu.warning)
 *(.glue_7t)
 .glue_7t       0x0000472c        0x0 linker stubs
 *(.glue_7)
 .glue_7        0x0000472c        0x0 linker stubs
 *(.vfp11_veneer)
 .vfp11_veneer  0x0000472c        0x0 linker stubs
 *(.bootloader)
 *(.ARM.extab* .gnu.linkonce.armextab.*)
 *(.gcc_except_table)

.v4_bx          0x0000472c        0x0
 .v4_bx         0x0000472c        0x0 linker stubs

.iplt           0x0000472c        0x0
 .iplt          0x0000472c        0x0 c:/program files (x86)/cypress/psoc creator/4.4/psoc creator/import/gnu/arm/5.4.1/bin/../lib/gcc/arm-none-eabi/5.4.1/armv6-m/crtbegin.o

.eh_frame_hdr
 *(.eh_frame_hdr)

.eh_frame       0x0000472c        0x4
 *(.eh_frame)
 .eh_frame      0x0000472c        0x0 c:/program files (x86)/cypress/psoc creator/4.4/psoc creator/import/gnu/arm/5.4.1/bin/../lib/gcc/arm-none-eabi/5.4.1/armv6-m/crtbegin.o
 .eh_frame      0x0000472c        0x4 c:/program files (x86)/cypress/psoc creator/4.4/psoc creator/import/gnu/arm/5.4.1/bin/../lib/gcc/arm-none-eabi/5.4.1/armv6-m/crtend.o
                [!provide]                PROVIDE (__exidx_start, .)

.ARM.exidx
 *(.ARM.exidx* .gnu.linkonce.armexidx.*)
                0x00004730                __exidx_end = .

.rodata         0x00004730      0x448
 *(.rodata .rodata.* .gnu.linkonce.r.*)
 .rodata        0x00004730      0x234 .\CortexM0\ARM_GCC_541\Debug\cyfitter_cfg.o
 .rodata        0x00004964       0x2e .\CortexM0\ARM_GCC_541\Debug\DesignAttempt01.a(CyLib.o)
                0x00004964                cyImoFreqMhz2Reg
 .rodata.str1.1
                0x00004992        0x2 c:/program files (x86)/cypress/psoc creator/4.4/psoc creator/import/gnu/arm/5.4.1/bin/../lib/gcc/arm-none-eabi/5.4.1/../../../../arm-none-eabi/lib/armv6-m\libg_nano.a(lib_a-impure.o)
 .rodata.str1.1
                0x00004994       0x12 c:/program files (x86)/cypress/psoc creator/4.4/psoc creator/import/gnu/arm/5.4.1/bin/../lib/gcc/arm-none-eabi/5.4.1/../../../../arm-none-eabi/lib/armv6-m\libg_nano.a(lib_a-nano-vfprintf_float.o)
 .rodata.str1.1
                0x000049a6        0xd c:/program files (x86)/cypress/psoc creator/4.4/psoc creator/import/gnu/arm/5.4.1/bin/../lib/gcc/arm-none-eabi/5.4.1/../../../../arm-none-eabi/lib/armv6-m\libg_nano.a(lib_a-dtoa.o)
                                  0xf (size before relaxing)
 .rodata.str1.1
                0x000049b3        0x8 c:/program files (x86)/cypress/psoc creator/4.4/psoc creator/import/gnu/arm/5.4.1/bin/../lib/gcc/arm-none-eabi/5.4.1/../../../../arm-none-eabi/lib/armv6-m\libg_nano.a(lib_a-locale.o)
                                  0xb (size before relaxing)
 *fill*         0x000049bb        0x5 
 .rodata.__mprec_tens
                0x000049c0       0xc8 c:/program files (x86)/cypress/psoc creator/4.4/psoc creator/import/gnu/arm/5.4.1/bin/../lib/gcc/arm-none-eabi/5.4.1/../../../../arm-none-eabi/lib/armv6-m\libg_nano.a(lib_a-mprec.o)
                0x000049c0                __mprec_tens
 .rodata.p05.5408
                0x00004a88        0xc c:/program files (x86)/cypress/psoc creator/4.4/psoc creator/import/gnu/arm/5.4.1/bin/../lib/gcc/arm-none-eabi/5.4.1/../../../../arm-none-eabi/lib/armv6-m\libg_nano.a(lib_a-mprec.o)
 *fill*         0x00004a94        0x4 
 .rodata.__mprec_bigtens
                0x00004a98       0x28 c:/program files (x86)/cypress/psoc creator/4.4/psoc creator/import/gnu/arm/5.4.1/bin/../lib/gcc/arm-none-eabi/5.4.1/../../../../arm-none-eabi/lib/armv6-m\libg_nano.a(lib_a-mprec.o)
                0x00004a98                __mprec_bigtens
 .rodata        0x00004ac0       0x40 c:/program files (x86)/cypress/psoc creator/4.4/psoc creator/import/gnu/arm/5.4.1/bin/../lib/gcc/arm-none-eabi/5.4.1/armv6-m\libgcc.a(divdf3.o)
 .rodata        0x00004b00       0x40 c:/program files (x86)/cypress/psoc creator/4.4/psoc creator/import/gnu/arm/5.4.1/bin/../lib/gcc/arm-none-eabi/5.4.1/armv6-m\libgcc.a(muldf3.o)
                0x00004b40                . = ALIGN (0x4)
 *(.init)
 .init          0x00004b40        0x4 c:/program files (x86)/cypress/psoc creator/4.4/psoc creator/import/gnu/arm/5.4.1/bin/../lib/gcc/arm-none-eabi/5.4.1/armv6-m/crti.o
                0x00004b40                _init
 .init          0x00004b44        0x8 c:/program files (x86)/cypress/psoc creator/4.4/psoc creator/import/gnu/arm/5.4.1/bin/../lib/gcc/arm-none-eabi/5.4.1/armv6-m/crtn.o
                0x00004b4c                . = ALIGN (0x4)
                0x00004b4c                __preinit_array_start = .
 *(.preinit_array)
                0x00004b4c                __preinit_array_end = .
                0x00004b4c                . = ALIGN (0x4)
                0x00004b4c                __init_array_start = .
 *(SORT(.init_array.*))
 *(.init_array)
 .init_array    0x00004b4c        0x4 c:/program files (x86)/cypress/psoc creator/4.4/psoc creator/import/gnu/arm/5.4.1/bin/../lib/gcc/arm-none-eabi/5.4.1/armv6-m/crtbegin.o
 .init_array    0x00004b50        0x4 .\CortexM0\ARM_GCC_541\Debug\Cm0Start.o
                0x00004b54                __init_array_end = .
                0x00004b54                . = ALIGN (0x4)
 *(.fini)
 .fini          0x00004b54        0x4 c:/program files (x86)/cypress/psoc creator/4.4/psoc creator/import/gnu/arm/5.4.1/bin/../lib/gcc/arm-none-eabi/5.4.1/armv6-m/crti.o
                0x00004b54                _fini
 .fini          0x00004b58        0x8 c:/program files (x86)/cypress/psoc creator/4.4/psoc creator/import/gnu/arm/5.4.1/bin/../lib/gcc/arm-none-eabi/5.4.1/armv6-m/crtn.o
                0x00004b60                . = ALIGN (0x4)
                0x00004b60                __fini_array_start = .
 *(.fini_array)
 .fini_array    0x00004b60        0x4 c:/program files (x86)/cypress/psoc creator/4.4/psoc creator/import/gnu/arm/5.4.1/bin/../lib/gcc/arm-none-eabi/5.4.1/armv6-m/crtbegin.o
 *(SORT(.fini_array.*))
                0x00004b64                __fini_array_end = .
                0x00004b64                . = ALIGN (0x4)
 *crtbegin.o(.ctors)
 *(EXCLUDE_FILE(*crtend.o) .ctors)
 *(SORT(.ctors.*))
 *crtend.o(.ctors)
                0x00004b64                . = ALIGN (0x4)
 *crtbegin.o(.dtors)
 *(EXCLUDE_FILE(*crtend.o) .dtors)
 *(SORT(.dtors.*))
 *crtend.o(.dtors)
                0x00004b64                . = ALIGN (0x4)
                0x00004b64                __cy_regions = .
                0x00004b64        0x4 LONG 0x4b78 __cy_region_init_ram
                0x00004b68        0x4 LONG 0x200000c0 __cy_region_start_data
                0x00004b6c        0x4 LONG 0xd0 __cy_region_init_size_ram
                0x00004b70        0x4 LONG 0x248 __cy_region_zero_size_ram
                0x00004b74                __cy_regions_end = .
                0x00004b78                . = ALIGN (0x8)
 *fill*         0x00004b74        0x4 
                0x00004b78                _etext = .

.cy_checksum_exclude
                0x00004b78        0x0
 *(.cy_checksum_exclude)

.ramvectors     0x20000000       0xc0
                0x20000000                __cy_region_start_ram = .
 *(.ramvectors)
 .ramvectors    0x20000000       0xc0 .\CortexM0\ARM_GCC_541\Debug\Cm0Start.o
                0x20000000                CyRamVectors

.noinit
 *(.noinit)

.data           0x200000c0       0xd0 load address 0x00004b78
                0x200000c0                __cy_region_start_data = .
 *(.jcr)
 .jcr           0x200000c0        0x0 c:/program files (x86)/cypress/psoc creator/4.4/psoc creator/import/gnu/arm/5.4.1/bin/../lib/gcc/arm-none-eabi/5.4.1/armv6-m/crtbegin.o
 .jcr           0x200000c0        0x4 c:/program files (x86)/cypress/psoc creator/4.4/psoc creator/import/gnu/arm/5.4.1/bin/../lib/gcc/arm-none-eabi/5.4.1/armv6-m/crtend.o
 *(.got.plt)
 *(.got)
 *(.shdata)
 *(.data .data.* .gnu.linkonce.d.*)
 .data          0x200000c4        0x4 .\CortexM0\ARM_GCC_541\Debug\Cm0Start.o
 .data          0x200000c8       0x14 .\CortexM0\ARM_GCC_541\Debug\DesignAttempt01.a(CyLib.o)
                0x200000c8                CySysClkPumpConfig
                0x200000cc                cydelay32kMs
                0x200000d0                cydelayFreqKhz
                0x200000d4                cydelayFreqMhz
                0x200000d8                cydelayFreqHz
 .data          0x200000dc        0x8 .\CortexM0\ARM_GCC_541\Debug\DesignAttempt01.a(CyLFClk.o)
 .data          0x200000e4        0xc .\CortexM0\ARM_GCC_541\Debug\DesignAttempt01.a(UART.o)
                0x200000e4                UART_pinDrAdress
                0x200000e8                UART_pinPortNumber
                0x200000ec                UART_pinNumber
 .data.impure_data
                0x200000f0       0x60 c:/program files (x86)/cypress/psoc creator/4.4/psoc creator/import/gnu/arm/5.4.1/bin/../lib/gcc/arm-none-eabi/5.4.1/../../../../arm-none-eabi/lib/armv6-m\libg_nano.a(lib_a-impure.o)
 .data._impure_ptr
                0x20000150        0x4 c:/program files (x86)/cypress/psoc creator/4.4/psoc creator/import/gnu/arm/5.4.1/bin/../lib/gcc/arm-none-eabi/5.4.1/../../../../arm-none-eabi/lib/armv6-m\libg_nano.a(lib_a-impure.o)
                0x20000150                _impure_ptr
 .data.lconv    0x20000154       0x38 c:/program files (x86)/cypress/psoc creator/4.4/psoc creator/import/gnu/arm/5.4.1/bin/../lib/gcc/arm-none-eabi/5.4.1/../../../../arm-none-eabi/lib/armv6-m\libg_nano.a(lib_a-locale.o)
                0x20000190                . = ALIGN (0x8)
 *fill*         0x2000018c        0x4 
 *(.ram)
                0x20000190                _edata = .

.igot.plt       0x20000190        0x0 load address 0x00004c48
 .igot.plt      0x20000190        0x0 c:/program files (x86)/cypress/psoc creator/4.4/psoc creator/import/gnu/arm/5.4.1/bin/../lib/gcc/arm-none-eabi/5.4.1/armv6-m/crtbegin.o

.bss            0x20000190      0x248 load address 0x00004c48
                0x20000190                PROVIDE (__bss_start__, .)
 *(.shbss)
 *(.bss .bss.* .gnu.linkonce.b.*)
 .bss           0x20000190       0x1c c:/program files (x86)/cypress/psoc creator/4.4/psoc creator/import/gnu/arm/5.4.1/bin/../lib/gcc/arm-none-eabi/5.4.1/armv6-m/crtbegin.o
 .bss           0x200001ac       0x42 .\CortexM0\ARM_GCC_541\Debug\main.o
                0x200001ac                rxCount
                0x200001b0                rxString
                0x200001d0                comString
 *fill*         0x200001ee        0x2 
 .bss           0x200001f0       0x28 .\CortexM0\ARM_GCC_541\Debug\DesignAttempt01.a(CyLFClk.o)
 .bss           0x20000218        0xa .\CortexM0\ARM_GCC_541\Debug\DesignAttempt01.a(UART_RPi.o)
                0x20000218                UART_RPi_initVar
                0x2000021c                UART_RPi_customIntrHandler
                0x20000220                UART_RPi_IntrTxMask
 *fill*         0x20000222        0x2 
 .bss.__malloc_sbrk_start
                0x20000224        0x4 c:/program files (x86)/cypress/psoc creator/4.4/psoc creator/import/gnu/arm/5.4.1/bin/../lib/gcc/arm-none-eabi/5.4.1/../../../../arm-none-eabi/lib/armv6-m\libg_nano.a(lib_a-nano-mallocr.o)
                0x20000224                __malloc_sbrk_start
 .bss.__malloc_free_list
                0x20000228        0x4 c:/program files (x86)/cypress/psoc creator/4.4/psoc creator/import/gnu/arm/5.4.1/bin/../lib/gcc/arm-none-eabi/5.4.1/../../../../arm-none-eabi/lib/armv6-m\libg_nano.a(lib_a-nano-mallocr.o)
                0x20000228                __malloc_free_list
 *(COMMON)
 COMMON         0x2000022c      0x1a8 .\CortexM0\ARM_GCC_541\Debug\DesignAttempt01.a(UART_RPi_SPI_UART.o)
                0x2000022c                UART_RPi_rxBufferInternal
                0x200002f8                UART_RPi_rxBufferHead
                0x200002fc                UART_RPi_rxBufferOverflow
                0x20000300                UART_RPi_txBufferHead
                0x20000304                UART_RPi_txBufferTail
                0x20000308                UART_RPi_rxBufferTail
                0x2000030c                UART_RPi_txBufferInternal
 COMMON         0x200003d4        0x4 c:/program files (x86)/cypress/psoc creator/4.4/psoc creator/import/gnu/arm/5.4.1/bin/../lib/gcc/arm-none-eabi/5.4.1/../../../../arm-none-eabi/lib/armv6-m\libg_nano.a(lib_a-reent.o)
                0x200003d4                errno
                0x200003d8                . = ALIGN (0x8)
 *(.ram.b)
                0x200003d8                _end = .
                0x200003d8                __end = .
                0x200003d8                PROVIDE (end, .)
                0x200003d8                PROVIDE (__bss_end__, .)
                0x00004b78                __cy_region_init_ram = LOADADDR (.data)
                0x000000d0                __cy_region_init_size_ram = (_edata - ADDR (.data))
                0x00000248                __cy_region_zero_size_ram = (_end - _edata)

.heap           0x200003d8      0x400 load address 0x00004c48
                0x200003d8                . = _end
                0x200007d8                . = (. + 0x400)
 *fill*         0x200003d8      0x400 
                0x200007d8                __cy_heap_limit = .

.stack          0x20003800      0x800
                0x20003800                __cy_stack_limit = .
                0x20004000                . = (. + 0x800)
 *fill*         0x20003800      0x800 
                0x00000001                ASSERT ((__cy_stack_limit >= __cy_heap_limit), region RAM overflowed with stack)
                0x00000000                cy_checksum_exclude_size = (CY_APPL_LOADABLE == 0x1)?SIZEOF (.cy_checksum_exclude):0x0
                0x00000001                ASSERT ((cy_checksum_exclude_size <= CY_CHECKSUM_EXCLUDE_SIZE), CY_BOOT: Section .cy_checksum_exclude size exceedes specified limit.)
                0x0001ffc0                cyloadermeta_start = (cy_project_type_bootloader || cy_project_type_app_for_stack_and_copier)?(LENGTH (rom) - CY_METADATA_SIZE):0xf0000000

.cyloadermeta
 *(.cyloadermeta)
                0x0001ffc0                cyloadablemeta_start = cy_project_type_app_for_stack_and_copier?((LENGTH (rom) - CY_FLASH_ROW_SIZE) - CY_METADATA_SIZE):((LENGTH (rom) - (CY_FLASH_ROW_SIZE * (CY_APPL_NUM - 0x1))) - CY_METADATA_SIZE)

.cyloadablemeta
 *(.cyloadablemeta)

.cyflashprotect
                0x90400000       0x80
 *(.cyflashprotect)
 .cyflashprotect
                0x90400000       0x80 .\CortexM0\ARM_GCC_541\Debug\cymetadata.o
                0x90400000                cy_meta_flashprotect

.cymeta         0x90500000        0xc
 *(.cymeta)
 .cymeta        0x90500000        0xc .\CortexM0\ARM_GCC_541\Debug\cymetadata.o
                0x90500000                cy_metadata

.cychipprotect  0x90600000        0x1
 *(.cychipprotect)
 .cychipprotect
                0x90600000        0x1 .\CortexM0\ARM_GCC_541\Debug\cymetadata.o
                0x90600000                cy_meta_chipprotect

.rel.dyn        0x00004c48        0x0 load address 0x90600004
 .rel.iplt      0x00004c48        0x0 c:/program files (x86)/cypress/psoc creator/4.4/psoc creator/import/gnu/arm/5.4.1/bin/../lib/gcc/arm-none-eabi/5.4.1/armv6-m/crtbegin.o

.stab
 *(.stab)

.stabstr
 *(.stabstr)

.debug
 *(.debug)

.line
 *(.line)

.debug_srcinfo
 *(.debug_srcinfo)

.debug_sfnames
 *(.debug_sfnames)

.debug_aranges  0x00000000      0x9e8
 *(.debug_aranges)
 .debug_aranges
                0x00000000       0x28 .\CortexM0\ARM_GCC_541\Debug\main.o
 .debug_aranges
                0x00000028       0x30 .\CortexM0\ARM_GCC_541\Debug\SBT0811.o
 .debug_aranges
                0x00000058       0x80 .\CortexM0\ARM_GCC_541\Debug\IMU.o
 .debug_aranges
                0x000000d8       0x28 .\CortexM0\ARM_GCC_541\Debug\SG90.o
 .debug_aranges
                0x00000100       0x50 .\CortexM0\ARM_GCC_541\Debug\TB9051.o
 .debug_aranges
                0x00000150       0x40 .\CortexM0\ARM_GCC_541\Debug\cyfitter_cfg.o
 .debug_aranges
                0x00000190       0x18 .\CortexM0\ARM_GCC_541\Debug\cymetadata.o
 .debug_aranges
                0x000001a8       0x48 .\CortexM0\ARM_GCC_541\Debug\Cm0Start.o
 .debug_aranges
                0x000001f0      0x1c8 .\CortexM0\ARM_GCC_541\Debug\DesignAttempt01.a(CyLib.o)
 .debug_aranges
                0x000003b8      0x188 .\CortexM0\ARM_GCC_541\Debug\DesignAttempt01.a(CyLFClk.o)
 .debug_aranges
                0x00000540       0x50 .\CortexM0\ARM_GCC_541\Debug\DesignAttempt01.a(UART.o)
 .debug_aranges
                0x00000590       0x28 .\CortexM0\ARM_GCC_541\Debug\DesignAttempt01.a(StepperDriver.o)
 .debug_aranges
                0x000005b8       0x60 .\CortexM0\ARM_GCC_541\Debug\DesignAttempt01.a(I2C_1.o)
 .debug_aranges
                0x00000618       0x30 .\CortexM0\ARM_GCC_541\Debug\DesignAttempt01.a(I2C_1_I2C.o)
 .debug_aranges
                0x00000648       0x98 .\CortexM0\ARM_GCC_541\Debug\DesignAttempt01.a(I2C_1_I2C_MASTER.o)
 .debug_aranges
                0x000006e0       0xa0 .\CortexM0\ARM_GCC_541\Debug\DesignAttempt01.a(PWM.o)
 .debug_aranges
                0x00000780       0x28 .\CortexM0\ARM_GCC_541\Debug\DesignAttempt01.a(TB9051_EN.o)
 .debug_aranges
                0x000007a8       0x28 .\CortexM0\ARM_GCC_541\Debug\DesignAttempt01.a(QuadPWM.o)
 .debug_aranges
                0x000007d0       0x68 .\CortexM0\ARM_GCC_541\Debug\DesignAttempt01.a(UART_RPi.o)
 .debug_aranges
                0x00000838       0x90 .\CortexM0\ARM_GCC_541\Debug\DesignAttempt01.a(UART_RPi_UART.o)
 .debug_aranges
                0x000008c8       0x20 .\CortexM0\ARM_GCC_541\Debug\DesignAttempt01.a(CyBootAsmGnu.o)
 .debug_aranges
                0x000008e8       0x20 .\CortexM0\ARM_GCC_541\Debug\DesignAttempt01.a(UART_AsmGnu.o)
 .debug_aranges
                0x00000908       0x40 .\CortexM0\ARM_GCC_541\Debug\DesignAttempt01.a(CyFlash.o)
 .debug_aranges
                0x00000948       0x20 .\CortexM0\ARM_GCC_541\Debug\DesignAttempt01.a(I2C_1_I2C_INT.o)
 .debug_aranges
                0x00000968       0x60 .\CortexM0\ARM_GCC_541\Debug\DesignAttempt01.a(UART_RPi_SPI_UART.o)
 .debug_aranges
                0x000009c8       0x20 .\CortexM0\ARM_GCC_541\Debug\DesignAttempt01.a(UART_RPi_SPI_UART_INT.o)

.debug_pubnames
 *(.debug_pubnames)

.debug_info     0x00000000     0x6780
 *(.debug_info .gnu.linkonce.wi.*)
 .debug_info    0x00000000      0x22c .\CortexM0\ARM_GCC_541\Debug\main.o
 .debug_info    0x0000022c      0x440 .\CortexM0\ARM_GCC_541\Debug\SBT0811.o
 .debug_info    0x0000066c      0xd67 .\CortexM0\ARM_GCC_541\Debug\IMU.o
 .debug_info    0x000013d3      0x1a1 .\CortexM0\ARM_GCC_541\Debug\SG90.o
 .debug_info    0x00001574      0x459 .\CortexM0\ARM_GCC_541\Debug\TB9051.o
 .debug_info    0x000019cd      0x3bc .\CortexM0\ARM_GCC_541\Debug\cyfitter_cfg.o
 .debug_info    0x00001d89       0xf8 .\CortexM0\ARM_GCC_541\Debug\cymetadata.o
 .debug_info    0x00001e81      0x3a2 .\CortexM0\ARM_GCC_541\Debug\Cm0Start.o
 .debug_info    0x00002223      0xd40 .\CortexM0\ARM_GCC_541\Debug\DesignAttempt01.a(CyLib.o)
 .debug_info    0x00002f63     0x1058 .\CortexM0\ARM_GCC_541\Debug\DesignAttempt01.a(CyLFClk.o)
 .debug_info    0x00003fbb      0x2c4 .\CortexM0\ARM_GCC_541\Debug\DesignAttempt01.a(UART.o)
 .debug_info    0x0000427f       0xd6 .\CortexM0\ARM_GCC_541\Debug\DesignAttempt01.a(StepperDriver.o)
 .debug_info    0x00004355      0x298 .\CortexM0\ARM_GCC_541\Debug\DesignAttempt01.a(I2C_1.o)
 .debug_info    0x000045ed      0x195 .\CortexM0\ARM_GCC_541\Debug\DesignAttempt01.a(I2C_1_I2C.o)
 .debug_info    0x00004782      0x813 .\CortexM0\ARM_GCC_541\Debug\DesignAttempt01.a(I2C_1_I2C_MASTER.o)
 .debug_info    0x00004f95      0x395 .\CortexM0\ARM_GCC_541\Debug\DesignAttempt01.a(PWM.o)
 .debug_info    0x0000532a       0xd6 .\CortexM0\ARM_GCC_541\Debug\DesignAttempt01.a(TB9051_EN.o)
 .debug_info    0x00005400       0xe9 .\CortexM0\ARM_GCC_541\Debug\DesignAttempt01.a(QuadPWM.o)
 .debug_info    0x000054e9      0x2e9 .\CortexM0\ARM_GCC_541\Debug\DesignAttempt01.a(UART_RPi.o)
 .debug_info    0x000057d2      0x49d .\CortexM0\ARM_GCC_541\Debug\DesignAttempt01.a(UART_RPi_UART.o)
 .debug_info    0x00005c6f       0x91 .\CortexM0\ARM_GCC_541\Debug\DesignAttempt01.a(CyBootAsmGnu.o)
 .debug_info    0x00005d00       0x90 .\CortexM0\ARM_GCC_541\Debug\DesignAttempt01.a(UART_AsmGnu.o)
 .debug_info    0x00005d90      0x350 .\CortexM0\ARM_GCC_541\Debug\DesignAttempt01.a(CyFlash.o)
 .debug_info    0x000060e0      0x1a8 .\CortexM0\ARM_GCC_541\Debug\DesignAttempt01.a(I2C_1_I2C_INT.o)
 .debug_info    0x00006288      0x372 .\CortexM0\ARM_GCC_541\Debug\DesignAttempt01.a(UART_RPi_SPI_UART.o)
 .debug_info    0x000065fa      0x186 .\CortexM0\ARM_GCC_541\Debug\DesignAttempt01.a(UART_RPi_SPI_UART_INT.o)

.debug_abbrev   0x00000000     0x1b5f
 *(.debug_abbrev)
 .debug_abbrev  0x00000000       0xfe .\CortexM0\ARM_GCC_541\Debug\main.o
 .debug_abbrev  0x000000fe      0x108 .\CortexM0\ARM_GCC_541\Debug\SBT0811.o
 .debug_abbrev  0x00000206      0x125 .\CortexM0\ARM_GCC_541\Debug\IMU.o
 .debug_abbrev  0x0000032b       0xef .\CortexM0\ARM_GCC_541\Debug\SG90.o
 .debug_abbrev  0x0000041a       0xd9 .\CortexM0\ARM_GCC_541\Debug\TB9051.o
 .debug_abbrev  0x000004f3      0x1af .\CortexM0\ARM_GCC_541\Debug\cyfitter_cfg.o
 .debug_abbrev  0x000006a2       0x5d .\CortexM0\ARM_GCC_541\Debug\cymetadata.o
 .debug_abbrev  0x000006ff      0x1d7 .\CortexM0\ARM_GCC_541\Debug\Cm0Start.o
 .debug_abbrev  0x000008d6      0x20b .\CortexM0\ARM_GCC_541\Debug\DesignAttempt01.a(CyLib.o)
 .debug_abbrev  0x00000ae1      0x248 .\CortexM0\ARM_GCC_541\Debug\DesignAttempt01.a(CyLFClk.o)
 .debug_abbrev  0x00000d29      0x109 .\CortexM0\ARM_GCC_541\Debug\DesignAttempt01.a(UART.o)
 .debug_abbrev  0x00000e32       0x81 .\CortexM0\ARM_GCC_541\Debug\DesignAttempt01.a(StepperDriver.o)
 .debug_abbrev  0x00000eb3      0x118 .\CortexM0\ARM_GCC_541\Debug\DesignAttempt01.a(I2C_1.o)
 .debug_abbrev  0x00000fcb       0xc7 .\CortexM0\ARM_GCC_541\Debug\DesignAttempt01.a(I2C_1_I2C.o)
 .debug_abbrev  0x00001092      0x1c2 .\CortexM0\ARM_GCC_541\Debug\DesignAttempt01.a(I2C_1_I2C_MASTER.o)
 .debug_abbrev  0x00001254      0x151 .\CortexM0\ARM_GCC_541\Debug\DesignAttempt01.a(PWM.o)
 .debug_abbrev  0x000013a5       0x81 .\CortexM0\ARM_GCC_541\Debug\DesignAttempt01.a(TB9051_EN.o)
 .debug_abbrev  0x00001426       0x8c .\CortexM0\ARM_GCC_541\Debug\DesignAttempt01.a(QuadPWM.o)
 .debug_abbrev  0x000014b2      0x118 .\CortexM0\ARM_GCC_541\Debug\DesignAttempt01.a(UART_RPi.o)
 .debug_abbrev  0x000015ca      0x145 .\CortexM0\ARM_GCC_541\Debug\DesignAttempt01.a(UART_RPi_UART.o)
 .debug_abbrev  0x0000170f       0x14 .\CortexM0\ARM_GCC_541\Debug\DesignAttempt01.a(CyBootAsmGnu.o)
 .debug_abbrev  0x00001723       0x14 .\CortexM0\ARM_GCC_541\Debug\DesignAttempt01.a(UART_AsmGnu.o)
 .debug_abbrev  0x00001737      0x182 .\CortexM0\ARM_GCC_541\Debug\DesignAttempt01.a(CyFlash.o)
 .debug_abbrev  0x000018b9       0xa4 .\CortexM0\ARM_GCC_541\Debug\DesignAttempt01.a(I2C_1_I2C_INT.o)
 .debug_abbrev  0x0000195d      0x168 .\CortexM0\ARM_GCC_541\Debug\DesignAttempt01.a(UART_RPi_SPI_UART.o)
 .debug_abbrev  0x00001ac5       0x9a .\CortexM0\ARM_GCC_541\Debug\DesignAttempt01.a(UART_RPi_SPI_UART_INT.o)

.debug_line     0x00000000     0x285b
 *(.debug_line)
 .debug_line    0x00000000      0x127 .\CortexM0\ARM_GCC_541\Debug\main.o
 .debug_line    0x00000127      0x14c .\CortexM0\ARM_GCC_541\Debug\SBT0811.o
 .debug_line    0x00000273      0x205 .\CortexM0\ARM_GCC_541\Debug\IMU.o
 .debug_line    0x00000478       0x7a .\CortexM0\ARM_GCC_541\Debug\SG90.o
 .debug_line    0x000004f2      0x11b .\CortexM0\ARM_GCC_541\Debug\TB9051.o
 .debug_line    0x0000060d      0x18b .\CortexM0\ARM_GCC_541\Debug\cyfitter_cfg.o
 .debug_line    0x00000798      0x141 .\CortexM0\ARM_GCC_541\Debug\cymetadata.o
 .debug_line    0x000008d9      0x236 .\CortexM0\ARM_GCC_541\Debug\Cm0Start.o
 .debug_line    0x00000b0f      0x563 .\CortexM0\ARM_GCC_541\Debug\DesignAttempt01.a(CyLib.o)
 .debug_line    0x00001072      0x5d1 .\CortexM0\ARM_GCC_541\Debug\DesignAttempt01.a(CyLFClk.o)
 .debug_line    0x00001643       0xea .\CortexM0\ARM_GCC_541\Debug\DesignAttempt01.a(UART.o)
 .debug_line    0x0000172d       0x76 .\CortexM0\ARM_GCC_541\Debug\DesignAttempt01.a(StepperDriver.o)
 .debug_line    0x000017a3      0x128 .\CortexM0\ARM_GCC_541\Debug\DesignAttempt01.a(I2C_1.o)
 .debug_line    0x000018cb       0xc6 .\CortexM0\ARM_GCC_541\Debug\DesignAttempt01.a(I2C_1_I2C.o)
 .debug_line    0x00001991      0x300 .\CortexM0\ARM_GCC_541\Debug\DesignAttempt01.a(I2C_1_I2C_MASTER.o)
 .debug_line    0x00001c91      0x1a8 .\CortexM0\ARM_GCC_541\Debug\DesignAttempt01.a(PWM.o)
 .debug_line    0x00001e39       0x72 .\CortexM0\ARM_GCC_541\Debug\DesignAttempt01.a(TB9051_EN.o)
 .debug_line    0x00001eab       0x7b .\CortexM0\ARM_GCC_541\Debug\DesignAttempt01.a(QuadPWM.o)
 .debug_line    0x00001f26      0x144 .\CortexM0\ARM_GCC_541\Debug\DesignAttempt01.a(UART_RPi.o)
 .debug_line    0x0000206a      0x207 .\CortexM0\ARM_GCC_541\Debug\DesignAttempt01.a(UART_RPi_UART.o)
 .debug_line    0x00002271       0x68 .\CortexM0\ARM_GCC_541\Debug\DesignAttempt01.a(CyBootAsmGnu.o)
 .debug_line    0x000022d9       0x9d .\CortexM0\ARM_GCC_541\Debug\DesignAttempt01.a(UART_AsmGnu.o)
 .debug_line    0x00002376      0x173 .\CortexM0\ARM_GCC_541\Debug\DesignAttempt01.a(CyFlash.o)
 .debug_line    0x000024e9      0x162 .\CortexM0\ARM_GCC_541\Debug\DesignAttempt01.a(I2C_1_I2C_INT.o)
 .debug_line    0x0000264b      0x156 .\CortexM0\ARM_GCC_541\Debug\DesignAttempt01.a(UART_RPi_SPI_UART.o)
 .debug_line    0x000027a1       0xba .\CortexM0\ARM_GCC_541\Debug\DesignAttempt01.a(UART_RPi_SPI_UART_INT.o)

.debug_frame    0x00000000     0x23e4
 *(.debug_frame)
 .debug_frame   0x00000000       0x4c .\CortexM0\ARM_GCC_541\Debug\main.o
 .debug_frame   0x0000004c       0x68 .\CortexM0\ARM_GCC_541\Debug\SBT0811.o
 .debug_frame   0x000000b4      0x1a4 .\CortexM0\ARM_GCC_541\Debug\IMU.o
 .debug_frame   0x00000258       0x50 .\CortexM0\ARM_GCC_541\Debug\SG90.o
 .debug_frame   0x000002a8       0xdc .\CortexM0\ARM_GCC_541\Debug\TB9051.o
 .debug_frame   0x00000384       0x98 .\CortexM0\ARM_GCC_541\Debug\cyfitter_cfg.o
 .debug_frame   0x0000041c       0xbc .\CortexM0\ARM_GCC_541\Debug\Cm0Start.o
 .debug_frame   0x000004d8      0x48c .\CortexM0\ARM_GCC_541\Debug\DesignAttempt01.a(CyLib.o)
 .debug_frame   0x00000964      0x4a4 .\CortexM0\ARM_GCC_541\Debug\DesignAttempt01.a(CyLFClk.o)
 .debug_frame   0x00000e08       0xc8 .\CortexM0\ARM_GCC_541\Debug\DesignAttempt01.a(UART.o)
 .debug_frame   0x00000ed0       0x30 .\CortexM0\ARM_GCC_541\Debug\DesignAttempt01.a(StepperDriver.o)
 .debug_frame   0x00000f00       0xe8 .\CortexM0\ARM_GCC_541\Debug\DesignAttempt01.a(I2C_1.o)
 .debug_frame   0x00000fe8       0x58 .\CortexM0\ARM_GCC_541\Debug\DesignAttempt01.a(I2C_1_I2C.o)
 .debug_frame   0x00001040      0x1d8 .\CortexM0\ARM_GCC_541\Debug\DesignAttempt01.a(I2C_1_I2C_MASTER.o)
 .debug_frame   0x00001218      0x154 .\CortexM0\ARM_GCC_541\Debug\DesignAttempt01.a(PWM.o)
 .debug_frame   0x0000136c       0x30 .\CortexM0\ARM_GCC_541\Debug\DesignAttempt01.a(TB9051_EN.o)
 .debug_frame   0x0000139c       0x30 .\CortexM0\ARM_GCC_541\Debug\DesignAttempt01.a(QuadPWM.o)
 .debug_frame   0x000013cc      0x104 .\CortexM0\ARM_GCC_541\Debug\DesignAttempt01.a(UART_RPi.o)
 .debug_frame   0x000014d0      0x150 .\CortexM0\ARM_GCC_541\Debug\DesignAttempt01.a(UART_RPi_UART.o)
 .debug_frame   0x00001620       0x90 .\CortexM0\ARM_GCC_541\Debug\DesignAttempt01.a(CyFlash.o)
 .debug_frame   0x000016b0       0x2c .\CortexM0\ARM_GCC_541\Debug\DesignAttempt01.a(I2C_1_I2C_INT.o)
 .debug_frame   0x000016dc       0xc8 .\CortexM0\ARM_GCC_541\Debug\DesignAttempt01.a(UART_RPi_SPI_UART.o)
 .debug_frame   0x000017a4       0x2c .\CortexM0\ARM_GCC_541\Debug\DesignAttempt01.a(UART_RPi_SPI_UART_INT.o)
 .debug_frame   0x000017d0       0x30 c:/program files (x86)/cypress/psoc creator/4.4/psoc creator/import/gnu/arm/5.4.1/bin/../lib/gcc/arm-none-eabi/5.4.1/../../../../arm-none-eabi/lib/armv6-m\libm.a(lib_a-s_round.o)
 .debug_frame   0x00001800       0x20 c:/program files (x86)/cypress/psoc creator/4.4/psoc creator/import/gnu/arm/5.4.1/bin/../lib/gcc/arm-none-eabi/5.4.1/armv6-m\libgcc.a(_udivsi3.o)
 .debug_frame   0x00001820       0x20 c:/program files (x86)/cypress/psoc creator/4.4/psoc creator/import/gnu/arm/5.4.1/bin/../lib/gcc/arm-none-eabi/5.4.1/armv6-m\libgcc.a(_divsi3.o)
 .debug_frame   0x00001840       0x3c c:/program files (x86)/cypress/psoc creator/4.4/psoc creator/import/gnu/arm/5.4.1/bin/../lib/gcc/arm-none-eabi/5.4.1/armv6-m\libgcc.a(divsf3.o)
 .debug_frame   0x0000187c       0x2c c:/program files (x86)/cypress/psoc creator/4.4/psoc creator/import/gnu/arm/5.4.1/bin/../lib/gcc/arm-none-eabi/5.4.1/armv6-m\libgcc.a(eqsf2.o)
 .debug_frame   0x000018a8       0x30 c:/program files (x86)/cypress/psoc creator/4.4/psoc creator/import/gnu/arm/5.4.1/bin/../lib/gcc/arm-none-eabi/5.4.1/armv6-m\libgcc.a(gesf2.o)
 .debug_frame   0x000018d8       0x30 c:/program files (x86)/cypress/psoc creator/4.4/psoc creator/import/gnu/arm/5.4.1/bin/../lib/gcc/arm-none-eabi/5.4.1/armv6-m\libgcc.a(lesf2.o)
 .debug_frame   0x00001908       0x38 c:/program files (x86)/cypress/psoc creator/4.4/psoc creator/import/gnu/arm/5.4.1/bin/../lib/gcc/arm-none-eabi/5.4.1/armv6-m\libgcc.a(mulsf3.o)
 .debug_frame   0x00001940       0x30 c:/program files (x86)/cypress/psoc creator/4.4/psoc creator/import/gnu/arm/5.4.1/bin/../lib/gcc/arm-none-eabi/5.4.1/armv6-m\libgcc.a(subsf3.o)
 .debug_frame   0x00001970       0x20 c:/program files (x86)/cypress/psoc creator/4.4/psoc creator/import/gnu/arm/5.4.1/bin/../lib/gcc/arm-none-eabi/5.4.1/armv6-m\libgcc.a(fixsfsi.o)
 .debug_frame   0x00001990       0x2c c:/program files (x86)/cypress/psoc creator/4.4/psoc creator/import/gnu/arm/5.4.1/bin/../lib/gcc/arm-none-eabi/5.4.1/armv6-m\libgcc.a(floatsisf.o)
 .debug_frame   0x000019bc       0x3c c:/program files (x86)/cypress/psoc creator/4.4/psoc creator/import/gnu/arm/5.4.1/bin/../lib/gcc/arm-none-eabi/5.4.1/armv6-m\libgcc.a(adddf3.o)
 .debug_frame   0x000019f8       0x2c c:/program files (x86)/cypress/psoc creator/4.4/psoc creator/import/gnu/arm/5.4.1/bin/../lib/gcc/arm-none-eabi/5.4.1/armv6-m\libgcc.a(fixdfsi.o)
 .debug_frame   0x00001a24       0x2c c:/program files (x86)/cypress/psoc creator/4.4/psoc creator/import/gnu/arm/5.4.1/bin/../lib/gcc/arm-none-eabi/5.4.1/armv6-m\libgcc.a(extendsfdf2.o)
 .debug_frame   0x00001a50       0x20 c:/program files (x86)/cypress/psoc creator/4.4/psoc creator/import/gnu/arm/5.4.1/bin/../lib/gcc/arm-none-eabi/5.4.1/../../../../arm-none-eabi/lib/armv6-m\libg_nano.a(lib_a-errno.o)
 .debug_frame   0x00001a70       0x28 c:/program files (x86)/cypress/psoc creator/4.4/psoc creator/import/gnu/arm/5.4.1/bin/../lib/gcc/arm-none-eabi/5.4.1/../../../../arm-none-eabi/lib/armv6-m\libg_nano.a(lib_a-exit.o)
 .debug_frame   0x00001a98       0x2c c:/program files (x86)/cypress/psoc creator/4.4/psoc creator/import/gnu/arm/5.4.1/bin/../lib/gcc/arm-none-eabi/5.4.1/../../../../arm-none-eabi/lib/armv6-m\libg_nano.a(lib_a-init.o)
 .debug_frame   0x00001ac4       0x28 c:/program files (x86)/cypress/psoc creator/4.4/psoc creator/import/gnu/arm/5.4.1/bin/../lib/gcc/arm-none-eabi/5.4.1/../../../../arm-none-eabi/lib/armv6-m\libg_nano.a(lib_a-memcpy-stub.o)
 .debug_frame   0x00001aec       0x20 c:/program files (x86)/cypress/psoc creator/4.4/psoc creator/import/gnu/arm/5.4.1/bin/../lib/gcc/arm-none-eabi/5.4.1/../../../../arm-none-eabi/lib/armv6-m\libg_nano.a(lib_a-memset.o)
 .debug_frame   0x00001b0c       0x74 c:/program files (x86)/cypress/psoc creator/4.4/psoc creator/import/gnu/arm/5.4.1/bin/../lib/gcc/arm-none-eabi/5.4.1/../../../../arm-none-eabi/lib/armv6-m\libg_nano.a(lib_a-nano-vfprintf_float.o)
 .debug_frame   0x00001b80       0x54 c:/program files (x86)/cypress/psoc creator/4.4/psoc creator/import/gnu/arm/5.4.1/bin/../lib/gcc/arm-none-eabi/5.4.1/../../../../arm-none-eabi/lib/armv6-m\libg_nano.a(lib_a-nano-vfprintf_i.o)
 .debug_frame   0x00001bd4       0x50 c:/program files (x86)/cypress/psoc creator/4.4/psoc creator/import/gnu/arm/5.4.1/bin/../lib/gcc/arm-none-eabi/5.4.1/../../../../arm-none-eabi/lib/armv6-m\libg_nano.a(lib_a-sprintf.o)
 .debug_frame   0x00001c24       0x20 c:/program files (x86)/cypress/psoc creator/4.4/psoc creator/import/gnu/arm/5.4.1/bin/../lib/gcc/arm-none-eabi/5.4.1/../../../../arm-none-eabi/lib/armv6-m\libg_nano.a(lib_a-strcpy.o)
 .debug_frame   0x00001c44       0x54 c:/program files (x86)/cypress/psoc creator/4.4/psoc creator/import/gnu/arm/5.4.1/bin/../lib/gcc/arm-none-eabi/5.4.1/../../../../arm-none-eabi/lib/armv6-m\libg_nano.a(lib_a-dtoa.o)
 .debug_frame   0x00001c98       0xa4 c:/program files (x86)/cypress/psoc creator/4.4/psoc creator/import/gnu/arm/5.4.1/bin/../lib/gcc/arm-none-eabi/5.4.1/../../../../arm-none-eabi/lib/armv6-m\libg_nano.a(lib_a-locale.o)
 .debug_frame   0x00001d3c       0x40 c:/program files (x86)/cypress/psoc creator/4.4/psoc creator/import/gnu/arm/5.4.1/bin/../lib/gcc/arm-none-eabi/5.4.1/../../../../arm-none-eabi/lib/armv6-m\libg_nano.a(lib_a-malloc.o)
 .debug_frame   0x00001d7c       0x20 c:/program files (x86)/cypress/psoc creator/4.4/psoc creator/import/gnu/arm/5.4.1/bin/../lib/gcc/arm-none-eabi/5.4.1/../../../../arm-none-eabi/lib/armv6-m\libg_nano.a(lib_a-memchr-stub.o)
 .debug_frame   0x00001d9c      0x238 c:/program files (x86)/cypress/psoc creator/4.4/psoc creator/import/gnu/arm/5.4.1/bin/../lib/gcc/arm-none-eabi/5.4.1/../../../../arm-none-eabi/lib/armv6-m\libg_nano.a(lib_a-mprec.o)
 .debug_frame   0x00001fd4       0x2c c:/program files (x86)/cypress/psoc creator/4.4/psoc creator/import/gnu/arm/5.4.1/bin/../lib/gcc/arm-none-eabi/5.4.1/../../../../arm-none-eabi/lib/armv6-m\libg_nano.a(lib_a-nano-callocr.o)
 .debug_frame   0x00002000       0x2c c:/program files (x86)/cypress/psoc creator/4.4/psoc creator/import/gnu/arm/5.4.1/bin/../lib/gcc/arm-none-eabi/5.4.1/../../../../arm-none-eabi/lib/armv6-m\libg_nano.a(lib_a-nano-freer.o)
 .debug_frame   0x0000202c       0x2c c:/program files (x86)/cypress/psoc creator/4.4/psoc creator/import/gnu/arm/5.4.1/bin/../lib/gcc/arm-none-eabi/5.4.1/../../../../arm-none-eabi/lib/armv6-m\libg_nano.a(lib_a-nano-mallocr.o)
 .debug_frame   0x00002058       0x74 c:/program files (x86)/cypress/psoc creator/4.4/psoc creator/import/gnu/arm/5.4.1/bin/../lib/gcc/arm-none-eabi/5.4.1/../../../../arm-none-eabi/lib/armv6-m\libg_nano.a(lib_a-nano-svfprintf.o)
 .debug_frame   0x000020cc       0x2c c:/program files (x86)/cypress/psoc creator/4.4/psoc creator/import/gnu/arm/5.4.1/bin/../lib/gcc/arm-none-eabi/5.4.1/../../../../arm-none-eabi/lib/armv6-m\libg_nano.a(lib_a-sbrkr.o)
 .debug_frame   0x000020f8       0x20 c:/program files (x86)/cypress/psoc creator/4.4/psoc creator/import/gnu/arm/5.4.1/bin/../lib/gcc/arm-none-eabi/5.4.1/../../../../arm-none-eabi/lib/armv6-m\libg_nano.a(lib_a-strcmp.o)
 .debug_frame   0x00002118       0x28 c:/program files (x86)/cypress/psoc creator/4.4/psoc creator/import/gnu/arm/5.4.1/bin/../lib/gcc/arm-none-eabi/5.4.1/../../../../arm-none-eabi/lib/armv6-m\libg_nano.a(lib_a-memmove.o)
 .debug_frame   0x00002140       0x30 c:/program files (x86)/cypress/psoc creator/4.4/psoc creator/import/gnu/arm/5.4.1/bin/../lib/gcc/arm-none-eabi/5.4.1/../../../../arm-none-eabi/lib/armv6-m\libg_nano.a(lib_a-mlock.o)
 .debug_frame   0x00002170       0x30 c:/program files (x86)/cypress/psoc creator/4.4/psoc creator/import/gnu/arm/5.4.1/bin/../lib/gcc/arm-none-eabi/5.4.1/../../../../arm-none-eabi/lib/armv6-m\libg_nano.a(lib_a-nano-reallocr.o)
 .debug_frame   0x000021a0       0x48 c:/program files (x86)/cypress/psoc creator/4.4/psoc creator/import/gnu/arm/5.4.1/bin/../lib/gcc/arm-none-eabi/5.4.1/../../../../arm-none-eabi/lib/armv6-m\libg_nano.a(lib_a-reent.o)
 .debug_frame   0x000021e8       0x20 c:/program files (x86)/cypress/psoc creator/4.4/psoc creator/import/gnu/arm/5.4.1/bin/../lib/gcc/arm-none-eabi/5.4.1/../../../../arm-none-eabi/lib/armv6-m\libg_nano.a(lib_a-nano-msizer.o)
 .debug_frame   0x00002208       0x3c c:/program files (x86)/cypress/psoc creator/4.4/psoc creator/import/gnu/arm/5.4.1/bin/../lib/gcc/arm-none-eabi/5.4.1/armv6-m\libgcc.a(divdf3.o)
 .debug_frame   0x00002244       0x38 c:/program files (x86)/cypress/psoc creator/4.4/psoc creator/import/gnu/arm/5.4.1/bin/../lib/gcc/arm-none-eabi/5.4.1/armv6-m\libgcc.a(eqdf2.o)
 .debug_frame   0x0000227c       0x38 c:/program files (x86)/cypress/psoc creator/4.4/psoc creator/import/gnu/arm/5.4.1/bin/../lib/gcc/arm-none-eabi/5.4.1/armv6-m\libgcc.a(gedf2.o)
 .debug_frame   0x000022b4       0x38 c:/program files (x86)/cypress/psoc creator/4.4/psoc creator/import/gnu/arm/5.4.1/bin/../lib/gcc/arm-none-eabi/5.4.1/armv6-m\libgcc.a(ledf2.o)
 .debug_frame   0x000022ec       0x3c c:/program files (x86)/cypress/psoc creator/4.4/psoc creator/import/gnu/arm/5.4.1/bin/../lib/gcc/arm-none-eabi/5.4.1/armv6-m\libgcc.a(muldf3.o)
 .debug_frame   0x00002328       0x38 c:/program files (x86)/cypress/psoc creator/4.4/psoc creator/import/gnu/arm/5.4.1/bin/../lib/gcc/arm-none-eabi/5.4.1/armv6-m\libgcc.a(subdf3.o)
 .debug_frame   0x00002360       0x2c c:/program files (x86)/cypress/psoc creator/4.4/psoc creator/import/gnu/arm/5.4.1/bin/../lib/gcc/arm-none-eabi/5.4.1/armv6-m\libgcc.a(unorddf2.o)
 .debug_frame   0x0000238c       0x2c c:/program files (x86)/cypress/psoc creator/4.4/psoc creator/import/gnu/arm/5.4.1/bin/../lib/gcc/arm-none-eabi/5.4.1/armv6-m\libgcc.a(floatsidf.o)
 .debug_frame   0x000023b8       0x2c c:/program files (x86)/cypress/psoc creator/4.4/psoc creator/import/gnu/arm/5.4.1/bin/../lib/gcc/arm-none-eabi/5.4.1/armv6-m\libgcc.a(floatunsidf.o)

.debug_str      0x00000000     0x22c1
 *(.debug_str)
 .debug_str     0x00000000      0x1fe .\CortexM0\ARM_GCC_541\Debug\main.o
                                0x23e (size before relaxing)
 .debug_str     0x000001fe       0x77 .\CortexM0\ARM_GCC_541\Debug\SBT0811.o
                                0x202 (size before relaxing)
 .debug_str     0x00000275      0x228 .\CortexM0\ARM_GCC_541\Debug\IMU.o
                                0x3d6 (size before relaxing)
 .debug_str     0x0000049d       0x66 .\CortexM0\ARM_GCC_541\Debug\SG90.o
                                0x1fe (size before relaxing)
 .debug_str     0x00000503       0xb2 .\CortexM0\ARM_GCC_541\Debug\TB9051.o
                                0x242 (size before relaxing)
 .debug_str     0x000005b5      0x10c .\CortexM0\ARM_GCC_541\Debug\cyfitter_cfg.o
                                0x2d7 (size before relaxing)
 .debug_str     0x000006c1       0xdc .\CortexM0\ARM_GCC_541\Debug\cymetadata.o
                                0x1ff (size before relaxing)
 .debug_str     0x0000079d      0x13a .\CortexM0\ARM_GCC_541\Debug\Cm0Start.o
                                0x302 (size before relaxing)
 .debug_str     0x000008d7      0x5fa .\CortexM0\ARM_GCC_541\Debug\DesignAttempt01.a(CyLib.o)
                                0x7fe (size before relaxing)
 .debug_str     0x00000ed1      0x6eb .\CortexM0\ARM_GCC_541\Debug\DesignAttempt01.a(CyLFClk.o)
                                0x91e (size before relaxing)
 .debug_str     0x000015bc       0xed .\CortexM0\ARM_GCC_541\Debug\DesignAttempt01.a(UART.o)
                                0x298 (size before relaxing)
 .debug_str     0x000016a9       0x42 .\CortexM0\ARM_GCC_541\Debug\DesignAttempt01.a(StepperDriver.o)
                                0x1c8 (size before relaxing)
 .debug_str     0x000016eb      0x115 .\CortexM0\ARM_GCC_541\Debug\DesignAttempt01.a(I2C_1.o)
                                0x2db (size before relaxing)
 .debug_str     0x00001800       0x80 .\CortexM0\ARM_GCC_541\Debug\DesignAttempt01.a(I2C_1_I2C.o)
                                0x25f (size before relaxing)
 .debug_str     0x00001880      0x23a .\CortexM0\ARM_GCC_541\Debug\DesignAttempt01.a(I2C_1_I2C_MASTER.o)
                                0x4ef (size before relaxing)
 .debug_str     0x00001aba      0x174 .\CortexM0\ARM_GCC_541\Debug\DesignAttempt01.a(PWM.o)
                                0x37e (size before relaxing)
 .debug_str     0x00001c2e       0x32 .\CortexM0\ARM_GCC_541\Debug\DesignAttempt01.a(TB9051_EN.o)
                                0x1bc (size before relaxing)
 .debug_str     0x00001c60       0x2b .\CortexM0\ARM_GCC_541\Debug\DesignAttempt01.a(QuadPWM.o)
                                0x1c6 (size before relaxing)
 .debug_str     0x00001c8b      0x141 .\CortexM0\ARM_GCC_541\Debug\DesignAttempt01.a(UART_RPi.o)
                                0x355 (size before relaxing)
 .debug_str     0x00001dcc      0x27b .\CortexM0\ARM_GCC_541\Debug\DesignAttempt01.a(UART_RPi_UART.o)
                                0x4ca (size before relaxing)
 .debug_str     0x00002047       0xa7 .\CortexM0\ARM_GCC_541\Debug\DesignAttempt01.a(CyFlash.o)
                                0x2b1 (size before relaxing)
 .debug_str     0x000020ee       0x4b .\CortexM0\ARM_GCC_541\Debug\DesignAttempt01.a(I2C_1_I2C_INT.o)
                                0x2db (size before relaxing)
 .debug_str     0x00002139      0x143 .\CortexM0\ARM_GCC_541\Debug\DesignAttempt01.a(UART_RPi_SPI_UART.o)
                                0x3c6 (size before relaxing)
 .debug_str     0x0000227c       0x45 .\CortexM0\ARM_GCC_541\Debug\DesignAttempt01.a(UART_RPi_SPI_UART_INT.o)
                                0x2b2 (size before relaxing)

.debug_loc      0x00000000     0x32af
 *(.debug_loc)
 .debug_loc     0x00000000       0x3b .\CortexM0\ARM_GCC_541\Debug\main.o
 .debug_loc     0x0000003b       0xd6 .\CortexM0\ARM_GCC_541\Debug\SBT0811.o
 .debug_loc     0x00000111      0x3b6 .\CortexM0\ARM_GCC_541\Debug\IMU.o
 .debug_loc     0x000004c7       0x41 .\CortexM0\ARM_GCC_541\Debug\SG90.o
 .debug_loc     0x00000508      0x1b6 .\CortexM0\ARM_GCC_541\Debug\TB9051.o
 .debug_loc     0x000006be      0x118 .\CortexM0\ARM_GCC_541\Debug\cyfitter_cfg.o
 .debug_loc     0x000007d6      0x14f .\CortexM0\ARM_GCC_541\Debug\Cm0Start.o
 .debug_loc     0x00000925      0x81c .\CortexM0\ARM_GCC_541\Debug\DesignAttempt01.a(CyLib.o)
 .debug_loc     0x00001141      0xdb7 .\CortexM0\ARM_GCC_541\Debug\DesignAttempt01.a(CyLFClk.o)
 .debug_loc     0x00001ef8      0x12d .\CortexM0\ARM_GCC_541\Debug\DesignAttempt01.a(UART.o)
 .debug_loc     0x00002025       0x7e .\CortexM0\ARM_GCC_541\Debug\DesignAttempt01.a(I2C_1.o)
 .debug_loc     0x000020a3      0xa49 .\CortexM0\ARM_GCC_541\Debug\DesignAttempt01.a(I2C_1_I2C_MASTER.o)
 .debug_loc     0x00002aec       0x5a .\CortexM0\ARM_GCC_541\Debug\DesignAttempt01.a(PWM.o)
 .debug_loc     0x00002b46       0xa4 .\CortexM0\ARM_GCC_541\Debug\DesignAttempt01.a(QuadPWM.o)
 .debug_loc     0x00002bea       0x7e .\CortexM0\ARM_GCC_541\Debug\DesignAttempt01.a(UART_RPi.o)
 .debug_loc     0x00002c68      0x22e .\CortexM0\ARM_GCC_541\Debug\DesignAttempt01.a(UART_RPi_UART.o)
 .debug_loc     0x00002e96      0x160 .\CortexM0\ARM_GCC_541\Debug\DesignAttempt01.a(CyFlash.o)
 .debug_loc     0x00002ff6      0x10c .\CortexM0\ARM_GCC_541\Debug\DesignAttempt01.a(I2C_1_I2C_INT.o)
 .debug_loc     0x00003102      0x170 .\CortexM0\ARM_GCC_541\Debug\DesignAttempt01.a(UART_RPi_SPI_UART.o)
 .debug_loc     0x00003272       0x3d .\CortexM0\ARM_GCC_541\Debug\DesignAttempt01.a(UART_RPi_SPI_UART_INT.o)

.debug_macinfo
 *(.debug_macinfo)

.debug_ranges   0x00000000      0x820
 *(.debug_ranges)
 .debug_ranges  0x00000000       0x18 .\CortexM0\ARM_GCC_541\Debug\main.o
 .debug_ranges  0x00000018       0x20 .\CortexM0\ARM_GCC_541\Debug\SBT0811.o
 .debug_ranges  0x00000038       0x70 .\CortexM0\ARM_GCC_541\Debug\IMU.o
 .debug_ranges  0x000000a8       0x18 .\CortexM0\ARM_GCC_541\Debug\SG90.o
 .debug_ranges  0x000000c0       0x40 .\CortexM0\ARM_GCC_541\Debug\TB9051.o
 .debug_ranges  0x00000100       0x30 .\CortexM0\ARM_GCC_541\Debug\cyfitter_cfg.o
 .debug_ranges  0x00000130       0x38 .\CortexM0\ARM_GCC_541\Debug\Cm0Start.o
 .debug_ranges  0x00000168      0x1b8 .\CortexM0\ARM_GCC_541\Debug\DesignAttempt01.a(CyLib.o)
 .debug_ranges  0x00000320      0x178 .\CortexM0\ARM_GCC_541\Debug\DesignAttempt01.a(CyLFClk.o)
 .debug_ranges  0x00000498       0x40 .\CortexM0\ARM_GCC_541\Debug\DesignAttempt01.a(UART.o)
 .debug_ranges  0x000004d8       0x18 .\CortexM0\ARM_GCC_541\Debug\DesignAttempt01.a(StepperDriver.o)
 .debug_ranges  0x000004f0       0x50 .\CortexM0\ARM_GCC_541\Debug\DesignAttempt01.a(I2C_1.o)
 .debug_ranges  0x00000540       0x20 .\CortexM0\ARM_GCC_541\Debug\DesignAttempt01.a(I2C_1_I2C.o)
 .debug_ranges  0x00000560       0x88 .\CortexM0\ARM_GCC_541\Debug\DesignAttempt01.a(I2C_1_I2C_MASTER.o)
 .debug_ranges  0x000005e8       0x90 .\CortexM0\ARM_GCC_541\Debug\DesignAttempt01.a(PWM.o)
 .debug_ranges  0x00000678       0x18 .\CortexM0\ARM_GCC_541\Debug\DesignAttempt01.a(TB9051_EN.o)
 .debug_ranges  0x00000690       0x18 .\CortexM0\ARM_GCC_541\Debug\DesignAttempt01.a(QuadPWM.o)
 .debug_ranges  0x000006a8       0x58 .\CortexM0\ARM_GCC_541\Debug\DesignAttempt01.a(UART_RPi.o)
 .debug_ranges  0x00000700       0x80 .\CortexM0\ARM_GCC_541\Debug\DesignAttempt01.a(UART_RPi_UART.o)
 .debug_ranges  0x00000780       0x30 .\CortexM0\ARM_GCC_541\Debug\DesignAttempt01.a(CyFlash.o)
 .debug_ranges  0x000007b0       0x10 .\CortexM0\ARM_GCC_541\Debug\DesignAttempt01.a(I2C_1_I2C_INT.o)
 .debug_ranges  0x000007c0       0x50 .\CortexM0\ARM_GCC_541\Debug\DesignAttempt01.a(UART_RPi_SPI_UART.o)
 .debug_ranges  0x00000810       0x10 .\CortexM0\ARM_GCC_541\Debug\DesignAttempt01.a(UART_RPi_SPI_UART_INT.o)

.comment        0x00000000       0x6e
 .comment       0x00000000       0x6e .\CortexM0\ARM_GCC_541\Debug\main.o
                                 0x6f (size before relaxing)
 .comment       0x0000006e       0x6f .\CortexM0\ARM_GCC_541\Debug\SBT0811.o
 .comment       0x0000006e       0x6f .\CortexM0\ARM_GCC_541\Debug\IMU.o
 .comment       0x0000006e       0x6f .\CortexM0\ARM_GCC_541\Debug\SG90.o
 .comment       0x0000006e       0x6f .\CortexM0\ARM_GCC_541\Debug\TB9051.o
 .comment       0x0000006e       0x6f .\CortexM0\ARM_GCC_541\Debug\cyfitter_cfg.o
 .comment       0x0000006e       0x6f .\CortexM0\ARM_GCC_541\Debug\cymetadata.o
 .comment       0x0000006e       0x6f .\CortexM0\ARM_GCC_541\Debug\Cm0Start.o
 .comment       0x0000006e       0x6f .\CortexM0\ARM_GCC_541\Debug\DesignAttempt01.a(CyLib.o)
 .comment       0x0000006e       0x6f .\CortexM0\ARM_GCC_541\Debug\DesignAttempt01.a(CyLFClk.o)
 .comment       0x0000006e       0x6f .\CortexM0\ARM_GCC_541\Debug\DesignAttempt01.a(UART.o)
 .comment       0x0000006e       0x6f .\CortexM0\ARM_GCC_541\Debug\DesignAttempt01.a(StepperDriver.o)
 .comment       0x0000006e       0x6f .\CortexM0\ARM_GCC_541\Debug\DesignAttempt01.a(I2C_1.o)
 .comment       0x0000006e       0x6f .\CortexM0\ARM_GCC_541\Debug\DesignAttempt01.a(I2C_1_I2C.o)
 .comment       0x0000006e       0x6f .\CortexM0\ARM_GCC_541\Debug\DesignAttempt01.a(I2C_1_I2C_MASTER.o)
 .comment       0x0000006e       0x6f .\CortexM0\ARM_GCC_541\Debug\DesignAttempt01.a(PWM.o)
 .comment       0x0000006e       0x6f .\CortexM0\ARM_GCC_541\Debug\DesignAttempt01.a(TB9051_EN.o)
 .comment       0x0000006e       0x6f .\CortexM0\ARM_GCC_541\Debug\DesignAttempt01.a(QuadPWM.o)
 .comment       0x0000006e       0x6f .\CortexM0\ARM_GCC_541\Debug\DesignAttempt01.a(UART_RPi.o)
 .comment       0x0000006e       0x6f .\CortexM0\ARM_GCC_541\Debug\DesignAttempt01.a(UART_RPi_UART.o)
 .comment       0x0000006e       0x6f .\CortexM0\ARM_GCC_541\Debug\DesignAttempt01.a(CyFlash.o)
 .comment       0x0000006e       0x6f .\CortexM0\ARM_GCC_541\Debug\DesignAttempt01.a(I2C_1_I2C_INT.o)
 .comment       0x0000006e       0x6f .\CortexM0\ARM_GCC_541\Debug\DesignAttempt01.a(UART_RPi_SPI_UART.o)
 .comment       0x0000006e       0x6f .\CortexM0\ARM_GCC_541\Debug\DesignAttempt01.a(UART_RPi_SPI_UART_INT.o)

.debug_weaknames
 *(.debug_weaknames)

.debug_funcnames
 *(.debug_funcnames)

.debug_typenames
 *(.debug_typenames)

.debug_varnames
 *(.debug_varnames)

.note.gnu.arm.ident
 *(.note.gnu.arm.ident)

.ARM.attributes
                0x00000000       0x28
 *(.ARM.attributes)
 .ARM.attributes
                0x00000000       0x1e c:/program files (x86)/cypress/psoc creator/4.4/psoc creator/import/gnu/arm/5.4.1/bin/../lib/gcc/arm-none-eabi/5.4.1/armv6-m/crti.o
 .ARM.attributes
                0x0000001e       0x2c c:/program files (x86)/cypress/psoc creator/4.4/psoc creator/import/gnu/arm/5.4.1/bin/../lib/gcc/arm-none-eabi/5.4.1/armv6-m/crtbegin.o
 .ARM.attributes
                0x0000004a       0x1b c:/program files (x86)/cypress/psoc creator/4.4/psoc creator/import/gnu/arm/5.4.1/bin/../lib/gcc/arm-none-eabi/5.4.1/../../../../arm-none-eabi/lib/armv6-m/crt0.o
 .ARM.attributes
                0x00000065       0x31 .\CortexM0\ARM_GCC_541\Debug\main.o
 .ARM.attributes
                0x00000096       0x31 .\CortexM0\ARM_GCC_541\Debug\SBT0811.o
 .ARM.attributes
                0x000000c7       0x31 .\CortexM0\ARM_GCC_541\Debug\IMU.o
 .ARM.attributes
                0x000000f8       0x31 .\CortexM0\ARM_GCC_541\Debug\SG90.o
 .ARM.attributes
                0x00000129       0x31 .\CortexM0\ARM_GCC_541\Debug\TB9051.o
 .ARM.attributes
                0x0000015a       0x31 .\CortexM0\ARM_GCC_541\Debug\cyfitter_cfg.o
 .ARM.attributes
                0x0000018b       0x31 .\CortexM0\ARM_GCC_541\Debug\cymetadata.o
 .ARM.attributes
                0x000001bc       0x31 .\CortexM0\ARM_GCC_541\Debug\Cm0Start.o
 .ARM.attributes
                0x000001ed       0x31 .\CortexM0\ARM_GCC_541\Debug\DesignAttempt01.a(CyLib.o)
 .ARM.attributes
                0x0000021e       0x31 .\CortexM0\ARM_GCC_541\Debug\DesignAttempt01.a(CyLFClk.o)
 .ARM.attributes
                0x0000024f       0x31 .\CortexM0\ARM_GCC_541\Debug\DesignAttempt01.a(UART.o)
 .ARM.attributes
                0x00000280       0x31 .\CortexM0\ARM_GCC_541\Debug\DesignAttempt01.a(StepperDriver.o)
 .ARM.attributes
                0x000002b1       0x31 .\CortexM0\ARM_GCC_541\Debug\DesignAttempt01.a(I2C_1.o)
 .ARM.attributes
                0x000002e2       0x31 .\CortexM0\ARM_GCC_541\Debug\DesignAttempt01.a(I2C_1_I2C.o)
 .ARM.attributes
                0x00000313       0x31 .\CortexM0\ARM_GCC_541\Debug\DesignAttempt01.a(I2C_1_I2C_MASTER.o)
 .ARM.attributes
                0x00000344       0x31 .\CortexM0\ARM_GCC_541\Debug\DesignAttempt01.a(PWM.o)
 .ARM.attributes
                0x00000375       0x31 .\CortexM0\ARM_GCC_541\Debug\DesignAttempt01.a(TB9051_EN.o)
 .ARM.attributes
                0x000003a6       0x31 .\CortexM0\ARM_GCC_541\Debug\DesignAttempt01.a(QuadPWM.o)
 .ARM.attributes
                0x000003d7       0x31 .\CortexM0\ARM_GCC_541\Debug\DesignAttempt01.a(UART_RPi.o)
 .ARM.attributes
                0x00000408       0x31 .\CortexM0\ARM_GCC_541\Debug\DesignAttempt01.a(UART_RPi_UART.o)
 .ARM.attributes
                0x00000439       0x21 .\CortexM0\ARM_GCC_541\Debug\DesignAttempt01.a(CyBootAsmGnu.o)
 .ARM.attributes
                0x0000045a       0x21 .\CortexM0\ARM_GCC_541\Debug\DesignAttempt01.a(UART_AsmGnu.o)
 .ARM.attributes
                0x0000047b       0x31 .\CortexM0\ARM_GCC_541\Debug\DesignAttempt01.a(CyFlash.o)
 .ARM.attributes
                0x000004ac       0x31 .\CortexM0\ARM_GCC_541\Debug\DesignAttempt01.a(I2C_1_I2C_INT.o)
 .ARM.attributes
                0x000004dd       0x31 .\CortexM0\ARM_GCC_541\Debug\DesignAttempt01.a(UART_RPi_SPI_UART.o)
 .ARM.attributes
                0x0000050e       0x31 .\CortexM0\ARM_GCC_541\Debug\DesignAttempt01.a(UART_RPi_SPI_UART_INT.o)
 .ARM.attributes
                0x0000053f       0x2c c:/program files (x86)/cypress/psoc creator/4.4/psoc creator/import/gnu/arm/5.4.1/bin/../lib/gcc/arm-none-eabi/5.4.1/../../../../arm-none-eabi/lib/armv6-m\libm.a(lib_a-s_round.o)
 .ARM.attributes
                0x0000056b       0x1e c:/program files (x86)/cypress/psoc creator/4.4/psoc creator/import/gnu/arm/5.4.1/bin/../lib/gcc/arm-none-eabi/5.4.1/armv6-m\libgcc.a(_udivsi3.o)
 .ARM.attributes
                0x00000589       0x1e c:/program files (x86)/cypress/psoc creator/4.4/psoc creator/import/gnu/arm/5.4.1/bin/../lib/gcc/arm-none-eabi/5.4.1/armv6-m\libgcc.a(_divsi3.o)
 .ARM.attributes
                0x000005a7       0x1e c:/program files (x86)/cypress/psoc creator/4.4/psoc creator/import/gnu/arm/5.4.1/bin/../lib/gcc/arm-none-eabi/5.4.1/armv6-m\libgcc.a(_dvmd_tls.o)
 .ARM.attributes
                0x000005c5       0x1e c:/program files (x86)/cypress/psoc creator/4.4/psoc creator/import/gnu/arm/5.4.1/bin/../lib/gcc/arm-none-eabi/5.4.1/armv6-m\libgcc.a(_arm_cmpsf2.o)
 .ARM.attributes
                0x000005e3       0x2c c:/program files (x86)/cypress/psoc creator/4.4/psoc creator/import/gnu/arm/5.4.1/bin/../lib/gcc/arm-none-eabi/5.4.1/armv6-m\libgcc.a(divsf3.o)
 .ARM.attributes
                0x0000060f       0x2c c:/program files (x86)/cypress/psoc creator/4.4/psoc creator/import/gnu/arm/5.4.1/bin/../lib/gcc/arm-none-eabi/5.4.1/armv6-m\libgcc.a(eqsf2.o)
 .ARM.attributes
                0x0000063b       0x2c c:/program files (x86)/cypress/psoc creator/4.4/psoc creator/import/gnu/arm/5.4.1/bin/../lib/gcc/arm-none-eabi/5.4.1/armv6-m\libgcc.a(gesf2.o)
 .ARM.attributes
                0x00000667       0x2c c:/program files (x86)/cypress/psoc creator/4.4/psoc creator/import/gnu/arm/5.4.1/bin/../lib/gcc/arm-none-eabi/5.4.1/armv6-m\libgcc.a(lesf2.o)
 .ARM.attributes
                0x00000693       0x2c c:/program files (x86)/cypress/psoc creator/4.4/psoc creator/import/gnu/arm/5.4.1/bin/../lib/gcc/arm-none-eabi/5.4.1/armv6-m\libgcc.a(mulsf3.o)
 .ARM.attributes
                0x000006bf       0x2c c:/program files (x86)/cypress/psoc creator/4.4/psoc creator/import/gnu/arm/5.4.1/bin/../lib/gcc/arm-none-eabi/5.4.1/armv6-m\libgcc.a(subsf3.o)
 .ARM.attributes
                0x000006eb       0x2c c:/program files (x86)/cypress/psoc creator/4.4/psoc creator/import/gnu/arm/5.4.1/bin/../lib/gcc/arm-none-eabi/5.4.1/armv6-m\libgcc.a(fixsfsi.o)
 .ARM.attributes
                0x00000717       0x2c c:/program files (x86)/cypress/psoc creator/4.4/psoc creator/import/gnu/arm/5.4.1/bin/../lib/gcc/arm-none-eabi/5.4.1/armv6-m\libgcc.a(floatsisf.o)
 .ARM.attributes
                0x00000743       0x2c c:/program files (x86)/cypress/psoc creator/4.4/psoc creator/import/gnu/arm/5.4.1/bin/../lib/gcc/arm-none-eabi/5.4.1/armv6-m\libgcc.a(adddf3.o)
 .ARM.attributes
                0x0000076f       0x2c c:/program files (x86)/cypress/psoc creator/4.4/psoc creator/import/gnu/arm/5.4.1/bin/../lib/gcc/arm-none-eabi/5.4.1/armv6-m\libgcc.a(fixdfsi.o)
 .ARM.attributes
                0x0000079b       0x2c c:/program files (x86)/cypress/psoc creator/4.4/psoc creator/import/gnu/arm/5.4.1/bin/../lib/gcc/arm-none-eabi/5.4.1/armv6-m\libgcc.a(extendsfdf2.o)
 .ARM.attributes
                0x000007c7       0x1e c:/program files (x86)/cypress/psoc creator/4.4/psoc creator/import/gnu/arm/5.4.1/bin/../lib/gcc/arm-none-eabi/5.4.1/armv6-m\libgcc.a(_clzsi2.o)
 .ARM.attributes
                0x000007e5       0x2c c:/program files (x86)/cypress/psoc creator/4.4/psoc creator/import/gnu/arm/5.4.1/bin/../lib/gcc/arm-none-eabi/5.4.1/../../../../arm-none-eabi/lib/armv6-m\libg_nano.a(lib_a-errno.o)
 .ARM.attributes
                0x00000811       0x2c c:/program files (x86)/cypress/psoc creator/4.4/psoc creator/import/gnu/arm/5.4.1/bin/../lib/gcc/arm-none-eabi/5.4.1/../../../../arm-none-eabi/lib/armv6-m\libg_nano.a(lib_a-exit.o)
 .ARM.attributes
                0x0000083d       0x2c c:/program files (x86)/cypress/psoc creator/4.4/psoc creator/import/gnu/arm/5.4.1/bin/../lib/gcc/arm-none-eabi/5.4.1/../../../../arm-none-eabi/lib/armv6-m\libg_nano.a(lib_a-impure.o)
 .ARM.attributes
                0x00000869       0x2c c:/program files (x86)/cypress/psoc creator/4.4/psoc creator/import/gnu/arm/5.4.1/bin/../lib/gcc/arm-none-eabi/5.4.1/../../../../arm-none-eabi/lib/armv6-m\libg_nano.a(lib_a-init.o)
 .ARM.attributes
                0x00000895       0x2c c:/program files (x86)/cypress/psoc creator/4.4/psoc creator/import/gnu/arm/5.4.1/bin/../lib/gcc/arm-none-eabi/5.4.1/../../../../arm-none-eabi/lib/armv6-m\libg_nano.a(lib_a-memcpy-stub.o)
 .ARM.attributes
                0x000008c1       0x2c c:/program files (x86)/cypress/psoc creator/4.4/psoc creator/import/gnu/arm/5.4.1/bin/../lib/gcc/arm-none-eabi/5.4.1/../../../../arm-none-eabi/lib/armv6-m\libg_nano.a(lib_a-memset.o)
 .ARM.attributes
                0x000008ed       0x2c c:/program files (x86)/cypress/psoc creator/4.4/psoc creator/import/gnu/arm/5.4.1/bin/../lib/gcc/arm-none-eabi/5.4.1/../../../../arm-none-eabi/lib/armv6-m\libg_nano.a(lib_a-nano-vfprintf_float.o)
 .ARM.attributes
                0x00000919       0x2c c:/program files (x86)/cypress/psoc creator/4.4/psoc creator/import/gnu/arm/5.4.1/bin/../lib/gcc/arm-none-eabi/5.4.1/../../../../arm-none-eabi/lib/armv6-m\libg_nano.a(lib_a-nano-vfprintf_i.o)
 .ARM.attributes
                0x00000945       0x2c c:/program files (x86)/cypress/psoc creator/4.4/psoc creator/import/gnu/arm/5.4.1/bin/../lib/gcc/arm-none-eabi/5.4.1/../../../../arm-none-eabi/lib/armv6-m\libg_nano.a(lib_a-sprintf.o)
 .ARM.attributes
                0x00000971       0x2c c:/program files (x86)/cypress/psoc creator/4.4/psoc creator/import/gnu/arm/5.4.1/bin/../lib/gcc/arm-none-eabi/5.4.1/../../../../arm-none-eabi/lib/armv6-m\libg_nano.a(lib_a-strcpy.o)
 .ARM.attributes
                0x0000099d       0x1c c:/program files (x86)/cypress/psoc creator/4.4/psoc creator/import/gnu/arm/5.4.1/bin/../lib/gcc/arm-none-eabi/5.4.1/../../../../arm-none-eabi/lib/armv6-m\libg_nano.a(lib_a-strlen.o)
 .ARM.attributes
                0x000009b9       0x2c c:/program files (x86)/cypress/psoc creator/4.4/psoc creator/import/gnu/arm/5.4.1/bin/../lib/gcc/arm-none-eabi/5.4.1/../../../../arm-none-eabi/lib/armv6-m\libg_nano.a(lib_a-dtoa.o)
 .ARM.attributes
                0x000009e5       0x2c c:/program files (x86)/cypress/psoc creator/4.4/psoc creator/import/gnu/arm/5.4.1/bin/../lib/gcc/arm-none-eabi/5.4.1/../../../../arm-none-eabi/lib/armv6-m\libg_nano.a(lib_a-locale.o)
 .ARM.attributes
                0x00000a11       0x2c c:/program files (x86)/cypress/psoc creator/4.4/psoc creator/import/gnu/arm/5.4.1/bin/../lib/gcc/arm-none-eabi/5.4.1/../../../../arm-none-eabi/lib/armv6-m\libg_nano.a(lib_a-malloc.o)
 .ARM.attributes
                0x00000a3d       0x2c c:/program files (x86)/cypress/psoc creator/4.4/psoc creator/import/gnu/arm/5.4.1/bin/../lib/gcc/arm-none-eabi/5.4.1/../../../../arm-none-eabi/lib/armv6-m\libg_nano.a(lib_a-memchr-stub.o)
 .ARM.attributes
                0x00000a69       0x2c c:/program files (x86)/cypress/psoc creator/4.4/psoc creator/import/gnu/arm/5.4.1/bin/../lib/gcc/arm-none-eabi/5.4.1/../../../../arm-none-eabi/lib/armv6-m\libg_nano.a(lib_a-mprec.o)
 .ARM.attributes
                0x00000a95       0x2c c:/program files (x86)/cypress/psoc creator/4.4/psoc creator/import/gnu/arm/5.4.1/bin/../lib/gcc/arm-none-eabi/5.4.1/../../../../arm-none-eabi/lib/armv6-m\libg_nano.a(lib_a-nano-callocr.o)
 .ARM.attributes
                0x00000ac1       0x2c c:/program files (x86)/cypress/psoc creator/4.4/psoc creator/import/gnu/arm/5.4.1/bin/../lib/gcc/arm-none-eabi/5.4.1/../../../../arm-none-eabi/lib/armv6-m\libg_nano.a(lib_a-nano-freer.o)
 .ARM.attributes
                0x00000aed       0x2c c:/program files (x86)/cypress/psoc creator/4.4/psoc creator/import/gnu/arm/5.4.1/bin/../lib/gcc/arm-none-eabi/5.4.1/../../../../arm-none-eabi/lib/armv6-m\libg_nano.a(lib_a-nano-mallocr.o)
 .ARM.attributes
                0x00000b19       0x2c c:/program files (x86)/cypress/psoc creator/4.4/psoc creator/import/gnu/arm/5.4.1/bin/../lib/gcc/arm-none-eabi/5.4.1/../../../../arm-none-eabi/lib/armv6-m\libg_nano.a(lib_a-nano-svfprintf.o)
 .ARM.attributes
                0x00000b45       0x2c c:/program files (x86)/cypress/psoc creator/4.4/psoc creator/import/gnu/arm/5.4.1/bin/../lib/gcc/arm-none-eabi/5.4.1/../../../../arm-none-eabi/lib/armv6-m\libg_nano.a(lib_a-sbrkr.o)
 .ARM.attributes
                0x00000b71       0x1c c:/program files (x86)/cypress/psoc creator/4.4/psoc creator/import/gnu/arm/5.4.1/bin/../lib/gcc/arm-none-eabi/5.4.1/../../../../arm-none-eabi/lib/armv6-m\libg_nano.a(lib_a-strcmp.o)
 .ARM.attributes
                0x00000b8d       0x2c c:/program files (x86)/cypress/psoc creator/4.4/psoc creator/import/gnu/arm/5.4.1/bin/../lib/gcc/arm-none-eabi/5.4.1/../../../../arm-none-eabi/lib/armv6-m\libg_nano.a(lib_a-memmove.o)
 .ARM.attributes
                0x00000bb9       0x2c c:/program files (x86)/cypress/psoc creator/4.4/psoc creator/import/gnu/arm/5.4.1/bin/../lib/gcc/arm-none-eabi/5.4.1/../../../../arm-none-eabi/lib/armv6-m\libg_nano.a(lib_a-mlock.o)
 .ARM.attributes
                0x00000be5       0x2c c:/program files (x86)/cypress/psoc creator/4.4/psoc creator/import/gnu/arm/5.4.1/bin/../lib/gcc/arm-none-eabi/5.4.1/../../../../arm-none-eabi/lib/armv6-m\libg_nano.a(lib_a-nano-reallocr.o)
 .ARM.attributes
                0x00000c11       0x2c c:/program files (x86)/cypress/psoc creator/4.4/psoc creator/import/gnu/arm/5.4.1/bin/../lib/gcc/arm-none-eabi/5.4.1/../../../../arm-none-eabi/lib/armv6-m\libg_nano.a(lib_a-reent.o)
 .ARM.attributes
                0x00000c3d       0x2c c:/program files (x86)/cypress/psoc creator/4.4/psoc creator/import/gnu/arm/5.4.1/bin/../lib/gcc/arm-none-eabi/5.4.1/../../../../arm-none-eabi/lib/armv6-m\libg_nano.a(lib_a-nano-msizer.o)
 .ARM.attributes
                0x00000c69       0x1e c:/program files (x86)/cypress/psoc creator/4.4/psoc creator/import/gnu/arm/5.4.1/bin/../lib/gcc/arm-none-eabi/5.4.1/armv6-m\libgcc.a(_thumb1_case_uqi.o)
 .ARM.attributes
                0x00000c87       0x1e c:/program files (x86)/cypress/psoc creator/4.4/psoc creator/import/gnu/arm/5.4.1/bin/../lib/gcc/arm-none-eabi/5.4.1/armv6-m\libgcc.a(_arm_cmpdf2.o)
 .ARM.attributes
                0x00000ca5       0x2c c:/program files (x86)/cypress/psoc creator/4.4/psoc creator/import/gnu/arm/5.4.1/bin/../lib/gcc/arm-none-eabi/5.4.1/armv6-m\libgcc.a(divdf3.o)
 .ARM.attributes
                0x00000cd1       0x2c c:/program files (x86)/cypress/psoc creator/4.4/psoc creator/import/gnu/arm/5.4.1/bin/../lib/gcc/arm-none-eabi/5.4.1/armv6-m\libgcc.a(eqdf2.o)
 .ARM.attributes
                0x00000cfd       0x2c c:/program files (x86)/cypress/psoc creator/4.4/psoc creator/import/gnu/arm/5.4.1/bin/../lib/gcc/arm-none-eabi/5.4.1/armv6-m\libgcc.a(gedf2.o)
 .ARM.attributes
                0x00000d29       0x2c c:/program files (x86)/cypress/psoc creator/4.4/psoc creator/import/gnu/arm/5.4.1/bin/../lib/gcc/arm-none-eabi/5.4.1/armv6-m\libgcc.a(ledf2.o)
 .ARM.attributes
                0x00000d55       0x2c c:/program files (x86)/cypress/psoc creator/4.4/psoc creator/import/gnu/arm/5.4.1/bin/../lib/gcc/arm-none-eabi/5.4.1/armv6-m\libgcc.a(muldf3.o)
 .ARM.attributes
                0x00000d81       0x2c c:/program files (x86)/cypress/psoc creator/4.4/psoc creator/import/gnu/arm/5.4.1/bin/../lib/gcc/arm-none-eabi/5.4.1/armv6-m\libgcc.a(subdf3.o)
 .ARM.attributes
                0x00000dad       0x2c c:/program files (x86)/cypress/psoc creator/4.4/psoc creator/import/gnu/arm/5.4.1/bin/../lib/gcc/arm-none-eabi/5.4.1/armv6-m\libgcc.a(unorddf2.o)
 .ARM.attributes
                0x00000dd9       0x2c c:/program files (x86)/cypress/psoc creator/4.4/psoc creator/import/gnu/arm/5.4.1/bin/../lib/gcc/arm-none-eabi/5.4.1/armv6-m\libgcc.a(floatsidf.o)
 .ARM.attributes
                0x00000e05       0x2c c:/program files (x86)/cypress/psoc creator/4.4/psoc creator/import/gnu/arm/5.4.1/bin/../lib/gcc/arm-none-eabi/5.4.1/armv6-m\libgcc.a(floatunsidf.o)
 .ARM.attributes
                0x00000e31       0x2c c:/program files (x86)/cypress/psoc creator/4.4/psoc creator/import/gnu/arm/5.4.1/bin/../lib/gcc/arm-none-eabi/5.4.1/armv6-m/crtend.o
 .ARM.attributes
                0x00000e5d       0x1e c:/program files (x86)/cypress/psoc creator/4.4/psoc creator/import/gnu/arm/5.4.1/bin/../lib/gcc/arm-none-eabi/5.4.1/armv6-m/crtn.o

/DISCARD/
 *(.note.GNU-stack)
OUTPUT(C:\Users\JamesH\Desktop\ECE4191-Team-13-PSoC\DesignAttempt01.cydsn\CortexM0\ARM_GCC_541\Debug\DesignAttempt01.elf elf32-littlearm)
