Archive member included to satisfy reference by file (symbol)

.\CortexM3\ARM_GCC_541\Debug\PSoC5_Team13Project.a(CyLib.o)
                              .\CortexM3\ARM_GCC_541\Debug\Cm3Start.o (CyHalt)
.\CortexM3\ARM_GCC_541\Debug\PSoC5_Team13Project.a(cyPm.o)
                              .\CortexM3\ARM_GCC_541\Debug\PSoC5_Team13Project.a(CyLib.o) (CyPmReadStatus)
.\CortexM3\ARM_GCC_541\Debug\PSoC5_Team13Project.a(StepperDriver.o)
                              .\CortexM3\ARM_GCC_541\Debug\SBT0811.o (StepperDriver_Write)
.\CortexM3\ARM_GCC_541\Debug\PSoC5_Team13Project.a(I2C_1.o)
                              .\CortexM3\ARM_GCC_541\Debug\IMU.o (I2C_1_Start)
.\CortexM3\ARM_GCC_541\Debug\PSoC5_Team13Project.a(I2C_1_INT.o)
                              .\CortexM3\ARM_GCC_541\Debug\PSoC5_Team13Project.a(I2C_1.o) (I2C_1_ISR)
.\CortexM3\ARM_GCC_541\Debug\PSoC5_Team13Project.a(I2C_1_PM.o)
                              .\CortexM3\ARM_GCC_541\Debug\PSoC5_Team13Project.a(I2C_1.o) (I2C_1_backup)
.\CortexM3\ARM_GCC_541\Debug\PSoC5_Team13Project.a(I2C_1_SLAVE.o)
                              .\CortexM3\ARM_GCC_541\Debug\PSoC5_Team13Project.a(I2C_1.o) (I2C_1_slStatus)
.\CortexM3\ARM_GCC_541\Debug\PSoC5_Team13Project.a(TB9051_EN.o)
                              .\CortexM3\ARM_GCC_541\Debug\TB9051.o (TB9051_EN_Write)
.\CortexM3\ARM_GCC_541\Debug\PSoC5_Team13Project.a(QuadPWM.o)
                              .\CortexM3\ARM_GCC_541\Debug\TB9051.o (QuadPWM_Init)
.\CortexM3\ARM_GCC_541\Debug\PSoC5_Team13Project.a(UART.o)
                              .\CortexM3\ARM_GCC_541\Debug\main.o (UART_Start)
.\CortexM3\ARM_GCC_541\Debug\PSoC5_Team13Project.a(UART_RPi.o)
                              .\CortexM3\ARM_GCC_541\Debug\main.o (UART_RPi_Start)
.\CortexM3\ARM_GCC_541\Debug\PSoC5_Team13Project.a(UART_RPi_IntClock.o)
                              .\CortexM3\ARM_GCC_541\Debug\PSoC5_Team13Project.a(UART_RPi.o) (UART_RPi_IntClock_Start)
.\CortexM3\ARM_GCC_541\Debug\PSoC5_Team13Project.a(RX.o)
                              .\CortexM3\ARM_GCC_541\Debug\main.o (RX_Start)
.\CortexM3\ARM_GCC_541\Debug\PSoC5_Team13Project.a(E_L.o)
                              .\CortexM3\ARM_GCC_541\Debug\HCSR04.o (E_L_Start)
.\CortexM3\ARM_GCC_541\Debug\PSoC5_Team13Project.a(E_R.o)
                              .\CortexM3\ARM_GCC_541\Debug\HCSR04.o (E_R_Start)
.\CortexM3\ARM_GCC_541\Debug\PSoC5_Team13Project.a(US_L.o)
                              .\CortexM3\ARM_GCC_541\Debug\HCSR04.o (US_L_Write)
.\CortexM3\ARM_GCC_541\Debug\PSoC5_Team13Project.a(US_R.o)
                              .\CortexM3\ARM_GCC_541\Debug\HCSR04.o (US_R_Write)
.\CortexM3\ARM_GCC_541\Debug\PSoC5_Team13Project.a(Timer_L.o)
                              .\CortexM3\ARM_GCC_541\Debug\HCSR04.o (Timer_L_ReadPeriod)
.\CortexM3\ARM_GCC_541\Debug\PSoC5_Team13Project.a(Timer_R.o)
                              .\CortexM3\ARM_GCC_541\Debug\HCSR04.o (Timer_R_ReadPeriod)
.\CortexM3\ARM_GCC_541\Debug\PSoC5_Team13Project.a(CyBootAsmGnu.o)
                              .\CortexM3\ARM_GCC_541\Debug\cyfitter_cfg.o (CyDelayCycles)
.\CortexM3\ARM_GCC_541\Debug\PSoC5_Team13Project.a(UART_AsmGnu.o)
                              .\CortexM3\ARM_GCC_541\Debug\PSoC5_Team13Project.a(UART.o) (UART_PutChar)
.\CortexM3\ARM_GCC_541\Debug\PSoC5_Team13Project.a(CyFlash.o)
                              .\CortexM3\ARM_GCC_541\Debug\PSoC5_Team13Project.a(cyPm.o) (CyFlash_SetWaitCycles)
.\CortexM3\ARM_GCC_541\Debug\PSoC5_Team13Project.a(CySpc.o)
                              .\CortexM3\ARM_GCC_541\Debug\PSoC5_Team13Project.a(CyFlash.o) (CySpcStart)
.\CortexM3\ARM_GCC_541\Debug\PSoC5_Team13Project.a(cyutils.o)
                              .\CortexM3\ARM_GCC_541\Debug\PSoC5_Team13Project.a(Timer_L.o) (CySetReg24)
c:/program files (x86)/cypress/psoc creator/4.4/psoc creator/import/gnu/arm/5.4.1/bin/../lib/gcc/arm-none-eabi/5.4.1/armv7-m\libgcc.a(_udivsi3.o)
                              .\CortexM3\ARM_GCC_541\Debug\PSoC5_Team13Project.a(UART_AsmGnu.o) (__aeabi_uidiv)
c:/program files (x86)/cypress/psoc creator/4.4/psoc creator/import/gnu/arm/5.4.1/bin/../lib/gcc/arm-none-eabi/5.4.1/armv7-m\libgcc.a(_dvmd_tls.o)
                              c:/program files (x86)/cypress/psoc creator/4.4/psoc creator/import/gnu/arm/5.4.1/bin/../lib/gcc/arm-none-eabi/5.4.1/armv7-m\libgcc.a(_udivsi3.o) (__aeabi_idiv0)
c:/program files (x86)/cypress/psoc creator/4.4/psoc creator/import/gnu/arm/5.4.1/bin/../lib/gcc/arm-none-eabi/5.4.1/armv7-m\libgcc.a(_arm_addsubdf3.o)
                              .\CortexM3\ARM_GCC_541\Debug\HCSR04.o (__aeabi_ui2d)
c:/program files (x86)/cypress/psoc creator/4.4/psoc creator/import/gnu/arm/5.4.1/bin/../lib/gcc/arm-none-eabi/5.4.1/armv7-m\libgcc.a(_arm_muldivdf3.o)
                              .\CortexM3\ARM_GCC_541\Debug\HCSR04.o (__aeabi_ddiv)
c:/program files (x86)/cypress/psoc creator/4.4/psoc creator/import/gnu/arm/5.4.1/bin/../lib/gcc/arm-none-eabi/5.4.1/armv7-m\libgcc.a(_arm_truncdfsf2.o)
[...]
Memory Configuration

Name             Origin             Length             Attributes
rom              0x00000000         0x00040000         xr
ram              0x1fff8000         0x00010000         xrw
*default*        0x00000000         0xffffffff

Linker script and memory map

LOAD c:/program files (x86)/cypress/psoc creator/4.4/psoc creator/import/gnu/arm/5.4.1/bin/../lib/gcc/arm-none-eabi/5.4.1/armv7-m/crti.o
LOAD c:/program files (x86)/cypress/psoc creator/4.4/psoc creator/import/gnu/arm/5.4.1/bin/../lib/gcc/arm-none-eabi/5.4.1/armv7-m/crtbegin.o
LOAD c:/program files (x86)/cypress/psoc creator/4.4/psoc creator/import/gnu/arm/5.4.1/bin/../lib/gcc/arm-none-eabi/5.4.1/../../../../arm-none-eabi/lib/armv7-m/crt0.o
START GROUP
LOAD .\CortexM3\ARM_GCC_541\Debug\main.o
LOAD .\CortexM3\ARM_GCC_541\Debug\SBT0811.o
LOAD .\CortexM3\ARM_GCC_541\Debug\IMU.o
LOAD .\CortexM3\ARM_GCC_541\Debug\SG90.o
LOAD .\CortexM3\ARM_GCC_541\Debug\TB9051.o
LOAD .\CortexM3\ARM_GCC_541\Debug\fnReceive.o
LOAD .\CortexM3\ARM_GCC_541\Debug\HCSR04.o
LOAD .\CortexM3\ARM_GCC_541\Debug\cyfitter_cfg.o
LOAD .\CortexM3\ARM_GCC_541\Debug\cymetadata.o
LOAD .\CortexM3\ARM_GCC_541\Debug\Cm3Start.o
LOAD .\CortexM3\ARM_GCC_541\Debug\PSoC5_Team13Project.a
LOAD C:\Program Files (x86)\Cypress\PSoC Creator\4.4\PSoC Creator\psoc\content\cycomponentlibrary\CyComponentLibrary.cylib\CortexM3\ARM_GCC_541\Debug\CyComponentLibrary.a
END GROUP
START GROUP
LOAD c:/program files (x86)/cypress/psoc creator/4.4/psoc creator/import/gnu/arm/5.4.1/bin/../lib/gcc/arm-none-eabi/5.4.1/armv7-m\libgcc.a
LOAD c:/program files (x86)/cypress/psoc creator/4.4/psoc creator/import/gnu/arm/5.4.1/bin/../lib/gcc/arm-none-eabi/5.4.1/../../../../arm-none-eabi/lib/armv7-m\libg_nano.a
LOAD c:/program files (x86)/cypress/psoc creator/4.4/psoc creator/import/gnu/arm/5.4.1/bin/../lib/gcc/arm-none-eabi/5.4.1/../../../../arm-none-eabi/lib/armv7-m\libc_nano.a
END GROUP
START GROUP
LOAD c:/program files (x86)/cypress/psoc creator/4.4/psoc creator/import/gnu/arm/5.4.1/bin/../lib/gcc/arm-none-eabi/5.4.1/armv7-m\libgcc.a
LOAD c:/program files (x86)/cypress/psoc creator/4.4/psoc creator/import/gnu/arm/5.4.1/bin/../lib/gcc/arm-none-eabi/5.4.1/../../../../arm-none-eabi/lib/armv7-m\libc_nano.a
END GROUP
LOAD c:/program files (x86)/cypress/psoc creator/4.4/psoc creator/import/gnu/arm/5.4.1/bin/../lib/gcc/arm-none-eabi/5.4.1/armv7-m/crtend.o
LOAD c:/program files (x86)/cypress/psoc creator/4.4/psoc creator/import/gnu/arm/5.4.1/bin/../lib/gcc/arm-none-eabi/5.4.1/armv7-m/crtn.o
START GROUP
LOAD c:/program files (x86)/cypress/psoc creator/4.4/psoc creator/import/gnu/arm/5.4.1/bin/../lib/gcc/arm-none-eabi/5.4.1/armv7-m\libgcc.a
LOAD c:/program files (x86)/cypress/psoc creator/4.4/psoc creator/import/gnu/arm/5.4.1/bin/../lib/gcc/arm-none-eabi/5.4.1/../../../../arm-none-eabi/lib/armv7-m\libc.a
LOAD c:/program files (x86)/cypress/psoc creator/4.4/psoc creator/import/gnu/arm/5.4.1/bin/../lib/gcc/arm-none-eabi/5.4.1/../../../../arm-none-eabi/lib/armv7-m\libnosys.a
END GROUP
                0x00000000                CY_APPL_ORIGIN = 0x0
                0x00000100                CY_FLASH_ROW_SIZE = 0x100
                0x00000020                CY_ECC_ROW_SIZE = 0x20
                0x00000000                CY_EE_IN_BTLDR = 0x0
                0x00000000                CY_APPL_LOADABLE = 0x0
                0x00000800                CY_EE_SIZE = 0x800
                0x00000001                CY_APPL_NUM = 0x1
                0x00000001                CY_APPL_MAX = 0x1
                0x00000040                CY_METADATA_SIZE = 0x40
                0x00000000                CY_APPL_LOADABLE = 0x0
                0x00000000                CY_CHECKSUM_EXCLUDE_SIZE = ALIGN (0x0, CY_FLASH_ROW_SIZE)
                [!provide]                PROVIDE (__cy_heap_start, _end)
                0x00000001                PROVIDE (__cy_region_num, ((__cy_regions_end - __cy_regions) / 0x10))
                0x20008000                PROVIDE (__cy_stack, (ORIGIN (ram) + LENGTH (ram)))
                [!provide]                PROVIDE (__cy_heap_end, (__cy_stack - 0x800))

.cybootloader   0x00000000        0x0
 *(.cybootloader)
                0x00000000                appl1_start = CY_APPL_ORIGIN?CY_APPL_ORIGIN:ALIGN (CY_FLASH_ROW_SIZE)
                0x0001ff00                appl2_start = (appl1_start + ALIGN ((((LENGTH (rom) - appl1_start) - (0x2 * CY_FLASH_ROW_SIZE)) / 0x2), CY_FLASH_ROW_SIZE))
                0x00000000                appl_start = (CY_APPL_NUM == 0x1)?appl1_start:appl2_start
                0x00000000                ecc_offset = ((appl_start / CY_FLASH_ROW_SIZE) * CY_ECC_ROW_SIZE)
                0x00000000                ee_offset = (CY_APPL_LOADABLE && ! (CY_EE_IN_BTLDR))?((CY_EE_SIZE / CY_APPL_MAX) * (CY_APPL_NUM - 0x1)):0x0
                0x00000800                ee_size = (CY_APPL_LOADABLE && ! (CY_EE_IN_BTLDR))?(CY_EE_SIZE / CY_APPL_MAX):CY_EE_SIZE
                [!provide]                PROVIDE (CY_ECC_OFFSET, ecc_offset)

.text           0x00000000     0x3d54
 CREATE_OBJECT_SYMBOLS
                0x00000000                PROVIDE (__cy_interrupt_vector, RomVectors)
 *(.romvectors)
 .romvectors    0x00000000       0x10 .\CortexM3\ARM_GCC_541\Debug\Cm3Start.o
                0x00000000                RomVectors
                0x00000001                ASSERT ((. != __cy_interrupt_vector), No interrupt vector)
                0x00000001                ASSERT (CY_APPL_ORIGIN?(SIZEOF (.cybootloader) <= CY_APPL_ORIGIN):0x1, Wrong image location)
                0x00000010                PROVIDE (__cy_reset, Reset)
 *(.text.Reset)
 .text.Reset    0x00000010       0x18 .\CortexM3\ARM_GCC_541\Debug\Cm3Start.o
                0x00000010                Reset
                0x00000001                ASSERT ((. != __cy_reset), No reset code)
 *(.dma_init)
                0x00000001                ASSERT ((((appl_start + .) <= 0x10000) || 0x1), DMA Init must be within the first 64k of flash)
 *(.text .text.* .gnu.linkonce.t.*)
 .text          0x00000028       0x5c c:/program files (x86)/cypress/psoc creator/4.4/psoc creator/import/gnu/arm/5.4.1/bin/../lib/gcc/arm-none-eabi/5.4.1/armv7-m/crtbegin.o
 .text.readRX   0x00000084      0x100 .\CortexM3\ARM_GCC_541\Debug\main.o
                0x00000084                readRX
 .text.main     0x00000184       0x50 .\CortexM3\ARM_GCC_541\Debug\main.o
                0x00000184                main
 .text.TB9051_Begin
                0x000001d4       0x20 .\CortexM3\ARM_GCC_541\Debug\TB9051.o
                0x000001d4                TB9051_Begin
 .text.HCSR04_Begin
                0x000001f4       0x3c .\CortexM3\ARM_GCC_541\Debug\HCSR04.o
                0x000001f4                HCSR04_Begin
 .text.distMeasureL
                0x00000230       0x18 .\CortexM3\ARM_GCC_541\Debug\HCSR04.o
                0x00000230                distMeasureL
 .text.CaptureL
                0x00000248       0xac .\CortexM3\ARM_GCC_541\Debug\HCSR04.o
                0x00000248                CaptureL
 .text.distMeasureR
                0x000002f4       0x1c .\CortexM3\ARM_GCC_541\Debug\HCSR04.o
                0x000002f4                distMeasureR
 .text.distMeasure
                0x00000310       0x18 .\CortexM3\ARM_GCC_541\Debug\HCSR04.o
                0x00000310                distMeasure
 .text.CaptureR
                0x00000328       0xac .\CortexM3\ARM_GCC_541\Debug\HCSR04.o
                0x00000328                CaptureR
 .text.CyClockStartupError
                0x000003d4        0x4 .\CortexM3\ARM_GCC_541\Debug\cyfitter_cfg.o
 .text.cfg_write_bytes32
                0x000003d8       0x34 .\CortexM3\ARM_GCC_541\Debug\cyfitter_cfg.o
 .text.AnalogSetDefault
                0x0000040c       0x28 .\CortexM3\ARM_GCC_541\Debug\cyfitter_cfg.o
 .text.CYMEMZERO
                0x00000434        0xc .\CortexM3\ARM_GCC_541\Debug\cyfitter_cfg.o
 .text.ClockSetup
                0x00000440       0xc8 .\CortexM3\ARM_GCC_541\Debug\cyfitter_cfg.o
 .text.CYCONFIGCPY
                0x00000508        0x8 .\CortexM3\ARM_GCC_541\Debug\cyfitter_cfg.o
 .text.cyfitter_cfg
                0x00000510      0x14c .\CortexM3\ARM_GCC_541\Debug\cyfitter_cfg.o
                0x00000510                cyfitter_cfg
 .text.IntDefaultHandler
                0x0000065c       0x10 .\CortexM3\ARM_GCC_541\Debug\Cm3Start.o
                0x0000065c                IntDefaultHandler
 .text._sbrk    0x0000066c       0x30 .\CortexM3\ARM_GCC_541\Debug\Cm3Start.o
                0x0000066c                _sbrk
 .text.Start_c  0x0000069c       0x4c .\CortexM3\ARM_GCC_541\Debug\Cm3Start.o
                0x0000069c                Start_c
 .text.initialize_psoc
                0x000006e8       0x68 .\CortexM3\ARM_GCC_541\Debug\Cm3Start.o
                0x000006e8                initialize_psoc
 .text.CyDelay  0x00000750       0x2c .\CortexM3\ARM_GCC_541\Debug\PSoC5_Team13Project.a(CyLib.o)
                0x00000750                CyDelay
 .text.CyDelayUs
                0x0000077c       0x14 .\CortexM3\ARM_GCC_541\Debug\PSoC5_Team13Project.a(CyLib.o)
                0x0000077c                CyDelayUs
 .text.TB9051_EN_Write
                0x00000790        0xc .\CortexM3\ARM_GCC_541\Debug\PSoC5_Team13Project.a(TB9051_EN.o)
                0x00000790                TB9051_EN_Write
 .text.QuadPWM_Init
                0x0000079c       0x24 .\CortexM3\ARM_GCC_541\Debug\PSoC5_Team13Project.a(QuadPWM.o)
                0x0000079c                QuadPWM_Init
 .text.QuadPWM_SetDutyCycle
                0x000007c0       0x48 .\CortexM3\ARM_GCC_541\Debug\PSoC5_Team13Project.a(QuadPWM.o)
                0x000007c0                QuadPWM_SetDutyCycle
 .text.UART_Start
                0x00000808        0x4 .\CortexM3\ARM_GCC_541\Debug\PSoC5_Team13Project.a(UART.o)
                0x00000808                UART_Start
 .text.UART_PutString
                0x0000080c       0x1c .\CortexM3\ARM_GCC_541\Debug\PSoC5_Team13Project.a(UART.o)
                0x0000080c                UART_PutString
 .text.UART_RPi_Init
                0x00000828       0x24 .\CortexM3\ARM_GCC_541\Debug\PSoC5_Team13Project.a(UART_RPi.o)
                0x00000828                UART_RPi_Init
 .text.UART_RPi_Enable
                0x0000084c       0x38 .\CortexM3\ARM_GCC_541\Debug\PSoC5_Team13Project.a(UART_RPi.o)
                0x0000084c                UART_RPi_Enable
 .text.UART_RPi_Start
                0x00000884       0x1c .\CortexM3\ARM_GCC_541\Debug\PSoC5_Team13Project.a(UART_RPi.o)
                0x00000884                UART_RPi_Start
 .text.UART_RPi_ReadRxData
                0x000008a0        0xc .\CortexM3\ARM_GCC_541\Debug\PSoC5_Team13Project.a(UART_RPi.o)
                0x000008a0                UART_RPi_ReadRxData
 .text.UART_RPi_ReadRxStatus
                0x000008ac       0x10 .\CortexM3\ARM_GCC_541\Debug\PSoC5_Team13Project.a(UART_RPi.o)
                0x000008ac                UART_RPi_ReadRxStatus
 .text.UART_RPi_GetByte
                0x000008bc       0x14 .\CortexM3\ARM_GCC_541\Debug\PSoC5_Team13Project.a(UART_RPi.o)
                0x000008bc                UART_RPi_GetByte
 .text.UART_RPi_ClearRxBuffer
                0x000008d0       0x24 .\CortexM3\ARM_GCC_541\Debug\PSoC5_Team13Project.a(UART_RPi.o)
                0x000008d0                UART_RPi_ClearRxBuffer
 .text.UART_RPi_IntClock_Start
                0x000008f4       0x1c .\CortexM3\ARM_GCC_541\Debug\PSoC5_Team13Project.a(UART_RPi_IntClock.o)
                0x000008f4                UART_RPi_IntClock_Start
 .text.RX_Interrupt
                0x00000910        0x4 .\CortexM3\ARM_GCC_541\Debug\PSoC5_Team13Project.a(RX.o)
                0x00000910                RX_Interrupt
 .text.RX_SetVector
                0x00000914        0xc .\CortexM3\ARM_GCC_541\Debug\PSoC5_Team13Project.a(RX.o)
                0x00000914                RX_SetVector
 .text.RX_SetPriority
                0x00000920       0x10 .\CortexM3\ARM_GCC_541\Debug\PSoC5_Team13Project.a(RX.o)
                0x00000920                RX_SetPriority
 .text.RX_Enable
                0x00000930        0xc .\CortexM3\ARM_GCC_541\Debug\PSoC5_Team13Project.a(RX.o)
                0x00000930                RX_Enable
 .text.RX_Disable
                0x0000093c        0xc .\CortexM3\ARM_GCC_541\Debug\PSoC5_Team13Project.a(RX.o)
                0x0000093c                RX_Disable
 .text.RX_Start
                0x00000948       0x1c .\CortexM3\ARM_GCC_541\Debug\PSoC5_Team13Project.a(RX.o)
                0x00000948                RX_Start
 .text.RX_StartEx
                0x00000964       0x1c .\CortexM3\ARM_GCC_541\Debug\PSoC5_Team13Project.a(RX.o)
                0x00000964                RX_StartEx
 .text.RX_ClearPending
                0x00000980        0xc .\CortexM3\ARM_GCC_541\Debug\PSoC5_Team13Project.a(RX.o)
                0x00000980                RX_ClearPending
 .text.E_L_Interrupt
                0x0000098c        0x4 .\CortexM3\ARM_GCC_541\Debug\PSoC5_Team13Project.a(E_L.o)
                0x0000098c                E_L_Interrupt
 .text.E_L_SetVector
                0x00000990        0xc .\CortexM3\ARM_GCC_541\Debug\PSoC5_Team13Project.a(E_L.o)
                0x00000990                E_L_SetVector
 .text.E_L_SetPriority
                0x0000099c       0x10 .\CortexM3\ARM_GCC_541\Debug\PSoC5_Team13Project.a(E_L.o)
                0x0000099c                E_L_SetPriority
 .text.E_L_Enable
                0x000009ac        0xc .\CortexM3\ARM_GCC_541\Debug\PSoC5_Team13Project.a(E_L.o)
                0x000009ac                E_L_Enable
 .text.E_L_Disable
                0x000009b8        0xc .\CortexM3\ARM_GCC_541\Debug\PSoC5_Team13Project.a(E_L.o)
                0x000009b8                E_L_Disable
 .text.E_L_Start
                0x000009c4       0x1c .\CortexM3\ARM_GCC_541\Debug\PSoC5_Team13Project.a(E_L.o)
                0x000009c4                E_L_Start
 .text.E_L_StartEx
                0x000009e0       0x1c .\CortexM3\ARM_GCC_541\Debug\PSoC5_Team13Project.a(E_L.o)
                0x000009e0                E_L_StartEx
 .text.E_L_ClearPending
                0x000009fc        0xc .\CortexM3\ARM_GCC_541\Debug\PSoC5_Team13Project.a(E_L.o)
                0x000009fc                E_L_ClearPending
 .text.E_R_Interrupt
                0x00000a08        0x4 .\CortexM3\ARM_GCC_541\Debug\PSoC5_Team13Project.a(E_R.o)
                0x00000a08                E_R_Interrupt
 .text.E_R_SetVector
                0x00000a0c        0xc .\CortexM3\ARM_GCC_541\Debug\PSoC5_Team13Project.a(E_R.o)
                0x00000a0c                E_R_SetVector
 .text.E_R_SetPriority
                0x00000a18       0x10 .\CortexM3\ARM_GCC_541\Debug\PSoC5_Team13Project.a(E_R.o)
                0x00000a18                E_R_SetPriority
 .text.E_R_Enable
                0x00000a28        0xc .\CortexM3\ARM_GCC_541\Debug\PSoC5_Team13Project.a(E_R.o)
                0x00000a28                E_R_Enable
 .text.E_R_Disable
                0x00000a34        0xc .\CortexM3\ARM_GCC_541\Debug\PSoC5_Team13Project.a(E_R.o)
                0x00000a34                E_R_Disable
 .text.E_R_Start
                0x00000a40       0x1c .\CortexM3\ARM_GCC_541\Debug\PSoC5_Team13Project.a(E_R.o)
                0x00000a40                E_R_Start
 .text.E_R_StartEx
                0x00000a5c       0x1c .\CortexM3\ARM_GCC_541\Debug\PSoC5_Team13Project.a(E_R.o)
                0x00000a5c                E_R_StartEx
 .text.E_R_ClearPending
                0x00000a78        0xc .\CortexM3\ARM_GCC_541\Debug\PSoC5_Team13Project.a(E_R.o)
                0x00000a78                E_R_ClearPending
 .text.US_L_Write
                0x00000a84        0xc .\CortexM3\ARM_GCC_541\Debug\PSoC5_Team13Project.a(US_L.o)
                0x00000a84                US_L_Write
 .text.US_R_Write
                0x00000a90        0xc .\CortexM3\ARM_GCC_541\Debug\PSoC5_Team13Project.a(US_R.o)
                0x00000a90                US_R_Write
 .text.Timer_L_Enable
                0x00000a9c       0x10 .\CortexM3\ARM_GCC_541\Debug\PSoC5_Team13Project.a(Timer_L.o)
                0x00000a9c                Timer_L_Enable
 .text.Timer_L_SetInterruptMode
                0x00000aac        0xc .\CortexM3\ARM_GCC_541\Debug\PSoC5_Team13Project.a(Timer_L.o)
                0x00000aac                Timer_L_SetInterruptMode
 .text.Timer_L_ReadStatusRegister
                0x00000ab8        0xc .\CortexM3\ARM_GCC_541\Debug\PSoC5_Team13Project.a(Timer_L.o)
                0x00000ab8                Timer_L_ReadStatusRegister
 .text.Timer_L_ReadPeriod
                0x00000ac4       0x10 .\CortexM3\ARM_GCC_541\Debug\PSoC5_Team13Project.a(Timer_L.o)
                0x00000ac4                Timer_L_ReadPeriod
 .text.Timer_L_WritePeriod
                0x00000ad4       0x10 .\CortexM3\ARM_GCC_541\Debug\PSoC5_Team13Project.a(Timer_L.o)
                0x00000ad4                Timer_L_WritePeriod
 .text.Timer_L_ReadCapture
                0x00000ae4       0x10 .\CortexM3\ARM_GCC_541\Debug\PSoC5_Team13Project.a(Timer_L.o)
                0x00000ae4                Timer_L_ReadCapture
 .text.Timer_L_WriteCounter
                0x00000af4       0x10 .\CortexM3\ARM_GCC_541\Debug\PSoC5_Team13Project.a(Timer_L.o)
                0x00000af4                Timer_L_WriteCounter
 .text.Timer_L_ClearFIFO
                0x00000b04       0x14 .\CortexM3\ARM_GCC_541\Debug\PSoC5_Team13Project.a(Timer_L.o)
                0x00000b04                Timer_L_ClearFIFO
 .text.Timer_L_Init
                0x00000b18       0x34 .\CortexM3\ARM_GCC_541\Debug\PSoC5_Team13Project.a(Timer_L.o)
                0x00000b18                Timer_L_Init
 .text.Timer_L_Start
                0x00000b4c       0x1c .\CortexM3\ARM_GCC_541\Debug\PSoC5_Team13Project.a(Timer_L.o)
                0x00000b4c                Timer_L_Start
 .text.Timer_R_Enable
                0x00000b68       0x10 .\CortexM3\ARM_GCC_541\Debug\PSoC5_Team13Project.a(Timer_R.o)
                0x00000b68                Timer_R_Enable
 .text.Timer_R_SetInterruptMode
                0x00000b78        0xc .\CortexM3\ARM_GCC_541\Debug\PSoC5_Team13Project.a(Timer_R.o)
                0x00000b78                Timer_R_SetInterruptMode
 .text.Timer_R_ReadStatusRegister
                0x00000b84        0xc .\CortexM3\ARM_GCC_541\Debug\PSoC5_Team13Project.a(Timer_R.o)
                0x00000b84                Timer_R_ReadStatusRegister
 .text.Timer_R_ReadPeriod
                0x00000b90       0x10 .\CortexM3\ARM_GCC_541\Debug\PSoC5_Team13Project.a(Timer_R.o)
                0x00000b90                Timer_R_ReadPeriod
 .text.Timer_R_WritePeriod
                0x00000ba0       0x10 .\CortexM3\ARM_GCC_541\Debug\PSoC5_Team13Project.a(Timer_R.o)
                0x00000ba0                Timer_R_WritePeriod
 .text.Timer_R_ReadCapture
                0x00000bb0       0x10 .\CortexM3\ARM_GCC_541\Debug\PSoC5_Team13Project.a(Timer_R.o)
                0x00000bb0                Timer_R_ReadCapture
 .text.Timer_R_WriteCounter
                0x00000bc0       0x10 .\CortexM3\ARM_GCC_541\Debug\PSoC5_Team13Project.a(Timer_R.o)
                0x00000bc0                Timer_R_WriteCounter
 .text.Timer_R_ClearFIFO
                0x00000bd0       0x14 .\CortexM3\ARM_GCC_541\Debug\PSoC5_Team13Project.a(Timer_R.o)
                0x00000bd0                Timer_R_ClearFIFO
 .text.Timer_R_Init
                0x00000be4       0x34 .\CortexM3\ARM_GCC_541\Debug\PSoC5_Team13Project.a(Timer_R.o)
                0x00000be4                Timer_R_Init
 .text.Timer_R_Start
                0x00000c18       0x1c .\CortexM3\ARM_GCC_541\Debug\PSoC5_Team13Project.a(Timer_R.o)
                0x00000c18                Timer_R_Start
 *fill*         0x00000c34        0x4 
 .text          0x00000c38       0x20 .\CortexM3\ARM_GCC_541\Debug\PSoC5_Team13Project.a(CyBootAsmGnu.o)
                0x00000c38                CyDelayCycles
                0x00000c48                CyEnterCriticalSection
                0x00000c50                CyExitCriticalSection
 .text          0x00000c58       0xac .\CortexM3\ARM_GCC_541\Debug\PSoC5_Team13Project.a(UART_AsmGnu.o)
                0x00000c58                UART_PutChar
 .text.CySetReg24
                0x00000d04       0x14 .\CortexM3\ARM_GCC_541\Debug\PSoC5_Team13Project.a(cyutils.o)
                0x00000d04                CySetReg24
 .text          0x00000d18       0x24 c:/program files (x86)/cypress/psoc creator/4.4/psoc creator/import/gnu/arm/5.4.1/bin/../lib/gcc/arm-none-eabi/5.4.1/armv7-m\libgcc.a(_udivsi3.o)
                0x00000d18                __aeabi_uidiv
                0x00000d18                __udivsi3
                0x00000d2c                __aeabi_uidivmod
 .text          0x00000d3c        0x4 c:/program files (x86)/cypress/psoc creator/4.4/psoc creator/import/gnu/arm/5.4.1/bin/../lib/gcc/arm-none-eabi/5.4.1/armv7-m\libgcc.a(_dvmd_tls.o)
                0x00000d3c                __aeabi_idiv0
                0x00000d3c                __aeabi_ldiv0
 .text          0x00000d40      0x370 c:/program files (x86)/cypress/psoc creator/4.4/psoc creator/import/gnu/arm/5.4.1/bin/../lib/gcc/arm-none-eabi/5.4.1/armv7-m\libgcc.a(_arm_addsubdf3.o)
                0x00000d40                __aeabi_drsub
                0x00000d48                __aeabi_dsub
                0x00000d48                __subdf3
                0x00000d4c                __aeabi_dadd
                0x00000d4c                __adddf3
                0x00000fc4                __floatunsidf
                0x00000fc4                __aeabi_ui2d
                0x00000fe4                __floatsidf
                0x00000fe4                __aeabi_i2d
                0x00001008                __aeabi_f2d
                0x00001008                __extendsfdf2
                0x00001044                __floatundidf
                0x00001044                __aeabi_ul2d
                0x00001054                __floatdidf
                0x00001054                __aeabi_l2d
 .text          0x000010b0      0x424 c:/program files (x86)/cypress/psoc creator/4.4/psoc creator/import/gnu/arm/5.4.1/bin/../lib/gcc/arm-none-eabi/5.4.1/armv7-m\libgcc.a(_arm_muldivdf3.o)
                0x000010b0                __aeabi_dmul
                0x000010b0                __muldf3
                0x00001304                __divdf3
                0x00001304                __aeabi_ddiv
 .text          0x000014d4       0xa0 c:/program files (x86)/cypress/psoc creator/4.4/psoc creator/import/gnu/arm/5.4.1/bin/../lib/gcc/arm-none-eabi/5.4.1/armv7-m\libgcc.a(_arm_truncdfsf2.o)
                0x000014d4                __truncdfsf2
                0x000014d4                __aeabi_d2f
 .text          0x00001574      0x21c c:/program files (x86)/cypress/psoc creator/4.4/psoc creator/import/gnu/arm/5.4.1/bin/../lib/gcc/arm-none-eabi/5.4.1/armv7-m\libgcc.a(_arm_addsubsf3.o)
                0x00001574                __aeabi_frsub
                0x0000157c                __subsf3
                0x0000157c                __aeabi_fsub
                0x00001580                __aeabi_fadd
                0x00001580                __addsf3
                0x000016e0                __aeabi_ui2f
                0x000016e0                __floatunsisf
                0x000016e8                __aeabi_i2f
                0x000016e8                __floatsisf
                0x00001704                __aeabi_ul2f
                0x00001704                __floatundisf
                0x00001714                __aeabi_l2f
                0x00001714                __floatdisf
 .text          0x00001790      0x2a0 c:/program files (x86)/cypress/psoc creator/4.4/psoc creator/import/gnu/arm/5.4.1/bin/../lib/gcc/arm-none-eabi/5.4.1/armv7-m\libgcc.a(_arm_muldivsf3.o)
                0x00001790                __mulsf3
                0x00001790                __aeabi_fmul
                0x000018f8                __aeabi_fdiv
                0x000018f8                __divsf3
 .text          0x00001a30       0xec c:/program files (x86)/cypress/psoc creator/4.4/psoc creator/import/gnu/arm/5.4.1/bin/../lib/gcc/arm-none-eabi/5.4.1/armv7-m\libgcc.a(_arm_cmpsf2.o)
                0x00001a30                __gesf2
                0x00001a30                __gtsf2
                0x00001a38                __lesf2
                0x00001a38                __ltsf2
                0x00001a40                __nesf2
                0x00001a40                __eqsf2
                0x00001a40                __cmpsf2
                0x00001aa0                __aeabi_cfrcmple
                0x00001aa8                __aeabi_cfcmpeq
                0x00001aa8                __aeabi_cfcmple
                0x00001ab8                __aeabi_fcmpeq
                0x00001acc                __aeabi_fcmplt
                0x00001ae0                __aeabi_fcmple
                0x00001af4                __aeabi_fcmpge
                0x00001b08                __aeabi_fcmpgt
 .text.__errno  0x00001b1c        0xc c:/program files (x86)/cypress/psoc creator/4.4/psoc creator/import/gnu/arm/5.4.1/bin/../lib/gcc/arm-none-eabi/5.4.1/../../../../arm-none-eabi/lib/armv7-m\libg_nano.a(lib_a-errno.o)
                0x00001b1c                __errno
 .text.__libc_init_array
                0x00001b28       0x4c c:/program files (x86)/cypress/psoc creator/4.4/psoc creator/import/gnu/arm/5.4.1/bin/../lib/gcc/arm-none-eabi/5.4.1/../../../../arm-none-eabi/lib/armv7-m\libg_nano.a(lib_a-init.o)
                0x00001b28                __libc_init_array
 .text.memcpy   0x00001b74       0x16 c:/program files (x86)/cypress/psoc creator/4.4/psoc creator/import/gnu/arm/5.4.1/bin/../lib/gcc/arm-none-eabi/5.4.1/../../../../arm-none-eabi/lib/armv7-m\libg_nano.a(lib_a-memcpy-stub.o)
                0x00001b74                memcpy
 .text.memset   0x00001b8a       0x10 c:/program files (x86)/cypress/psoc creator/4.4/psoc creator/import/gnu/arm/5.4.1/bin/../lib/gcc/arm-none-eabi/5.4.1/../../../../arm-none-eabi/lib/armv7-m\libg_nano.a(lib_a-memset.o)
                0x00001b8a                memset
 .text.__cvt    0x00001b9a       0xc0 c:/program files (x86)/cypress/psoc creator/4.4/psoc creator/import/gnu/arm/5.4.1/bin/../lib/gcc/arm-none-eabi/5.4.1/../../../../arm-none-eabi/lib/armv7-m\libg_nano.a(lib_a-nano-vfprintf_float.o)
                0x00001b9a                __cvt
 .text.__exponent
                0x00001c5a       0x62 c:/program files (x86)/cypress/psoc creator/4.4/psoc creator/import/gnu/arm/5.4.1/bin/../lib/gcc/arm-none-eabi/5.4.1/../../../../arm-none-eabi/lib/armv7-m\libg_nano.a(lib_a-nano-vfprintf_float.o)
                0x00001c5a                __exponent
 .text._printf_float
                0x00001cbc      0x488 c:/program files (x86)/cypress/psoc creator/4.4/psoc creator/import/gnu/arm/5.4.1/bin/../lib/gcc/arm-none-eabi/5.4.1/../../../../arm-none-eabi/lib/armv7-m\libg_nano.a(lib_a-nano-vfprintf_float.o)
                0x00001cbc                _printf_float
 .text._printf_common
                0x00002144       0xec c:/program files (x86)/cypress/psoc creator/4.4/psoc creator/import/gnu/arm/5.4.1/bin/../lib/gcc/arm-none-eabi/5.4.1/../../../../arm-none-eabi/lib/armv7-m\libg_nano.a(lib_a-nano-vfprintf_i.o)
                0x00002144                _printf_common
 .text._printf_i
                0x00002230      0x24c c:/program files (x86)/cypress/psoc creator/4.4/psoc creator/import/gnu/arm/5.4.1/bin/../lib/gcc/arm-none-eabi/5.4.1/../../../../arm-none-eabi/lib/armv7-m\libg_nano.a(lib_a-nano-vfprintf_i.o)
                0x00002230                _printf_i
 .text.sprintf  0x0000247c       0x48 c:/program files (x86)/cypress/psoc creator/4.4/psoc creator/import/gnu/arm/5.4.1/bin/../lib/gcc/arm-none-eabi/5.4.1/../../../../arm-none-eabi/lib/armv7-m\libg_nano.a(lib_a-sprintf.o)
                0x0000247c                siprintf
                0x0000247c                sprintf
 .text          0x000024c4       0x10 c:/program files (x86)/cypress/psoc creator/4.4/psoc creator/import/gnu/arm/5.4.1/bin/../lib/gcc/arm-none-eabi/5.4.1/../../../../arm-none-eabi/lib/armv7-m\libg_nano.a(lib_a-strlen.o)
                0x000024c4                strlen
 .text.quorem   0x000024d4      0x116 c:/program files (x86)/cypress/psoc creator/4.4/psoc creator/import/gnu/arm/5.4.1/bin/../lib/gcc/arm-none-eabi/5.4.1/../../../../arm-none-eabi/lib/armv7-m\libg_nano.a(lib_a-dtoa.o)
 *fill*         0x000025ea        0x6 
 .text._dtoa_r  0x000025f0      0xb30 c:/program files (x86)/cypress/psoc creator/4.4/psoc creator/import/gnu/arm/5.4.1/bin/../lib/gcc/arm-none-eabi/5.4.1/../../../../arm-none-eabi/lib/armv7-m\libg_nano.a(lib_a-dtoa.o)
                0x000025f0                _dtoa_r
 .text._localeconv_r
                0x00003120        0x8 c:/program files (x86)/cypress/psoc creator/4.4/psoc creator/import/gnu/arm/5.4.1/bin/../lib/gcc/arm-none-eabi/5.4.1/../../../../arm-none-eabi/lib/armv7-m\libg_nano.a(lib_a-locale.o)
                0x00003120                _localeconv_r
 .text.malloc   0x00003128       0x10 c:/program files (x86)/cypress/psoc creator/4.4/psoc creator/import/gnu/arm/5.4.1/bin/../lib/gcc/arm-none-eabi/5.4.1/../../../../arm-none-eabi/lib/armv7-m\libg_nano.a(lib_a-malloc.o)
                0x00003128                malloc
 .text.memchr   0x00003138       0x1c c:/program files (x86)/cypress/psoc creator/4.4/psoc creator/import/gnu/arm/5.4.1/bin/../lib/gcc/arm-none-eabi/5.4.1/../../../../arm-none-eabi/lib/armv7-m\libg_nano.a(lib_a-memchr-stub.o)
                0x00003138                memchr
 .text._Balloc  0x00003154       0x6a c:/program files (x86)/cypress/psoc creator/4.4/psoc creator/import/gnu/arm/5.4.1/bin/../lib/gcc/arm-none-eabi/5.4.1/../../../../arm-none-eabi/lib/armv7-m\libg_nano.a(lib_a-mprec.o)
                0x00003154                _Balloc
 .text._Bfree   0x000031be       0x2e c:/program files (x86)/cypress/psoc creator/4.4/psoc creator/import/gnu/arm/5.4.1/bin/../lib/gcc/arm-none-eabi/5.4.1/../../../../arm-none-eabi/lib/armv7-m\libg_nano.a(lib_a-mprec.o)
                0x000031be                _Bfree
 .text.__multadd
                0x000031ec       0x76 c:/program files (x86)/cypress/psoc creator/4.4/psoc creator/import/gnu/arm/5.4.1/bin/../lib/gcc/arm-none-eabi/5.4.1/../../../../arm-none-eabi/lib/armv7-m\libg_nano.a(lib_a-mprec.o)
                0x000031ec                __multadd
 .text.__hi0bits
                0x00003262       0x40 c:/program files (x86)/cypress/psoc creator/4.4/psoc creator/import/gnu/arm/5.4.1/bin/../lib/gcc/arm-none-eabi/5.4.1/../../../../arm-none-eabi/lib/armv7-m\libg_nano.a(lib_a-mprec.o)
                0x00003262                __hi0bits
 .text.__lo0bits
                0x000032a2       0x5a c:/program files (x86)/cypress/psoc creator/4.4/psoc creator/import/gnu/arm/5.4.1/bin/../lib/gcc/arm-none-eabi/5.4.1/../../../../arm-none-eabi/lib/armv7-m\libg_nano.a(lib_a-mprec.o)
                0x000032a2                __lo0bits
 .text.__i2b    0x000032fc       0x12 c:/program files (x86)/cypress/psoc creator/4.4/psoc creator/import/gnu/arm/5.4.1/bin/../lib/gcc/arm-none-eabi/5.4.1/../../../../arm-none-eabi/lib/armv7-m\libg_nano.a(lib_a-mprec.o)
                0x000032fc                __i2b
 .text.__multiply
                0x0000330e      0x120 c:/program files (x86)/cypress/psoc creator/4.4/psoc creator/import/gnu/arm/5.4.1/bin/../lib/gcc/arm-none-eabi/5.4.1/../../../../arm-none-eabi/lib/armv7-m\libg_nano.a(lib_a-mprec.o)
                0x0000330e                __multiply
 *fill*         0x0000342e        0x2 
 .text.__pow5mult
                0x00003430       0x9c c:/program files (x86)/cypress/psoc creator/4.4/psoc creator/import/gnu/arm/5.4.1/bin/../lib/gcc/arm-none-eabi/5.4.1/../../../../arm-none-eabi/lib/armv7-m\libg_nano.a(lib_a-mprec.o)
                0x00003430                __pow5mult
 .text.__lshift
                0x000034cc       0xa2 c:/program files (x86)/cypress/psoc creator/4.4/psoc creator/import/gnu/arm/5.4.1/bin/../lib/gcc/arm-none-eabi/5.4.1/../../../../arm-none-eabi/lib/armv7-m\libg_nano.a(lib_a-mprec.o)
                0x000034cc                __lshift
 .text.__mcmp   0x0000356e       0x38 c:/program files (x86)/cypress/psoc creator/4.4/psoc creator/import/gnu/arm/5.4.1/bin/../lib/gcc/arm-none-eabi/5.4.1/../../../../arm-none-eabi/lib/armv7-m\libg_nano.a(lib_a-mprec.o)
                0x0000356e                __mcmp
 .text.__mdiff  0x000035a6       0xbe c:/program files (x86)/cypress/psoc creator/4.4/psoc creator/import/gnu/arm/5.4.1/bin/../lib/gcc/arm-none-eabi/5.4.1/../../../../arm-none-eabi/lib/armv7-m\libg_nano.a(lib_a-mprec.o)
                0x000035a6                __mdiff
 .text.__d2b    0x00003664       0x9c c:/program files (x86)/cypress/psoc creator/4.4/psoc creator/import/gnu/arm/5.4.1/bin/../lib/gcc/arm-none-eabi/5.4.1/../../../../arm-none-eabi/lib/armv7-m\libg_nano.a(lib_a-mprec.o)
                0x00003664                __d2b
 .text._calloc_r
                0x00003700       0x1c c:/program files (x86)/cypress/psoc creator/4.4/psoc creator/import/gnu/arm/5.4.1/bin/../lib/gcc/arm-none-eabi/5.4.1/../../../../arm-none-eabi/lib/armv7-m\libg_nano.a(lib_a-nano-callocr.o)
                0x00003700                _calloc_r
 .text._free_r  0x0000371c       0x98 c:/program files (x86)/cypress/psoc creator/4.4/psoc creator/import/gnu/arm/5.4.1/bin/../lib/gcc/arm-none-eabi/5.4.1/../../../../arm-none-eabi/lib/armv7-m\libg_nano.a(lib_a-nano-freer.o)
                0x0000371c                _free_r
 .text._malloc_r
                0x000037b4       0xbc c:/program files (x86)/cypress/psoc creator/4.4/psoc creator/import/gnu/arm/5.4.1/bin/../lib/gcc/arm-none-eabi/5.4.1/../../../../arm-none-eabi/lib/armv7-m\libg_nano.a(lib_a-nano-mallocr.o)
                0x000037b4                _malloc_r
 .text.__ssputs_r
                0x00003870       0xb2 c:/program files (x86)/cypress/psoc creator/4.4/psoc creator/import/gnu/arm/5.4.1/bin/../lib/gcc/arm-none-eabi/5.4.1/../../../../arm-none-eabi/lib/armv7-m\libg_nano.a(lib_a-nano-svfprintf.o)
                0x00003870                __ssputs_r
 *fill*         0x00003922        0x2 
 .text._svfprintf_r
                0x00003924      0x1e8 c:/program files (x86)/cypress/psoc creator/4.4/psoc creator/import/gnu/arm/5.4.1/bin/../lib/gcc/arm-none-eabi/5.4.1/../../../../arm-none-eabi/lib/armv7-m\libg_nano.a(lib_a-nano-svfprintf.o)
                0x00003924                _svfiprintf_r
                0x00003924                _svfprintf_r
 .text._sbrk_r  0x00003b0c       0x20 c:/program files (x86)/cypress/psoc creator/4.4/psoc creator/import/gnu/arm/5.4.1/bin/../lib/gcc/arm-none-eabi/5.4.1/../../../../arm-none-eabi/lib/armv7-m\libg_nano.a(lib_a-sbrkr.o)
                0x00003b0c                _sbrk_r
 .text.memmove  0x00003b2c       0x36 c:/program files (x86)/cypress/psoc creator/4.4/psoc creator/import/gnu/arm/5.4.1/bin/../lib/gcc/arm-none-eabi/5.4.1/../../../../arm-none-eabi/lib/armv7-m\libg_nano.a(lib_a-memmove.o)
                0x00003b2c                memmove
 .text.__malloc_lock
                0x00003b62        0x2 c:/program files (x86)/cypress/psoc creator/4.4/psoc creator/import/gnu/arm/5.4.1/bin/../lib/gcc/arm-none-eabi/5.4.1/../../../../arm-none-eabi/lib/armv7-m\libg_nano.a(lib_a-mlock.o)
                0x00003b62                __malloc_lock
 .text.__malloc_unlock
                0x00003b64        0x2 c:/program files (x86)/cypress/psoc creator/4.4/psoc creator/import/gnu/arm/5.4.1/bin/../lib/gcc/arm-none-eabi/5.4.1/../../../../arm-none-eabi/lib/armv7-m\libg_nano.a(lib_a-mlock.o)
                0x00003b64                __malloc_unlock
 .text._realloc_r
                0x00003b66       0x4c c:/program files (x86)/cypress/psoc creator/4.4/psoc creator/import/gnu/arm/5.4.1/bin/../lib/gcc/arm-none-eabi/5.4.1/../../../../arm-none-eabi/lib/armv7-m\libg_nano.a(lib_a-nano-reallocr.o)
                0x00003b66                _realloc_r
 .text._malloc_usable_size_r
                0x00003bb2       0x14 c:/program files (x86)/cypress/psoc creator/4.4/psoc creator/import/gnu/arm/5.4.1/bin/../lib/gcc/arm-none-eabi/5.4.1/../../../../arm-none-eabi/lib/armv7-m\libg_nano.a(lib_a-nano-msizer.o)
                0x00003bb2                _malloc_usable_size_r
 *fill*         0x00003bc6        0x2 
 .text          0x00003bc8      0x110 c:/program files (x86)/cypress/psoc creator/4.4/psoc creator/import/gnu/arm/5.4.1/bin/../lib/gcc/arm-none-eabi/5.4.1/armv7-m\libgcc.a(_arm_cmpdf2.o)
                0x00003bc8                __gtdf2
                0x00003bc8                __gedf2
                0x00003bd0                __ltdf2
                0x00003bd0                __ledf2
                0x00003bd8                __nedf2
                0x00003bd8                __eqdf2
                0x00003bd8                __cmpdf2
                0x00003c54                __aeabi_cdrcmple
                0x00003c64                __aeabi_cdcmpeq
                0x00003c64                __aeabi_cdcmple
                0x00003c74                __aeabi_dcmpeq
                0x00003c88                __aeabi_dcmplt
                0x00003c9c                __aeabi_dcmple
                0x00003cb0                __aeabi_dcmpge
                0x00003cc4                __aeabi_dcmpgt
 .text          0x00003cd8       0x2c c:/program files (x86)/cypress/psoc creator/4.4/psoc creator/import/gnu/arm/5.4.1/bin/../lib/gcc/arm-none-eabi/5.4.1/armv7-m\libgcc.a(_arm_unorddf2.o)
                0x00003cd8                __unorddf2
                0x00003cd8                __aeabi_dcmpun
 .text          0x00003d04       0x50 c:/program files (x86)/cypress/psoc creator/4.4/psoc creator/import/gnu/arm/5.4.1/bin/../lib/gcc/arm-none-eabi/5.4.1/armv7-m\libgcc.a(_arm_fixdfsi.o)
                0x00003d04                __aeabi_d2iz
                0x00003d04                __fixdfsi
 *(.plt)
 *(.gnu.warning)
 *(.glue_7t)
 .glue_7t       0x00003d54        0x0 linker stubs
 *(.glue_7)
 .glue_7        0x00003d54        0x0 linker stubs
 *(.vfp11_veneer)
 .vfp11_veneer  0x00003d54        0x0 linker stubs
 *(.bootloader)
 *(.ARM.extab* .gnu.linkonce.armextab.*)
 *(.gcc_except_table)

.v4_bx          0x00003d54        0x0
 .v4_bx         0x00003d54        0x0 linker stubs

.iplt           0x00003d54        0x0
 .iplt          0x00003d54        0x0 c:/program files (x86)/cypress/psoc creator/4.4/psoc creator/import/gnu/arm/5.4.1/bin/../lib/gcc/arm-none-eabi/5.4.1/armv7-m/crtbegin.o

.eh_frame_hdr
 *(.eh_frame_hdr)

.eh_frame       0x00003d54        0x4
 *(.eh_frame)
 .eh_frame      0x00003d54        0x0 c:/program files (x86)/cypress/psoc creator/4.4/psoc creator/import/gnu/arm/5.4.1/bin/../lib/gcc/arm-none-eabi/5.4.1/armv7-m/crtbegin.o
 .eh_frame      0x00003d54        0x4 c:/program files (x86)/cypress/psoc creator/4.4/psoc creator/import/gnu/arm/5.4.1/bin/../lib/gcc/arm-none-eabi/5.4.1/armv7-m/crtend.o
                [!provide]                PROVIDE (__exidx_start, .)

.ARM.exidx
 *(.ARM.exidx* .gnu.linkonce.armexidx.*)
                0x00003d58                __exidx_end = .

.rodata         0x00003d58      0x200
 *(.rodata .rodata.* .gnu.linkonce.r.*)
 .rodata.str1.4
                0x00003d58       0x12 .\CortexM3\ARM_GCC_541\Debug\main.o
 *fill*         0x00003d6a        0x2 
 .rodata.str1.4
                0x00003d6c       0x10 .\CortexM3\ARM_GCC_541\Debug\HCSR04.o
 .rodata        0x00003d7c       0x44 .\CortexM3\ARM_GCC_541\Debug\cyfitter_cfg.o
 .rodata.str1.1
                0x00003dc0        0x2 c:/program files (x86)/cypress/psoc creator/4.4/psoc creator/import/gnu/arm/5.4.1/bin/../lib/gcc/arm-none-eabi/5.4.1/../../../../arm-none-eabi/lib/armv7-m\libg_nano.a(lib_a-impure.o)
 .rodata.str1.1
                0x00003dc2       0x12 c:/program files (x86)/cypress/psoc creator/4.4/psoc creator/import/gnu/arm/5.4.1/bin/../lib/gcc/arm-none-eabi/5.4.1/../../../../arm-none-eabi/lib/armv7-m\libg_nano.a(lib_a-nano-vfprintf_float.o)
 .rodata.str1.1
                0x00003dd4       0x22 c:/program files (x86)/cypress/psoc creator/4.4/psoc creator/import/gnu/arm/5.4.1/bin/../lib/gcc/arm-none-eabi/5.4.1/../../../../arm-none-eabi/lib/armv7-m\libg_nano.a(lib_a-nano-vfprintf_i.o)
 .rodata.str1.1
                0x00003df6        0xd c:/program files (x86)/cypress/psoc creator/4.4/psoc creator/import/gnu/arm/5.4.1/bin/../lib/gcc/arm-none-eabi/5.4.1/../../../../arm-none-eabi/lib/armv7-m\libg_nano.a(lib_a-dtoa.o)
                                  0xf (size before relaxing)
 .rodata.str1.1
                0x00003e03        0x8 c:/program files (x86)/cypress/psoc creator/4.4/psoc creator/import/gnu/arm/5.4.1/bin/../lib/gcc/arm-none-eabi/5.4.1/../../../../arm-none-eabi/lib/armv7-m\libg_nano.a(lib_a-locale.o)
                                  0xb (size before relaxing)
 *fill*         0x00003e0b        0x5 
 .rodata.__mprec_tens
                0x00003e10       0xc8 c:/program files (x86)/cypress/psoc creator/4.4/psoc creator/import/gnu/arm/5.4.1/bin/../lib/gcc/arm-none-eabi/5.4.1/../../../../arm-none-eabi/lib/armv7-m\libg_nano.a(lib_a-mprec.o)
                0x00003e10                __mprec_tens
 .rodata.p05.5408
                0x00003ed8        0xc c:/program files (x86)/cypress/psoc creator/4.4/psoc creator/import/gnu/arm/5.4.1/bin/../lib/gcc/arm-none-eabi/5.4.1/../../../../arm-none-eabi/lib/armv7-m\libg_nano.a(lib_a-mprec.o)
 *fill*         0x00003ee4        0x4 
 .rodata.__mprec_bigtens
                0x00003ee8       0x28 c:/program files (x86)/cypress/psoc creator/4.4/psoc creator/import/gnu/arm/5.4.1/bin/../lib/gcc/arm-none-eabi/5.4.1/../../../../arm-none-eabi/lib/armv7-m\libg_nano.a(lib_a-mprec.o)
                0x00003ee8                __mprec_bigtens
 .rodata.str1.1
                0x00003f10       0x11 c:/program files (x86)/cypress/psoc creator/4.4/psoc creator/import/gnu/arm/5.4.1/bin/../lib/gcc/arm-none-eabi/5.4.1/../../../../arm-none-eabi/lib/armv7-m\libg_nano.a(lib_a-nano-svfprintf.o)
                0x00003f24                . = ALIGN (0x4)
 *fill*         0x00003f21        0x3 
 *(.init)
 .init          0x00003f24        0x4 c:/program files (x86)/cypress/psoc creator/4.4/psoc creator/import/gnu/arm/5.4.1/bin/../lib/gcc/arm-none-eabi/5.4.1/armv7-m/crti.o
                0x00003f24                _init
 .init          0x00003f28        0x8 c:/program files (x86)/cypress/psoc creator/4.4/psoc creator/import/gnu/arm/5.4.1/bin/../lib/gcc/arm-none-eabi/5.4.1/armv7-m/crtn.o
                0x00003f30                . = ALIGN (0x4)
                0x00003f30                __preinit_array_start = .
 *(.preinit_array)
                0x00003f30                __preinit_array_end = .
                0x00003f30                . = ALIGN (0x4)
                0x00003f30                __init_array_start = .
 *(SORT(.init_array.*))
 *(.init_array)
 .init_array    0x00003f30        0x4 c:/program files (x86)/cypress/psoc creator/4.4/psoc creator/import/gnu/arm/5.4.1/bin/../lib/gcc/arm-none-eabi/5.4.1/armv7-m/crtbegin.o
 .init_array    0x00003f34        0x4 .\CortexM3\ARM_GCC_541\Debug\Cm3Start.o
                0x00003f38                __init_array_end = .
                0x00003f38                . = ALIGN (0x4)
 *(.fini)
 .fini          0x00003f38        0x4 c:/program files (x86)/cypress/psoc creator/4.4/psoc creator/import/gnu/arm/5.4.1/bin/../lib/gcc/arm-none-eabi/5.4.1/armv7-m/crti.o
                0x00003f38                _fini
 .fini          0x00003f3c        0x8 c:/program files (x86)/cypress/psoc creator/4.4/psoc creator/import/gnu/arm/5.4.1/bin/../lib/gcc/arm-none-eabi/5.4.1/armv7-m/crtn.o
                0x00003f44                . = ALIGN (0x4)
                0x00003f44                __fini_array_start = .
 *(.fini_array)
 .fini_array    0x00003f44        0x4 c:/program files (x86)/cypress/psoc creator/4.4/psoc creator/import/gnu/arm/5.4.1/bin/../lib/gcc/arm-none-eabi/5.4.1/armv7-m/crtbegin.o
 *(SORT(.fini_array.*))
                0x00003f48                __fini_array_end = .
                0x00003f48                . = ALIGN (0x4)
 *crtbegin.o(.ctors)
 *(EXCLUDE_FILE(*crtend.o) .ctors)
 *(SORT(.ctors.*))
 *crtend.o(.ctors)
                0x00003f48                . = ALIGN (0x4)
 *crtbegin.o(.dtors)
 *(EXCLUDE_FILE(*crtend.o) .dtors)
 *(SORT(.dtors.*))
 *crtend.o(.dtors)
                0x00003f48                . = ALIGN (0x4)
                0x00003f48                __cy_regions = .
                0x00003f48        0x4 LONG 0x3f58 __cy_region_init_ram
                0x00003f4c        0x4 LONG 0x1fff80c8 __cy_region_start_data
                0x00003f50        0x4 LONG 0xc8 __cy_region_init_size_ram
                0x00003f54        0x4 LONG 0xe0 __cy_region_zero_size_ram
                0x00003f58                __cy_regions_end = .
                0x00003f58                . = ALIGN (0x8)
                0x00003f58                _etext = .

.cy_checksum_exclude
                0x00003f58        0x0
 *(.cy_checksum_exclude)

.ramvectors     0x1fff8000       0xc0
                0x1fff8000                __cy_region_start_ram = .
 *(.ramvectors)
 .ramvectors    0x1fff8000       0xc0 .\CortexM3\ARM_GCC_541\Debug\Cm3Start.o
                0x1fff8000                CyRamVectors

.noinit         0x1fff80c0        0x1
 *(.noinit)
 .noinit        0x1fff80c0        0x1 .\CortexM3\ARM_GCC_541\Debug\PSoC5_Team13Project.a(CyLib.o)
                0x1fff80c0                CyResetStatus

.data           0x1fff80c8       0xc8 load address 0x00003f58
                0x1fff80c8                __cy_region_start_data = .
 *(.jcr)
 .jcr           0x1fff80c8        0x0 c:/program files (x86)/cypress/psoc creator/4.4/psoc creator/import/gnu/arm/5.4.1/bin/../lib/gcc/arm-none-eabi/5.4.1/armv7-m/crtbegin.o
 .jcr           0x1fff80c8        0x4 c:/program files (x86)/cypress/psoc creator/4.4/psoc creator/import/gnu/arm/5.4.1/bin/../lib/gcc/arm-none-eabi/5.4.1/armv7-m/crtend.o
 *(.got.plt)
 *(.got)
 *(.shdata)
 *(.data .data.* .gnu.linkonce.d.*)
 .data          0x1fff80cc        0x4 .\CortexM3\ARM_GCC_541\Debug\main.o
                0x1fff80cc                mask
 .data          0x1fff80d0        0x4 .\CortexM3\ARM_GCC_541\Debug\HCSR04.o
                0x1fff80d0                spSound
 .data          0x1fff80d4        0x4 .\CortexM3\ARM_GCC_541\Debug\Cm3Start.o
 .data          0x1fff80d8       0x10 .\CortexM3\ARM_GCC_541\Debug\PSoC5_Team13Project.a(CyLib.o)
                0x1fff80d8                cydelay_32k_ms
                0x1fff80dc                cydelay_freq_khz
                0x1fff80e0                cydelay_freq_mhz
                0x1fff80e4                cydelay_freq_hz
 .data          0x1fff80e8        0xc .\CortexM3\ARM_GCC_541\Debug\PSoC5_Team13Project.a(UART.o)
                0x1fff80e8                UART_pinDrAdress
                0x1fff80ec                UART_pinPortNumber
                0x1fff80f0                UART_pinNumber
 .data.impure_data
                0x1fff80f4       0x60 c:/program files (x86)/cypress/psoc creator/4.4/psoc creator/import/gnu/arm/5.4.1/bin/../lib/gcc/arm-none-eabi/5.4.1/../../../../arm-none-eabi/lib/armv7-m\libg_nano.a(lib_a-impure.o)
 .data._impure_ptr
                0x1fff8154        0x4 c:/program files (x86)/cypress/psoc creator/4.4/psoc creator/import/gnu/arm/5.4.1/bin/../lib/gcc/arm-none-eabi/5.4.1/../../../../arm-none-eabi/lib/armv7-m\libg_nano.a(lib_a-impure.o)
                0x1fff8154                _impure_ptr
 .data.lconv    0x1fff8158       0x38 c:/program files (x86)/cypress/psoc creator/4.4/psoc creator/import/gnu/arm/5.4.1/bin/../lib/gcc/arm-none-eabi/5.4.1/../../../../arm-none-eabi/lib/armv7-m\libg_nano.a(lib_a-locale.o)
                0x1fff8190                . = ALIGN (0x8)
 *(.ram)
                0x1fff8190                _edata = .

.igot.plt       0x1fff8190        0x0 load address 0x00004020
 .igot.plt      0x1fff8190        0x0 c:/program files (x86)/cypress/psoc creator/4.4/psoc creator/import/gnu/arm/5.4.1/bin/../lib/gcc/arm-none-eabi/5.4.1/armv7-m/crtbegin.o

.bss            0x1fff8190       0xe0 load address 0x00004020
                0x1fff8190                PROVIDE (__bss_start__, .)
 *(.shbss)
 *(.bss .bss.* .gnu.linkonce.b.*)
 .bss           0x1fff8190       0x1c c:/program files (x86)/cypress/psoc creator/4.4/psoc creator/import/gnu/arm/5.4.1/bin/../lib/gcc/arm-none-eabi/5.4.1/armv7-m/crtbegin.o
 .bss           0x1fff81ac       0x52 .\CortexM3\ARM_GCC_541\Debug\main.o
                0x1fff81ac                startFlag
                0x1fff81b0                rxCount
                0x1fff81b4                RxBuffer
                0x1fff81c0                comString
                0x1fff81e0                rxString
 *fill*         0x1fff81fe        0x2 
 .bss           0x1fff8200       0x2c .\CortexM3\ARM_GCC_541\Debug\HCSR04.o
                0x1fff8200                initFlag
                0x1fff8204                mCounterL
                0x1fff8208                distL
                0x1fff8214                mCounterR
                0x1fff8218                distR
                0x1fff8224                compRFlag
                0x1fff8228                compLFlag
 .bss           0x1fff822c        0x2 .\CortexM3\ARM_GCC_541\Debug\PSoC5_Team13Project.a(UART_RPi.o)
                0x1fff822c                UART_RPi_initVar
 .bss           0x1fff822e        0x1 .\CortexM3\ARM_GCC_541\Debug\PSoC5_Team13Project.a(Timer_L.o)
                0x1fff822e                Timer_L_initVar
 .bss           0x1fff822f        0x1 .\CortexM3\ARM_GCC_541\Debug\PSoC5_Team13Project.a(Timer_R.o)
                0x1fff822f                Timer_R_initVar
 .bss.__malloc_sbrk_start
                0x1fff8230        0x4 c:/program files (x86)/cypress/psoc creator/4.4/psoc creator/import/gnu/arm/5.4.1/bin/../lib/gcc/arm-none-eabi/5.4.1/../../../../arm-none-eabi/lib/armv7-m\libg_nano.a(lib_a-nano-mallocr.o)
                0x1fff8230                __malloc_sbrk_start
 .bss.__malloc_free_list
                0x1fff8234        0x4 c:/program files (x86)/cypress/psoc creator/4.4/psoc creator/import/gnu/arm/5.4.1/bin/../lib/gcc/arm-none-eabi/5.4.1/../../../../arm-none-eabi/lib/armv7-m\libg_nano.a(lib_a-nano-mallocr.o)
                0x1fff8234                __malloc_free_list
 *(COMMON)
 COMMON         0x1fff8238       0x34 .\CortexM3\ARM_GCC_541\Debug\main.o
                0x1fff8238                string
                0x1fff8256                rxByte
                0x1fff8258                prm1
                0x1fff825c                B2
                0x1fff8260                B1
                0x1fff8264                prm2
                0x1fff8268                fn
 COMMON         0x1fff826c        0x4 c:/program files (x86)/cypress/psoc creator/4.4/psoc creator/import/gnu/arm/5.4.1/bin/../lib/gcc/arm-none-eabi/5.4.1/../../../../arm-none-eabi/lib/armv7-m\libg_nano.a(lib_a-reent.o)
                0x1fff826c                errno
                0x1fff8270                . = ALIGN (0x8)
 *(.ram.b)
                0x1fff8270                _end = .
                0x1fff8270                __end = .
                0x1fff8270                PROVIDE (end, .)
                0x1fff8270                PROVIDE (__bss_end__, .)
                0x00003f58                __cy_region_init_ram = LOADADDR (.data)
                0x000000c8                __cy_region_init_size_ram = (_edata - ADDR (.data))
                0x000000e0                __cy_region_zero_size_ram = (_end - _edata)

.heap           0x1fff8270      0x800 load address 0x00004020
                0x1fff8270                . = _end
                0x1fff8a70                . = (. + 0x800)
 *fill*         0x1fff8270      0x800 
                0x1fff8a70                __cy_heap_limit = .

.stack          0x20007800      0x800
                0x20007800                __cy_stack_limit = .
                0x20008000                . = (. + 0x800)
 *fill*         0x20007800      0x800 
                0x00000001                ASSERT ((__cy_stack_limit >= __cy_heap_limit), region RAM overflowed with stack)
                0x00000000                cy_checksum_exclude_size = (CY_APPL_LOADABLE == 0x1)?SIZEOF (.cy_checksum_exclude):0x0
                0x00000001                ASSERT ((cy_checksum_exclude_size <= CY_CHECKSUM_EXCLUDE_SIZE), CY_BOOT: Section .cy_checksum_exclude size exceedes specified limit.)

.cyloadermeta
 *(.cyloadermeta)

.cyloadablemeta
 *(.cyloadablemeta)

.cyconfigecc    0x80000000      0xa24
 *(.cyconfigecc)
 .cyconfigecc   0x80000000      0xa24 .\CortexM3\ARM_GCC_541\Debug\cymetadata.o
                0x80000000                cy_meta_configecc

.cycustnvl      0x90000000        0x4
 *(.cycustnvl)
 .cycustnvl     0x90000000        0x4 .\CortexM3\ARM_GCC_541\Debug\cymetadata.o
                0x90000000                cy_meta_custnvl

.cywolatch      0x90100000        0x4
 *(.cywolatch)
 .cywolatch     0x90100000        0x4 .\CortexM3\ARM_GCC_541\Debug\cymetadata.o
                0x90100000                cy_meta_wonvl

.cyeeprom       0x90200000        0x0
 *(.cyeeprom)
                0x00000001                ASSERT ((. <= ((0x90200000 + ee_offset) + ee_size)), .cyeeprom data will not fit in EEPROM)

.cyflashprotect
                0x90400000      0x100
 *(.cyflashprotect)
 .cyflashprotect
                0x90400000      0x100 .\CortexM3\ARM_GCC_541\Debug\cymetadata.o
                0x90400000                cy_meta_flashprotect

.cymeta         0x90500000        0xc
 *(.cymeta)
 .cymeta        0x90500000        0xc .\CortexM3\ARM_GCC_541\Debug\cymetadata.o
                0x90500000                cy_metadata

.rel.dyn        0x00004020        0x0 load address 0x9050000c
 .rel.iplt      0x00004020        0x0 c:/program files (x86)/cypress/psoc creator/4.4/psoc creator/import/gnu/arm/5.4.1/bin/../lib/gcc/arm-none-eabi/5.4.1/armv7-m/crtbegin.o

.stab
 *(.stab)

.stabstr
 *(.stabstr)

.debug
 *(.debug)

.line
 *(.line)

.debug_srcinfo
 *(.debug_srcinfo)

.debug_sfnames
 *(.debug_sfnames)

.debug_aranges  0x00000000      0xd40
 *(.debug_aranges)
 .debug_aranges
                0x00000000       0x28 .\CortexM3\ARM_GCC_541\Debug\main.o
 .debug_aranges
                0x00000028       0x30 .\CortexM3\ARM_GCC_541\Debug\SBT0811.o
 .debug_aranges
                0x00000058       0x80 .\CortexM3\ARM_GCC_541\Debug\IMU.o
 .debug_aranges
                0x000000d8       0x38 .\CortexM3\ARM_GCC_541\Debug\SG90.o
 .debug_aranges
                0x00000110       0x58 .\CortexM3\ARM_GCC_541\Debug\TB9051.o
 .debug_aranges
                0x00000168       0x28 .\CortexM3\ARM_GCC_541\Debug\fnReceive.o
 .debug_aranges
                0x00000190       0x48 .\CortexM3\ARM_GCC_541\Debug\HCSR04.o
 .debug_aranges
                0x000001d8       0x58 .\CortexM3\ARM_GCC_541\Debug\cyfitter_cfg.o
 .debug_aranges
                0x00000230       0x18 .\CortexM3\ARM_GCC_541\Debug\cymetadata.o
 .debug_aranges
                0x00000248       0x48 .\CortexM3\ARM_GCC_541\Debug\Cm3Start.o
 .debug_aranges
                0x00000290      0x2a0 .\CortexM3\ARM_GCC_541\Debug\PSoC5_Team13Project.a(CyLib.o)
 .debug_aranges
                0x00000530       0x98 .\CortexM3\ARM_GCC_541\Debug\PSoC5_Team13Project.a(cyPm.o)
 .debug_aranges
                0x000005c8       0x28 .\CortexM3\ARM_GCC_541\Debug\PSoC5_Team13Project.a(StepperDriver.o)
 .debug_aranges
                0x000005f0       0x38 .\CortexM3\ARM_GCC_541\Debug\PSoC5_Team13Project.a(I2C_1.o)
 .debug_aranges
                0x00000628       0x20 .\CortexM3\ARM_GCC_541\Debug\PSoC5_Team13Project.a(I2C_1_INT.o)
 .debug_aranges
                0x00000648       0x38 .\CortexM3\ARM_GCC_541\Debug\PSoC5_Team13Project.a(I2C_1_PM.o)
 .debug_aranges
                0x00000680       0x68 .\CortexM3\ARM_GCC_541\Debug\PSoC5_Team13Project.a(I2C_1_SLAVE.o)
 .debug_aranges
                0x000006e8       0x28 .\CortexM3\ARM_GCC_541\Debug\PSoC5_Team13Project.a(TB9051_EN.o)
 .debug_aranges
                0x00000710       0x28 .\CortexM3\ARM_GCC_541\Debug\PSoC5_Team13Project.a(QuadPWM.o)
 .debug_aranges
                0x00000738       0x50 .\CortexM3\ARM_GCC_541\Debug\PSoC5_Team13Project.a(UART.o)
 .debug_aranges
                0x00000788       0xf0 .\CortexM3\ARM_GCC_541\Debug\PSoC5_Team13Project.a(UART_RPi.o)
 .debug_aranges
                0x00000878       0x70 .\CortexM3\ARM_GCC_541\Debug\PSoC5_Team13Project.a(UART_RPi_IntClock.o)
 .debug_aranges
                0x000008e8       0x80 .\CortexM3\ARM_GCC_541\Debug\PSoC5_Team13Project.a(RX.o)
 .debug_aranges
                0x00000968       0x80 .\CortexM3\ARM_GCC_541\Debug\PSoC5_Team13Project.a(E_L.o)
 .debug_aranges
                0x000009e8       0x80 .\CortexM3\ARM_GCC_541\Debug\PSoC5_Team13Project.a(E_R.o)
 .debug_aranges
                0x00000a68       0x28 .\CortexM3\ARM_GCC_541\Debug\PSoC5_Team13Project.a(US_L.o)
 .debug_aranges
                0x00000a90       0x28 .\CortexM3\ARM_GCC_541\Debug\PSoC5_Team13Project.a(US_R.o)
 .debug_aranges
                0x00000ab8       0x90 .\CortexM3\ARM_GCC_541\Debug\PSoC5_Team13Project.a(Timer_L.o)
 .debug_aranges
                0x00000b48       0x90 .\CortexM3\ARM_GCC_541\Debug\PSoC5_Team13Project.a(Timer_R.o)
 .debug_aranges
                0x00000bd8       0x20 .\CortexM3\ARM_GCC_541\Debug\PSoC5_Team13Project.a(CyBootAsmGnu.o)
 .debug_aranges
                0x00000bf8       0x20 .\CortexM3\ARM_GCC_541\Debug\PSoC5_Team13Project.a(UART_AsmGnu.o)
 .debug_aranges
                0x00000c18       0x88 .\CortexM3\ARM_GCC_541\Debug\PSoC5_Team13Project.a(CyFlash.o)
 .debug_aranges
                0x00000ca0       0x80 .\CortexM3\ARM_GCC_541\Debug\PSoC5_Team13Project.a(CySpc.o)
 .debug_aranges
                0x00000d20       0x20 .\CortexM3\ARM_GCC_541\Debug\PSoC5_Team13Project.a(cyutils.o)

.debug_pubnames
 *(.debug_pubnames)

.debug_info     0x00000000     0x8253
 *(.debug_info .gnu.linkonce.wi.*)
 .debug_info    0x00000000      0x345 .\CortexM3\ARM_GCC_541\Debug\main.o
 .debug_info    0x00000345      0x452 .\CortexM3\ARM_GCC_541\Debug\SBT0811.o
 .debug_info    0x00000797     0x10cd .\CortexM3\ARM_GCC_541\Debug\IMU.o
 .debug_info    0x00001864      0x11f .\CortexM3\ARM_GCC_541\Debug\SG90.o
 .debug_info    0x00001983      0x4a8 .\CortexM3\ARM_GCC_541\Debug\TB9051.o
 .debug_info    0x00001e2b      0x1d6 .\CortexM3\ARM_GCC_541\Debug\fnReceive.o
 .debug_info    0x00002001      0x4d2 .\CortexM3\ARM_GCC_541\Debug\HCSR04.o
 .debug_info    0x000024d3      0x603 .\CortexM3\ARM_GCC_541\Debug\cyfitter_cfg.o
 .debug_info    0x00002ad6      0x139 .\CortexM3\ARM_GCC_541\Debug\cymetadata.o
 .debug_info    0x00002c0f      0x3bb .\CortexM3\ARM_GCC_541\Debug\Cm3Start.o
 .debug_info    0x00002fca     0x1374 .\CortexM3\ARM_GCC_541\Debug\PSoC5_Team13Project.a(CyLib.o)
 .debug_info    0x0000433e      0xa2a .\CortexM3\ARM_GCC_541\Debug\PSoC5_Team13Project.a(cyPm.o)
 .debug_info    0x00004d68       0xd6 .\CortexM3\ARM_GCC_541\Debug\PSoC5_Team13Project.a(StepperDriver.o)
 .debug_info    0x00004e3e      0x2cc .\CortexM3\ARM_GCC_541\Debug\PSoC5_Team13Project.a(I2C_1.o)
 .debug_info    0x0000510a      0x158 .\CortexM3\ARM_GCC_541\Debug\PSoC5_Team13Project.a(I2C_1_INT.o)
 .debug_info    0x00005262      0x207 .\CortexM3\ARM_GCC_541\Debug\PSoC5_Team13Project.a(I2C_1_PM.o)
 .debug_info    0x00005469      0x290 .\CortexM3\ARM_GCC_541\Debug\PSoC5_Team13Project.a(I2C_1_SLAVE.o)
 .debug_info    0x000056f9       0xd6 .\CortexM3\ARM_GCC_541\Debug\PSoC5_Team13Project.a(TB9051_EN.o)
 .debug_info    0x000057cf       0xeb .\CortexM3\ARM_GCC_541\Debug\PSoC5_Team13Project.a(QuadPWM.o)
 .debug_info    0x000058ba      0x2c4 .\CortexM3\ARM_GCC_541\Debug\PSoC5_Team13Project.a(UART.o)
 .debug_info    0x00005b7e      0x60c .\CortexM3\ARM_GCC_541\Debug\PSoC5_Team13Project.a(UART_RPi.o)
 .debug_info    0x0000618a      0x283 .\CortexM3\ARM_GCC_541\Debug\PSoC5_Team13Project.a(UART_RPi_IntClock.o)
 .debug_info    0x0000640d      0x2d2 .\CortexM3\ARM_GCC_541\Debug\PSoC5_Team13Project.a(RX.o)
 .debug_info    0x000066df      0x2d2 .\CortexM3\ARM_GCC_541\Debug\PSoC5_Team13Project.a(E_L.o)
 .debug_info    0x000069b1      0x2d2 .\CortexM3\ARM_GCC_541\Debug\PSoC5_Team13Project.a(E_R.o)
 .debug_info    0x00006c83       0xd6 .\CortexM3\ARM_GCC_541\Debug\PSoC5_Team13Project.a(US_L.o)
 .debug_info    0x00006d59       0xd6 .\CortexM3\ARM_GCC_541\Debug\PSoC5_Team13Project.a(US_R.o)
 .debug_info    0x00006e2f      0x338 .\CortexM3\ARM_GCC_541\Debug\PSoC5_Team13Project.a(Timer_L.o)
 .debug_info    0x00007167      0x338 .\CortexM3\ARM_GCC_541\Debug\PSoC5_Team13Project.a(Timer_R.o)
 .debug_info    0x0000749f       0x95 .\CortexM3\ARM_GCC_541\Debug\PSoC5_Team13Project.a(CyBootAsmGnu.o)
 .debug_info    0x00007534       0x94 .\CortexM3\ARM_GCC_541\Debug\PSoC5_Team13Project.a(UART_AsmGnu.o)
 .debug_info    0x000075c8      0x64d .\CortexM3\ARM_GCC_541\Debug\PSoC5_Team13Project.a(CyFlash.o)
 .debug_info    0x00007c15      0x550 .\CortexM3\ARM_GCC_541\Debug\PSoC5_Team13Project.a(CySpc.o)
 .debug_info    0x00008165       0xee .\CortexM3\ARM_GCC_541\Debug\PSoC5_Team13Project.a(cyutils.o)

.debug_abbrev   0x00000000     0x24ab
 *(.debug_abbrev)
 .debug_abbrev  0x00000000      0x11f .\CortexM3\ARM_GCC_541\Debug\main.o
 .debug_abbrev  0x0000011f      0x111 .\CortexM3\ARM_GCC_541\Debug\SBT0811.o
 .debug_abbrev  0x00000230      0x151 .\CortexM3\ARM_GCC_541\Debug\IMU.o
 .debug_abbrev  0x00000381       0x90 .\CortexM3\ARM_GCC_541\Debug\SG90.o
 .debug_abbrev  0x00000411      0x106 .\CortexM3\ARM_GCC_541\Debug\TB9051.o
 .debug_abbrev  0x00000517      0x136 .\CortexM3\ARM_GCC_541\Debug\fnReceive.o
 .debug_abbrev  0x0000064d      0x123 .\CortexM3\ARM_GCC_541\Debug\HCSR04.o
 .debug_abbrev  0x00000770      0x20d .\CortexM3\ARM_GCC_541\Debug\cyfitter_cfg.o
 .debug_abbrev  0x0000097d       0x77 .\CortexM3\ARM_GCC_541\Debug\cymetadata.o
 .debug_abbrev  0x000009f4      0x1e8 .\CortexM3\ARM_GCC_541\Debug\Cm3Start.o
 .debug_abbrev  0x00000bdc      0x254 .\CortexM3\ARM_GCC_541\Debug\PSoC5_Team13Project.a(CyLib.o)
 .debug_abbrev  0x00000e30      0x1ab .\CortexM3\ARM_GCC_541\Debug\PSoC5_Team13Project.a(cyPm.o)
 .debug_abbrev  0x00000fdb       0x81 .\CortexM3\ARM_GCC_541\Debug\PSoC5_Team13Project.a(StepperDriver.o)
 .debug_abbrev  0x0000105c      0x10a .\CortexM3\ARM_GCC_541\Debug\PSoC5_Team13Project.a(I2C_1.o)
 .debug_abbrev  0x00001166       0xa9 .\CortexM3\ARM_GCC_541\Debug\PSoC5_Team13Project.a(I2C_1_INT.o)
 .debug_abbrev  0x0000120f       0xfe .\CortexM3\ARM_GCC_541\Debug\PSoC5_Team13Project.a(I2C_1_PM.o)
 .debug_abbrev  0x0000130d       0xf8 .\CortexM3\ARM_GCC_541\Debug\PSoC5_Team13Project.a(I2C_1_SLAVE.o)
 .debug_abbrev  0x00001405       0x81 .\CortexM3\ARM_GCC_541\Debug\PSoC5_Team13Project.a(TB9051_EN.o)
 .debug_abbrev  0x00001486       0x8c .\CortexM3\ARM_GCC_541\Debug\PSoC5_Team13Project.a(QuadPWM.o)
 .debug_abbrev  0x00001512      0x109 .\CortexM3\ARM_GCC_541\Debug\PSoC5_Team13Project.a(UART.o)
 .debug_abbrev  0x0000161b      0x175 .\CortexM3\ARM_GCC_541\Debug\PSoC5_Team13Project.a(UART_RPi.o)
 .debug_abbrev  0x00001790      0x139 .\CortexM3\ARM_GCC_541\Debug\PSoC5_Team13Project.a(UART_RPi_IntClock.o)
 .debug_abbrev  0x000018c9      0x173 .\CortexM3\ARM_GCC_541\Debug\PSoC5_Team13Project.a(RX.o)
 .debug_abbrev  0x00001a3c      0x173 .\CortexM3\ARM_GCC_541\Debug\PSoC5_Team13Project.a(E_L.o)
 .debug_abbrev  0x00001baf      0x173 .\CortexM3\ARM_GCC_541\Debug\PSoC5_Team13Project.a(E_R.o)
 .debug_abbrev  0x00001d22       0x81 .\CortexM3\ARM_GCC_541\Debug\PSoC5_Team13Project.a(US_L.o)
 .debug_abbrev  0x00001da3       0x81 .\CortexM3\ARM_GCC_541\Debug\PSoC5_Team13Project.a(US_R.o)
 .debug_abbrev  0x00001e24      0x14b .\CortexM3\ARM_GCC_541\Debug\PSoC5_Team13Project.a(Timer_L.o)
 .debug_abbrev  0x00001f6f      0x14b .\CortexM3\ARM_GCC_541\Debug\PSoC5_Team13Project.a(Timer_R.o)
 .debug_abbrev  0x000020ba       0x14 .\CortexM3\ARM_GCC_541\Debug\PSoC5_Team13Project.a(CyBootAsmGnu.o)
 .debug_abbrev  0x000020ce       0x14 .\CortexM3\ARM_GCC_541\Debug\PSoC5_Team13Project.a(UART_AsmGnu.o)
 .debug_abbrev  0x000020e2      0x1a7 .\CortexM3\ARM_GCC_541\Debug\PSoC5_Team13Project.a(CyFlash.o)
 .debug_abbrev  0x00002289      0x194 .\CortexM3\ARM_GCC_541\Debug\PSoC5_Team13Project.a(CySpc.o)
 .debug_abbrev  0x0000241d       0x8e .\CortexM3\ARM_GCC_541\Debug\PSoC5_Team13Project.a(cyutils.o)

.debug_line     0x00000000     0x371b
 *(.debug_line)
 .debug_line    0x00000000      0x25d .\CortexM3\ARM_GCC_541\Debug\main.o
 .debug_line    0x0000025d      0x24b .\CortexM3\ARM_GCC_541\Debug\SBT0811.o
 .debug_line    0x000004a8      0x2f9 .\CortexM3\ARM_GCC_541\Debug\IMU.o
 .debug_line    0x000007a1       0x91 .\CortexM3\ARM_GCC_541\Debug\SG90.o
 .debug_line    0x00000832      0x22f .\CortexM3\ARM_GCC_541\Debug\TB9051.o
 .debug_line    0x00000a61      0x209 .\CortexM3\ARM_GCC_541\Debug\fnReceive.o
 .debug_line    0x00000c6a      0x2a5 .\CortexM3\ARM_GCC_541\Debug\HCSR04.o
 .debug_line    0x00000f0f      0x1f9 .\CortexM3\ARM_GCC_541\Debug\cyfitter_cfg.o
 .debug_line    0x00001108      0x141 .\CortexM3\ARM_GCC_541\Debug\cymetadata.o
 .debug_line    0x00001249      0x234 .\CortexM3\ARM_GCC_541\Debug\Cm3Start.o
 .debug_line    0x0000147d      0x816 .\CortexM3\ARM_GCC_541\Debug\PSoC5_Team13Project.a(CyLib.o)
 .debug_line    0x00001c93      0x367 .\CortexM3\ARM_GCC_541\Debug\PSoC5_Team13Project.a(cyPm.o)
 .debug_line    0x00001ffa       0x75 .\CortexM3\ARM_GCC_541\Debug\PSoC5_Team13Project.a(StepperDriver.o)
 .debug_line    0x0000206f       0xe0 .\CortexM3\ARM_GCC_541\Debug\PSoC5_Team13Project.a(I2C_1.o)
 .debug_line    0x0000214f       0xc5 .\CortexM3\ARM_GCC_541\Debug\PSoC5_Team13Project.a(I2C_1_INT.o)
 .debug_line    0x00002214       0xbf .\CortexM3\ARM_GCC_541\Debug\PSoC5_Team13Project.a(I2C_1_PM.o)
 .debug_line    0x000022d3      0x110 .\CortexM3\ARM_GCC_541\Debug\PSoC5_Team13Project.a(I2C_1_SLAVE.o)
 .debug_line    0x000023e3       0x71 .\CortexM3\ARM_GCC_541\Debug\PSoC5_Team13Project.a(TB9051_EN.o)
 .debug_line    0x00002454       0x79 .\CortexM3\ARM_GCC_541\Debug\PSoC5_Team13Project.a(QuadPWM.o)
 .debug_line    0x000024cd       0xe6 .\CortexM3\ARM_GCC_541\Debug\PSoC5_Team13Project.a(UART.o)
 .debug_line    0x000025b3      0x2c4 .\CortexM3\ARM_GCC_541\Debug\PSoC5_Team13Project.a(UART_RPi.o)
 .debug_line    0x00002877      0x180 .\CortexM3\ARM_GCC_541\Debug\PSoC5_Team13Project.a(UART_RPi_IntClock.o)
 .debug_line    0x000029f7      0x12f .\CortexM3\ARM_GCC_541\Debug\PSoC5_Team13Project.a(RX.o)
 .debug_line    0x00002b26      0x130 .\CortexM3\ARM_GCC_541\Debug\PSoC5_Team13Project.a(E_L.o)
 .debug_line    0x00002c56      0x130 .\CortexM3\ARM_GCC_541\Debug\PSoC5_Team13Project.a(E_R.o)
 .debug_line    0x00002d86       0x6c .\CortexM3\ARM_GCC_541\Debug\PSoC5_Team13Project.a(US_L.o)
 .debug_line    0x00002df2       0x6c .\CortexM3\ARM_GCC_541\Debug\PSoC5_Team13Project.a(US_R.o)
 .debug_line    0x00002e5e      0x172 .\CortexM3\ARM_GCC_541\Debug\PSoC5_Team13Project.a(Timer_L.o)
 .debug_line    0x00002fd0      0x172 .\CortexM3\ARM_GCC_541\Debug\PSoC5_Team13Project.a(Timer_R.o)
 .debug_line    0x00003142       0x66 .\CortexM3\ARM_GCC_541\Debug\PSoC5_Team13Project.a(CyBootAsmGnu.o)
 .debug_line    0x000031a8       0x99 .\CortexM3\ARM_GCC_541\Debug\PSoC5_Team13Project.a(UART_AsmGnu.o)
 .debug_line    0x00003241      0x21a .\CortexM3\ARM_GCC_541\Debug\PSoC5_Team13Project.a(CyFlash.o)
 .debug_line    0x0000345b      0x260 .\CortexM3\ARM_GCC_541\Debug\PSoC5_Team13Project.a(CySpc.o)
 .debug_line    0x000036bb       0x60 .\CortexM3\ARM_GCC_541\Debug\PSoC5_Team13Project.a(cyutils.o)

.debug_frame    0x00000000     0x2734
 *(.debug_frame)
 .debug_frame   0x00000000       0x50 .\CortexM3\ARM_GCC_541\Debug\main.o
 .debug_frame   0x00000050       0x6c .\CortexM3\ARM_GCC_541\Debug\SBT0811.o
 .debug_frame   0x000000bc      0x198 .\CortexM3\ARM_GCC_541\Debug\IMU.o
 .debug_frame   0x00000254       0x50 .\CortexM3\ARM_GCC_541\Debug\SG90.o
 .debug_frame   0x000002a4       0xec .\CortexM3\ARM_GCC_541\Debug\TB9051.o
 .debug_frame   0x00000390       0x48 .\CortexM3\ARM_GCC_541\Debug\fnReceive.o
 .debug_frame   0x000003d8       0xc8 .\CortexM3\ARM_GCC_541\Debug\HCSR04.o
 .debug_frame   0x000004a0       0xe4 .\CortexM3\ARM_GCC_541\Debug\cyfitter_cfg.o
 .debug_frame   0x00000584       0xb8 .\CortexM3\ARM_GCC_541\Debug\Cm3Start.o
 .debug_frame   0x0000063c      0x738 .\CortexM3\ARM_GCC_541\Debug\PSoC5_Team13Project.a(CyLib.o)
 .debug_frame   0x00000d74      0x1f8 .\CortexM3\ARM_GCC_541\Debug\PSoC5_Team13Project.a(cyPm.o)
 .debug_frame   0x00000f6c       0x30 .\CortexM3\ARM_GCC_541\Debug\PSoC5_Team13Project.a(StepperDriver.o)
 .debug_frame   0x00000f9c       0x94 .\CortexM3\ARM_GCC_541\Debug\PSoC5_Team13Project.a(I2C_1.o)
 .debug_frame   0x00001030       0x2c .\CortexM3\ARM_GCC_541\Debug\PSoC5_Team13Project.a(I2C_1_INT.o)
 .debug_frame   0x0000105c       0x74 .\CortexM3\ARM_GCC_541\Debug\PSoC5_Team13Project.a(I2C_1_PM.o)
 .debug_frame   0x000010d0       0xb0 .\CortexM3\ARM_GCC_541\Debug\PSoC5_Team13Project.a(I2C_1_SLAVE.o)
 .debug_frame   0x00001180       0x30 .\CortexM3\ARM_GCC_541\Debug\PSoC5_Team13Project.a(TB9051_EN.o)
 .debug_frame   0x000011b0       0x30 .\CortexM3\ARM_GCC_541\Debug\PSoC5_Team13Project.a(QuadPWM.o)
 .debug_frame   0x000011e0       0xc8 .\CortexM3\ARM_GCC_541\Debug\PSoC5_Team13Project.a(UART.o)
 .debug_frame   0x000012a8      0x250 .\CortexM3\ARM_GCC_541\Debug\PSoC5_Team13Project.a(UART_RPi.o)
 .debug_frame   0x000014f8       0xe0 .\CortexM3\ARM_GCC_541\Debug\PSoC5_Team13Project.a(UART_RPi_IntClock.o)
 .debug_frame   0x000015d8      0x104 .\CortexM3\ARM_GCC_541\Debug\PSoC5_Team13Project.a(RX.o)
 .debug_frame   0x000016dc      0x104 .\CortexM3\ARM_GCC_541\Debug\PSoC5_Team13Project.a(E_L.o)
 .debug_frame   0x000017e0      0x104 .\CortexM3\ARM_GCC_541\Debug\PSoC5_Team13Project.a(E_R.o)
 .debug_frame   0x000018e4       0x30 .\CortexM3\ARM_GCC_541\Debug\PSoC5_Team13Project.a(US_L.o)
 .debug_frame   0x00001914       0x30 .\CortexM3\ARM_GCC_541\Debug\PSoC5_Team13Project.a(US_R.o)
 .debug_frame   0x00001944      0x13c .\CortexM3\ARM_GCC_541\Debug\PSoC5_Team13Project.a(Timer_L.o)
 .debug_frame   0x00001a80      0x13c .\CortexM3\ARM_GCC_541\Debug\PSoC5_Team13Project.a(Timer_R.o)
 .debug_frame   0x00001bbc      0x194 .\CortexM3\ARM_GCC_541\Debug\PSoC5_Team13Project.a(CyFlash.o)
 .debug_frame   0x00001d50      0x180 .\CortexM3\ARM_GCC_541\Debug\PSoC5_Team13Project.a(CySpc.o)
 .debug_frame   0x00001ed0       0x20 .\CortexM3\ARM_GCC_541\Debug\PSoC5_Team13Project.a(cyutils.o)
 .debug_frame   0x00001ef0       0x20 c:/program files (x86)/cypress/psoc creator/4.4/psoc creator/import/gnu/arm/5.4.1/bin/../lib/gcc/arm-none-eabi/5.4.1/armv7-m\libgcc.a(_udivsi3.o)
 .debug_frame   0x00001f10       0x20 c:/program files (x86)/cypress/psoc creator/4.4/psoc creator/import/gnu/arm/5.4.1/bin/../lib/gcc/arm-none-eabi/5.4.1/../../../../arm-none-eabi/lib/armv7-m\libg_nano.a(lib_a-errno.o)
 .debug_frame   0x00001f30       0x28 c:/program files (x86)/cypress/psoc creator/4.4/psoc creator/import/gnu/arm/5.4.1/bin/../lib/gcc/arm-none-eabi/5.4.1/../../../../arm-none-eabi/lib/armv7-m\libg_nano.a(lib_a-exit.o)
 .debug_frame   0x00001f58       0x2c c:/program files (x86)/cypress/psoc creator/4.4/psoc creator/import/gnu/arm/5.4.1/bin/../lib/gcc/arm-none-eabi/5.4.1/../../../../arm-none-eabi/lib/armv7-m\libg_nano.a(lib_a-init.o)
 .debug_frame   0x00001f84       0x28 c:/program files (x86)/cypress/psoc creator/4.4/psoc creator/import/gnu/arm/5.4.1/bin/../lib/gcc/arm-none-eabi/5.4.1/../../../../arm-none-eabi/lib/armv7-m\libg_nano.a(lib_a-memcpy-stub.o)
 .debug_frame   0x00001fac       0x20 c:/program files (x86)/cypress/psoc creator/4.4/psoc creator/import/gnu/arm/5.4.1/bin/../lib/gcc/arm-none-eabi/5.4.1/../../../../arm-none-eabi/lib/armv7-m\libg_nano.a(lib_a-memset.o)
 .debug_frame   0x00001fcc       0x8c c:/program files (x86)/cypress/psoc creator/4.4/psoc creator/import/gnu/arm/5.4.1/bin/../lib/gcc/arm-none-eabi/5.4.1/../../../../arm-none-eabi/lib/armv7-m\libg_nano.a(lib_a-nano-vfprintf_float.o)
 .debug_frame   0x00002058       0x60 c:/program files (x86)/cypress/psoc creator/4.4/psoc creator/import/gnu/arm/5.4.1/bin/../lib/gcc/arm-none-eabi/5.4.1/../../../../arm-none-eabi/lib/armv7-m\libg_nano.a(lib_a-nano-vfprintf_i.o)
 .debug_frame   0x000020b8       0x70 c:/program files (x86)/cypress/psoc creator/4.4/psoc creator/import/gnu/arm/5.4.1/bin/../lib/gcc/arm-none-eabi/5.4.1/../../../../arm-none-eabi/lib/armv7-m\libg_nano.a(lib_a-sprintf.o)
 .debug_frame   0x00002128       0x6c c:/program files (x86)/cypress/psoc creator/4.4/psoc creator/import/gnu/arm/5.4.1/bin/../lib/gcc/arm-none-eabi/5.4.1/../../../../arm-none-eabi/lib/armv7-m\libg_nano.a(lib_a-dtoa.o)
 .debug_frame   0x00002194       0x98 c:/program files (x86)/cypress/psoc creator/4.4/psoc creator/import/gnu/arm/5.4.1/bin/../lib/gcc/arm-none-eabi/5.4.1/../../../../arm-none-eabi/lib/armv7-m\libg_nano.a(lib_a-locale.o)
 .debug_frame   0x0000222c       0x30 c:/program files (x86)/cypress/psoc creator/4.4/psoc creator/import/gnu/arm/5.4.1/bin/../lib/gcc/arm-none-eabi/5.4.1/../../../../arm-none-eabi/lib/armv7-m\libg_nano.a(lib_a-malloc.o)
 .debug_frame   0x0000225c       0x28 c:/program files (x86)/cypress/psoc creator/4.4/psoc creator/import/gnu/arm/5.4.1/bin/../lib/gcc/arm-none-eabi/5.4.1/../../../../arm-none-eabi/lib/armv7-m\libg_nano.a(lib_a-memchr-stub.o)
 .debug_frame   0x00002284      0x234 c:/program files (x86)/cypress/psoc creator/4.4/psoc creator/import/gnu/arm/5.4.1/bin/../lib/gcc/arm-none-eabi/5.4.1/../../../../arm-none-eabi/lib/armv7-m\libg_nano.a(lib_a-mprec.o)
 .debug_frame   0x000024b8       0x2c c:/program files (x86)/cypress/psoc creator/4.4/psoc creator/import/gnu/arm/5.4.1/bin/../lib/gcc/arm-none-eabi/5.4.1/../../../../arm-none-eabi/lib/armv7-m\libg_nano.a(lib_a-nano-callocr.o)
 .debug_frame   0x000024e4       0x38 c:/program files (x86)/cypress/psoc creator/4.4/psoc creator/import/gnu/arm/5.4.1/bin/../lib/gcc/arm-none-eabi/5.4.1/../../../../arm-none-eabi/lib/armv7-m\libg_nano.a(lib_a-nano-freer.o)
 .debug_frame   0x0000251c       0x2c c:/program files (x86)/cypress/psoc creator/4.4/psoc creator/import/gnu/arm/5.4.1/bin/../lib/gcc/arm-none-eabi/5.4.1/../../../../arm-none-eabi/lib/armv7-m\libg_nano.a(lib_a-nano-mallocr.o)
 .debug_frame   0x00002548       0x90 c:/program files (x86)/cypress/psoc creator/4.4/psoc creator/import/gnu/arm/5.4.1/bin/../lib/gcc/arm-none-eabi/5.4.1/../../../../arm-none-eabi/lib/armv7-m\libg_nano.a(lib_a-nano-svfprintf.o)
 .debug_frame   0x000025d8       0x2c c:/program files (x86)/cypress/psoc creator/4.4/psoc creator/import/gnu/arm/5.4.1/bin/../lib/gcc/arm-none-eabi/5.4.1/../../../../arm-none-eabi/lib/armv7-m\libg_nano.a(lib_a-sbrkr.o)
 .debug_frame   0x00002604       0x20 c:/program files (x86)/cypress/psoc creator/4.4/psoc creator/import/gnu/arm/5.4.1/bin/../lib/gcc/arm-none-eabi/5.4.1/../../../../arm-none-eabi/lib/armv7-m\libg_nano.a(lib_a-strcmp.o)
 .debug_frame   0x00002624       0x28 c:/program files (x86)/cypress/psoc creator/4.4/psoc creator/import/gnu/arm/5.4.1/bin/../lib/gcc/arm-none-eabi/5.4.1/../../../../arm-none-eabi/lib/armv7-m\libg_nano.a(lib_a-memmove.o)
 .debug_frame   0x0000264c       0x30 c:/program files (x86)/cypress/psoc creator/4.4/psoc creator/import/gnu/arm/5.4.1/bin/../lib/gcc/arm-none-eabi/5.4.1/../../../../arm-none-eabi/lib/armv7-m\libg_nano.a(lib_a-mlock.o)
 .debug_frame   0x0000267c       0x3c c:/program files (x86)/cypress/psoc creator/4.4/psoc creator/import/gnu/arm/5.4.1/bin/../lib/gcc/arm-none-eabi/5.4.1/../../../../arm-none-eabi/lib/armv7-m\libg_nano.a(lib_a-nano-reallocr.o)
 .debug_frame   0x000026b8       0x5c c:/program files (x86)/cypress/psoc creator/4.4/psoc creator/import/gnu/arm/5.4.1/bin/../lib/gcc/arm-none-eabi/5.4.1/../../../../arm-none-eabi/lib/armv7-m\libg_nano.a(lib_a-reent.o)
 .debug_frame   0x00002714       0x20 c:/program files (x86)/cypress/psoc creator/4.4/psoc creator/import/gnu/arm/5.4.1/bin/../lib/gcc/arm-none-eabi/5.4.1/../../../../arm-none-eabi/lib/armv7-m\libg_nano.a(lib_a-nano-msizer.o)

.debug_str      0x00000000     0x26f1
 *(.debug_str)
 .debug_str     0x00000000      0x25e .\CortexM3\ARM_GCC_541\Debug\main.o
                                0x2af (size before relaxing)
 .debug_str     0x0000025e       0x5a .\CortexM3\ARM_GCC_541\Debug\SBT0811.o
                                0x21f (size before relaxing)
 .debug_str     0x000002b8      0x227 .\CortexM3\ARM_GCC_541\Debug\IMU.o
                                0x3f9 (size before relaxing)
 .debug_str     0x000004df       0x71 .\CortexM3\ARM_GCC_541\Debug\SG90.o
                                0x1e2 (size before relaxing)
 .debug_str     0x00000550       0xb1 .\CortexM3\ARM_GCC_541\Debug\TB9051.o
                                0x276 (size before relaxing)
 .debug_str     0x00000601       0x61 .\CortexM3\ARM_GCC_541\Debug\fnReceive.o
                                0x22e (size before relaxing)
 .debug_str     0x00000662      0x173 .\CortexM3\ARM_GCC_541\Debug\HCSR04.o
                                0x349 (size before relaxing)
 .debug_str     0x000007d5      0x1a3 .\CortexM3\ARM_GCC_541\Debug\cyfitter_cfg.o
                                0x34f (size before relaxing)
 .debug_str     0x00000978       0x7f .\CortexM3\ARM_GCC_541\Debug\cymetadata.o
                                0x1e9 (size before relaxing)
 .debug_str     0x000009f7      0x13e .\CortexM3\ARM_GCC_541\Debug\Cm3Start.o
                                0x30f (size before relaxing)
 .debug_str     0x00000b35      0x7f6 .\CortexM3\ARM_GCC_541\Debug\PSoC5_Team13Project.a(CyLib.o)
                                0xa4c (size before relaxing)
 .debug_str     0x0000132b      0x365 .\CortexM3\ARM_GCC_541\Debug\PSoC5_Team13Project.a(cyPm.o)
                                0x738 (size before relaxing)
 .debug_str     0x00001690       0x42 .\CortexM3\ARM_GCC_541\Debug\PSoC5_Team13Project.a(StepperDriver.o)
                                0x1cc (size before relaxing)
 .debug_str     0x000016d2       0xff .\CortexM3\ARM_GCC_541\Debug\PSoC5_Team13Project.a(I2C_1.o)
                                0x30e (size before relaxing)
 .debug_str     0x000017d1       0x7f .\CortexM3\ARM_GCC_541\Debug\PSoC5_Team13Project.a(I2C_1_INT.o)
                                0x252 (size before relaxing)
 .debug_str     0x00001850       0x60 .\CortexM3\ARM_GCC_541\Debug\PSoC5_Team13Project.a(I2C_1_PM.o)
                                0x294 (size before relaxing)
 .debug_str     0x000018b0      0x117 .\CortexM3\ARM_GCC_541\Debug\PSoC5_Team13Project.a(I2C_1_SLAVE.o)
                                0x34f (size before relaxing)
 .debug_str     0x000019c7       0x32 .\CortexM3\ARM_GCC_541\Debug\PSoC5_Team13Project.a(TB9051_EN.o)
                                0x1c0 (size before relaxing)
 .debug_str     0x000019f9       0x2b .\CortexM3\ARM_GCC_541\Debug\PSoC5_Team13Project.a(QuadPWM.o)
                                0x1ca (size before relaxing)
 .debug_str     0x00001a24       0xe5 .\CortexM3\ARM_GCC_541\Debug\PSoC5_Team13Project.a(UART.o)
                                0x29c (size before relaxing)
 .debug_str     0x00001b09      0x2cd .\CortexM3\ARM_GCC_541\Debug\PSoC5_Team13Project.a(UART_RPi.o)
                                0x4f6 (size before relaxing)
 .debug_str     0x00001dd6      0x1ab .\CortexM3\ARM_GCC_541\Debug\PSoC5_Team13Project.a(UART_RPi_IntClock.o)
                                0x36b (size before relaxing)
 .debug_str     0x00001f81       0x98 .\CortexM3\ARM_GCC_541\Debug\PSoC5_Team13Project.a(RX.o)
                                0x281 (size before relaxing)
 .debug_str     0x00002019       0xa3 .\CortexM3\ARM_GCC_541\Debug\PSoC5_Team13Project.a(E_L.o)
                                0x28f (size before relaxing)
 .debug_str     0x000020bc       0xa3 .\CortexM3\ARM_GCC_541\Debug\PSoC5_Team13Project.a(E_R.o)
                                0x28f (size before relaxing)
 .debug_str     0x0000215f       0x28 .\CortexM3\ARM_GCC_541\Debug\PSoC5_Team13Project.a(US_L.o)
                                0x1b1 (size before relaxing)
 .debug_str     0x00002187       0x28 .\CortexM3\ARM_GCC_541\Debug\PSoC5_Team13Project.a(US_R.o)
                                0x1b1 (size before relaxing)
 .debug_str     0x000021af      0x16d .\CortexM3\ARM_GCC_541\Debug\PSoC5_Team13Project.a(Timer_L.o)
                                0x36f (size before relaxing)
 .debug_str     0x0000231c      0x145 .\CortexM3\ARM_GCC_541\Debug\PSoC5_Team13Project.a(Timer_R.o)
                                0x36f (size before relaxing)
 .debug_str     0x00002461      0x1bb .\CortexM3\ARM_GCC_541\Debug\PSoC5_Team13Project.a(CyFlash.o)
                                0x3c5 (size before relaxing)
 .debug_str     0x0000261c       0xac .\CortexM3\ARM_GCC_541\Debug\PSoC5_Team13Project.a(CySpc.o)
                                0x33d (size before relaxing)
 .debug_str     0x000026c8       0x29 .\CortexM3\ARM_GCC_541\Debug\PSoC5_Team13Project.a(cyutils.o)
                                0x1b7 (size before relaxing)

.debug_loc      0x00000000     0x2a82
 *(.debug_loc)
 .debug_loc     0x00000000       0xba .\CortexM3\ARM_GCC_541\Debug\SBT0811.o
 .debug_loc     0x000000ba      0x358 .\CortexM3\ARM_GCC_541\Debug\IMU.o
 .debug_loc     0x00000412       0x42 .\CortexM3\ARM_GCC_541\Debug\SG90.o
 .debug_loc     0x00000454      0x155 .\CortexM3\ARM_GCC_541\Debug\TB9051.o
 .debug_loc     0x000005a9       0x9b .\CortexM3\ARM_GCC_541\Debug\fnReceive.o
 .debug_loc     0x00000644       0xa8 .\CortexM3\ARM_GCC_541\Debug\HCSR04.o
 .debug_loc     0x000006ec      0x288 .\CortexM3\ARM_GCC_541\Debug\cyfitter_cfg.o
 .debug_loc     0x00000974      0x144 .\CortexM3\ARM_GCC_541\Debug\Cm3Start.o
 .debug_loc     0x00000ab8      0xa11 .\CortexM3\ARM_GCC_541\Debug\PSoC5_Team13Project.a(CyLib.o)
 .debug_loc     0x000014c9      0x1e4 .\CortexM3\ARM_GCC_541\Debug\PSoC5_Team13Project.a(cyPm.o)
 .debug_loc     0x000016ad       0x39 .\CortexM3\ARM_GCC_541\Debug\PSoC5_Team13Project.a(I2C_1.o)
 .debug_loc     0x000016e6       0x68 .\CortexM3\ARM_GCC_541\Debug\PSoC5_Team13Project.a(I2C_1_INT.o)
 .debug_loc     0x0000174e       0x13 .\CortexM3\ARM_GCC_541\Debug\PSoC5_Team13Project.a(I2C_1_PM.o)
 .debug_loc     0x00001761      0x126 .\CortexM3\ARM_GCC_541\Debug\PSoC5_Team13Project.a(I2C_1_SLAVE.o)
 .debug_loc     0x00001887       0xc4 .\CortexM3\ARM_GCC_541\Debug\PSoC5_Team13Project.a(QuadPWM.o)
 .debug_loc     0x0000194b      0x103 .\CortexM3\ARM_GCC_541\Debug\PSoC5_Team13Project.a(UART.o)
 .debug_loc     0x00001a4e      0x258 .\CortexM3\ARM_GCC_541\Debug\PSoC5_Team13Project.a(UART_RPi.o)
 .debug_loc     0x00001ca6      0x12c .\CortexM3\ARM_GCC_541\Debug\PSoC5_Team13Project.a(UART_RPi_IntClock.o)
 .debug_loc     0x00001dd2       0x56 .\CortexM3\ARM_GCC_541\Debug\PSoC5_Team13Project.a(RX.o)
 .debug_loc     0x00001e28       0x56 .\CortexM3\ARM_GCC_541\Debug\PSoC5_Team13Project.a(E_L.o)
 .debug_loc     0x00001e7e       0x56 .\CortexM3\ARM_GCC_541\Debug\PSoC5_Team13Project.a(E_R.o)
 .debug_loc     0x00001ed4       0x6b .\CortexM3\ARM_GCC_541\Debug\PSoC5_Team13Project.a(Timer_L.o)
 .debug_loc     0x00001f3f       0x6b .\CortexM3\ARM_GCC_541\Debug\PSoC5_Team13Project.a(Timer_R.o)
 .debug_loc     0x00001faa      0x3b2 .\CortexM3\ARM_GCC_541\Debug\PSoC5_Team13Project.a(CyFlash.o)
 .debug_loc     0x0000235c      0x705 .\CortexM3\ARM_GCC_541\Debug\PSoC5_Team13Project.a(CySpc.o)
 .debug_loc     0x00002a61       0x21 .\CortexM3\ARM_GCC_541\Debug\PSoC5_Team13Project.a(cyutils.o)

.debug_macinfo
 *(.debug_macinfo)

.debug_ranges   0x00000000      0xaf8
 *(.debug_ranges)
 .debug_ranges  0x00000000       0x18 .\CortexM3\ARM_GCC_541\Debug\main.o
 .debug_ranges  0x00000018       0x20 .\CortexM3\ARM_GCC_541\Debug\SBT0811.o
 .debug_ranges  0x00000038       0x70 .\CortexM3\ARM_GCC_541\Debug\IMU.o
 .debug_ranges  0x000000a8       0x28 .\CortexM3\ARM_GCC_541\Debug\SG90.o
 .debug_ranges  0x000000d0       0x48 .\CortexM3\ARM_GCC_541\Debug\TB9051.o
 .debug_ranges  0x00000118       0x18 .\CortexM3\ARM_GCC_541\Debug\fnReceive.o
 .debug_ranges  0x00000130       0x38 .\CortexM3\ARM_GCC_541\Debug\HCSR04.o
 .debug_ranges  0x00000168       0x48 .\CortexM3\ARM_GCC_541\Debug\cyfitter_cfg.o
 .debug_ranges  0x000001b0       0x38 .\CortexM3\ARM_GCC_541\Debug\Cm3Start.o
 .debug_ranges  0x000001e8      0x290 .\CortexM3\ARM_GCC_541\Debug\PSoC5_Team13Project.a(CyLib.o)
 .debug_ranges  0x00000478       0x88 .\CortexM3\ARM_GCC_541\Debug\PSoC5_Team13Project.a(cyPm.o)
 .debug_ranges  0x00000500       0x18 .\CortexM3\ARM_GCC_541\Debug\PSoC5_Team13Project.a(StepperDriver.o)
 .debug_ranges  0x00000518       0x28 .\CortexM3\ARM_GCC_541\Debug\PSoC5_Team13Project.a(I2C_1.o)
 .debug_ranges  0x00000540       0x10 .\CortexM3\ARM_GCC_541\Debug\PSoC5_Team13Project.a(I2C_1_INT.o)
 .debug_ranges  0x00000550       0x28 .\CortexM3\ARM_GCC_541\Debug\PSoC5_Team13Project.a(I2C_1_PM.o)
 .debug_ranges  0x00000578       0x58 .\CortexM3\ARM_GCC_541\Debug\PSoC5_Team13Project.a(I2C_1_SLAVE.o)
 .debug_ranges  0x000005d0       0x18 .\CortexM3\ARM_GCC_541\Debug\PSoC5_Team13Project.a(TB9051_EN.o)
 .debug_ranges  0x000005e8       0x18 .\CortexM3\ARM_GCC_541\Debug\PSoC5_Team13Project.a(QuadPWM.o)
 .debug_ranges  0x00000600       0x40 .\CortexM3\ARM_GCC_541\Debug\PSoC5_Team13Project.a(UART.o)
 .debug_ranges  0x00000640       0xe0 .\CortexM3\ARM_GCC_541\Debug\PSoC5_Team13Project.a(UART_RPi.o)
 .debug_ranges  0x00000720       0x60 .\CortexM3\ARM_GCC_541\Debug\PSoC5_Team13Project.a(UART_RPi_IntClock.o)
 .debug_ranges  0x00000780       0x70 .\CortexM3\ARM_GCC_541\Debug\PSoC5_Team13Project.a(RX.o)
 .debug_ranges  0x000007f0       0x70 .\CortexM3\ARM_GCC_541\Debug\PSoC5_Team13Project.a(E_L.o)
 .debug_ranges  0x00000860       0x70 .\CortexM3\ARM_GCC_541\Debug\PSoC5_Team13Project.a(E_R.o)
 .debug_ranges  0x000008d0       0x18 .\CortexM3\ARM_GCC_541\Debug\PSoC5_Team13Project.a(US_L.o)
 .debug_ranges  0x000008e8       0x18 .\CortexM3\ARM_GCC_541\Debug\PSoC5_Team13Project.a(US_R.o)
 .debug_ranges  0x00000900       0x80 .\CortexM3\ARM_GCC_541\Debug\PSoC5_Team13Project.a(Timer_L.o)
 .debug_ranges  0x00000980       0x80 .\CortexM3\ARM_GCC_541\Debug\PSoC5_Team13Project.a(Timer_R.o)
 .debug_ranges  0x00000a00       0x78 .\CortexM3\ARM_GCC_541\Debug\PSoC5_Team13Project.a(CyFlash.o)
 .debug_ranges  0x00000a78       0x70 .\CortexM3\ARM_GCC_541\Debug\PSoC5_Team13Project.a(CySpc.o)
 .debug_ranges  0x00000ae8       0x10 .\CortexM3\ARM_GCC_541\Debug\PSoC5_Team13Project.a(cyutils.o)

.comment        0x00000000       0x6e
 .comment       0x00000000       0x6e .\CortexM3\ARM_GCC_541\Debug\main.o
                                 0x6f (size before relaxing)
 .comment       0x0000006e       0x6f .\CortexM3\ARM_GCC_541\Debug\SBT0811.o
 .comment       0x0000006e       0x6f .\CortexM3\ARM_GCC_541\Debug\IMU.o
 .comment       0x0000006e       0x6f .\CortexM3\ARM_GCC_541\Debug\SG90.o
 .comment       0x0000006e       0x6f .\CortexM3\ARM_GCC_541\Debug\TB9051.o
 .comment       0x0000006e       0x6f .\CortexM3\ARM_GCC_541\Debug\fnReceive.o
 .comment       0x0000006e       0x6f .\CortexM3\ARM_GCC_541\Debug\HCSR04.o
 .comment       0x0000006e       0x6f .\CortexM3\ARM_GCC_541\Debug\cyfitter_cfg.o
 .comment       0x0000006e       0x6f .\CortexM3\ARM_GCC_541\Debug\cymetadata.o
 .comment       0x0000006e       0x6f .\CortexM3\ARM_GCC_541\Debug\Cm3Start.o
 .comment       0x0000006e       0x6f .\CortexM3\ARM_GCC_541\Debug\PSoC5_Team13Project.a(CyLib.o)
 .comment       0x0000006e       0x6f .\CortexM3\ARM_GCC_541\Debug\PSoC5_Team13Project.a(cyPm.o)
 .comment       0x0000006e       0x6f .\CortexM3\ARM_GCC_541\Debug\PSoC5_Team13Project.a(StepperDriver.o)
 .comment       0x0000006e       0x6f .\CortexM3\ARM_GCC_541\Debug\PSoC5_Team13Project.a(I2C_1.o)
 .comment       0x0000006e       0x6f .\CortexM3\ARM_GCC_541\Debug\PSoC5_Team13Project.a(I2C_1_INT.o)
 .comment       0x0000006e       0x6f .\CortexM3\ARM_GCC_541\Debug\PSoC5_Team13Project.a(I2C_1_PM.o)
 .comment       0x0000006e       0x6f .\CortexM3\ARM_GCC_541\Debug\PSoC5_Team13Project.a(I2C_1_SLAVE.o)
 .comment       0x0000006e       0x6f .\CortexM3\ARM_GCC_541\Debug\PSoC5_Team13Project.a(TB9051_EN.o)
 .comment       0x0000006e       0x6f .\CortexM3\ARM_GCC_541\Debug\PSoC5_Team13Project.a(QuadPWM.o)
 .comment       0x0000006e       0x6f .\CortexM3\ARM_GCC_541\Debug\PSoC5_Team13Project.a(UART.o)
 .comment       0x0000006e       0x6f .\CortexM3\ARM_GCC_541\Debug\PSoC5_Team13Project.a(UART_RPi.o)
 .comment       0x0000006e       0x6f .\CortexM3\ARM_GCC_541\Debug\PSoC5_Team13Project.a(UART_RPi_IntClock.o)
 .comment       0x0000006e       0x6f .\CortexM3\ARM_GCC_541\Debug\PSoC5_Team13Project.a(RX.o)
 .comment       0x0000006e       0x6f .\CortexM3\ARM_GCC_541\Debug\PSoC5_Team13Project.a(E_L.o)
 .comment       0x0000006e       0x6f .\CortexM3\ARM_GCC_541\Debug\PSoC5_Team13Project.a(E_R.o)
 .comment       0x0000006e       0x6f .\CortexM3\ARM_GCC_541\Debug\PSoC5_Team13Project.a(US_L.o)
 .comment       0x0000006e       0x6f .\CortexM3\ARM_GCC_541\Debug\PSoC5_Team13Project.a(US_R.o)
 .comment       0x0000006e       0x6f .\CortexM3\ARM_GCC_541\Debug\PSoC5_Team13Project.a(Timer_L.o)
 .comment       0x0000006e       0x6f .\CortexM3\ARM_GCC_541\Debug\PSoC5_Team13Project.a(Timer_R.o)
 .comment       0x0000006e       0x6f .\CortexM3\ARM_GCC_541\Debug\PSoC5_Team13Project.a(CyFlash.o)
 .comment       0x0000006e       0x6f .\CortexM3\ARM_GCC_541\Debug\PSoC5_Team13Project.a(CySpc.o)
 .comment       0x0000006e       0x6f .\CortexM3\ARM_GCC_541\Debug\PSoC5_Team13Project.a(cyutils.o)

.debug_weaknames
 *(.debug_weaknames)

.debug_funcnames
 *(.debug_funcnames)

.debug_typenames
 *(.debug_typenames)

.debug_varnames
 *(.debug_varnames)

.note.gnu.arm.ident
 *(.note.gnu.arm.ident)

.ARM.attributes
                0x00000000       0x29
 *(.ARM.attributes)
 .ARM.attributes
                0x00000000       0x1d c:/program files (x86)/cypress/psoc creator/4.4/psoc creator/import/gnu/arm/5.4.1/bin/../lib/gcc/arm-none-eabi/5.4.1/armv7-m/crti.o
 .ARM.attributes
                0x0000001d       0x2d c:/program files (x86)/cypress/psoc creator/4.4/psoc creator/import/gnu/arm/5.4.1/bin/../lib/gcc/arm-none-eabi/5.4.1/armv7-m/crtbegin.o
 .ARM.attributes
                0x0000004a       0x1b c:/program files (x86)/cypress/psoc creator/4.4/psoc creator/import/gnu/arm/5.4.1/bin/../lib/gcc/arm-none-eabi/5.4.1/../../../../arm-none-eabi/lib/armv7-m/crt0.o
 .ARM.attributes
                0x00000065       0x33 .\CortexM3\ARM_GCC_541\Debug\main.o
 .ARM.attributes
                0x00000098       0x33 .\CortexM3\ARM_GCC_541\Debug\SBT0811.o
 .ARM.attributes
                0x000000cb       0x33 .\CortexM3\ARM_GCC_541\Debug\IMU.o
 .ARM.attributes
                0x000000fe       0x33 .\CortexM3\ARM_GCC_541\Debug\SG90.o
 .ARM.attributes
                0x00000131       0x33 .\CortexM3\ARM_GCC_541\Debug\TB9051.o
 .ARM.attributes
                0x00000164       0x33 .\CortexM3\ARM_GCC_541\Debug\fnReceive.o
 .ARM.attributes
                0x00000197       0x33 .\CortexM3\ARM_GCC_541\Debug\HCSR04.o
 .ARM.attributes
                0x000001ca       0x33 .\CortexM3\ARM_GCC_541\Debug\cyfitter_cfg.o
 .ARM.attributes
                0x000001fd       0x33 .\CortexM3\ARM_GCC_541\Debug\cymetadata.o
 .ARM.attributes
                0x00000230       0x33 .\CortexM3\ARM_GCC_541\Debug\Cm3Start.o
 .ARM.attributes
                0x00000263       0x33 .\CortexM3\ARM_GCC_541\Debug\PSoC5_Team13Project.a(CyLib.o)
 .ARM.attributes
                0x00000296       0x33 .\CortexM3\ARM_GCC_541\Debug\PSoC5_Team13Project.a(cyPm.o)
 .ARM.attributes
                0x000002c9       0x33 .\CortexM3\ARM_GCC_541\Debug\PSoC5_Team13Project.a(StepperDriver.o)
 .ARM.attributes
                0x000002fc       0x33 .\CortexM3\ARM_GCC_541\Debug\PSoC5_Team13Project.a(I2C_1.o)
 .ARM.attributes
                0x0000032f       0x33 .\CortexM3\ARM_GCC_541\Debug\PSoC5_Team13Project.a(I2C_1_INT.o)
 .ARM.attributes
                0x00000362       0x33 .\CortexM3\ARM_GCC_541\Debug\PSoC5_Team13Project.a(I2C_1_PM.o)
 .ARM.attributes
                0x00000395       0x33 .\CortexM3\ARM_GCC_541\Debug\PSoC5_Team13Project.a(I2C_1_SLAVE.o)
 .ARM.attributes
                0x000003c8       0x33 .\CortexM3\ARM_GCC_541\Debug\PSoC5_Team13Project.a(TB9051_EN.o)
 .ARM.attributes
                0x000003fb       0x33 .\CortexM3\ARM_GCC_541\Debug\PSoC5_Team13Project.a(QuadPWM.o)
 .ARM.attributes
                0x0000042e       0x33 .\CortexM3\ARM_GCC_541\Debug\PSoC5_Team13Project.a(UART.o)
 .ARM.attributes
                0x00000461       0x33 .\CortexM3\ARM_GCC_541\Debug\PSoC5_Team13Project.a(UART_RPi.o)
 .ARM.attributes
                0x00000494       0x33 .\CortexM3\ARM_GCC_541\Debug\PSoC5_Team13Project.a(UART_RPi_IntClock.o)
 .ARM.attributes
                0x000004c7       0x33 .\CortexM3\ARM_GCC_541\Debug\PSoC5_Team13Project.a(RX.o)
 .ARM.attributes
                0x000004fa       0x33 .\CortexM3\ARM_GCC_541\Debug\PSoC5_Team13Project.a(E_L.o)
 .ARM.attributes
                0x0000052d       0x33 .\CortexM3\ARM_GCC_541\Debug\PSoC5_Team13Project.a(E_R.o)
 .ARM.attributes
                0x00000560       0x33 .\CortexM3\ARM_GCC_541\Debug\PSoC5_Team13Project.a(US_L.o)
 .ARM.attributes
                0x00000593       0x33 .\CortexM3\ARM_GCC_541\Debug\PSoC5_Team13Project.a(US_R.o)
 .ARM.attributes
                0x000005c6       0x33 .\CortexM3\ARM_GCC_541\Debug\PSoC5_Team13Project.a(Timer_L.o)
 .ARM.attributes
                0x000005f9       0x33 .\CortexM3\ARM_GCC_541\Debug\PSoC5_Team13Project.a(Timer_R.o)
 .ARM.attributes
                0x0000062c       0x21 .\CortexM3\ARM_GCC_541\Debug\PSoC5_Team13Project.a(CyBootAsmGnu.o)
 .ARM.attributes
                0x0000064d       0x21 .\CortexM3\ARM_GCC_541\Debug\PSoC5_Team13Project.a(UART_AsmGnu.o)
 .ARM.attributes
                0x0000066e       0x33 .\CortexM3\ARM_GCC_541\Debug\PSoC5_Team13Project.a(CyFlash.o)
 .ARM.attributes
                0x000006a1       0x33 .\CortexM3\ARM_GCC_541\Debug\PSoC5_Team13Project.a(CySpc.o)
 .ARM.attributes
                0x000006d4       0x33 .\CortexM3\ARM_GCC_541\Debug\PSoC5_Team13Project.a(cyutils.o)
 .ARM.attributes
                0x00000707       0x1d c:/program files (x86)/cypress/psoc creator/4.4/psoc creator/import/gnu/arm/5.4.1/bin/../lib/gcc/arm-none-eabi/5.4.1/armv7-m\libgcc.a(_udivsi3.o)
 .ARM.attributes
                0x00000724       0x1d c:/program files (x86)/cypress/psoc creator/4.4/psoc creator/import/gnu/arm/5.4.1/bin/../lib/gcc/arm-none-eabi/5.4.1/armv7-m\libgcc.a(_dvmd_tls.o)
 .ARM.attributes
                0x00000741       0x1d c:/program files (x86)/cypress/psoc creator/4.4/psoc creator/import/gnu/arm/5.4.1/bin/../lib/gcc/arm-none-eabi/5.4.1/armv7-m\libgcc.a(_arm_addsubdf3.o)
 .ARM.attributes