Archive member included to satisfy reference by file (symbol)

.\CortexM3\ARM_GCC_541\Debug\PSoC5_Team13Project.a(CyDmac.o)
                              .\CortexM3\ARM_GCC_541\Debug\Cm3Start.o (CyDmacConfigure)
.\CortexM3\ARM_GCC_541\Debug\PSoC5_Team13Project.a(CyLib.o)
                              .\CortexM3\ARM_GCC_541\Debug\Cm3Start.o (CyHalt)
.\CortexM3\ARM_GCC_541\Debug\PSoC5_Team13Project.a(cyPm.o)
                              .\CortexM3\ARM_GCC_541\Debug\PSoC5_Team13Project.a(CyLib.o) (CyPmReadStatus)
.\CortexM3\ARM_GCC_541\Debug\PSoC5_Team13Project.a(StepperDriver.o)
                              .\CortexM3\ARM_GCC_541\Debug\SBT0811.o (StepperDriver_Write)
.\CortexM3\ARM_GCC_541\Debug\PSoC5_Team13Project.a(I2C_1.o)
                              .\CortexM3\ARM_GCC_541\Debug\IMU.o (I2C_1_Start)
.\CortexM3\ARM_GCC_541\Debug\PSoC5_Team13Project.a(I2C_1_INT.o)
                              .\CortexM3\ARM_GCC_541\Debug\PSoC5_Team13Project.a(I2C_1.o) (I2C_1_ISR)
.\CortexM3\ARM_GCC_541\Debug\PSoC5_Team13Project.a(I2C_1_PM.o)
                              .\CortexM3\ARM_GCC_541\Debug\PSoC5_Team13Project.a(I2C_1.o) (I2C_1_backup)
.\CortexM3\ARM_GCC_541\Debug\PSoC5_Team13Project.a(I2C_1_MASTER.o)
                              .\CortexM3\ARM_GCC_541\Debug\PSoC5_Team13Project.a(I2C_1.o) (I2C_1_mstrStatus)
.\CortexM3\ARM_GCC_541\Debug\PSoC5_Team13Project.a(TB9051_EN.o)
                              .\CortexM3\ARM_GCC_541\Debug\TB9051.o (TB9051_EN_Write)
.\CortexM3\ARM_GCC_541\Debug\PSoC5_Team13Project.a(QuadPWM.o)
                              .\CortexM3\ARM_GCC_541\Debug\TB9051.o (QuadPWM_Init)
.\CortexM3\ARM_GCC_541\Debug\PSoC5_Team13Project.a(UART.o)
                              .\CortexM3\ARM_GCC_541\Debug\main.o (UART_Start)
.\CortexM3\ARM_GCC_541\Debug\PSoC5_Team13Project.a(UART_RPi.o)
                              .\CortexM3\ARM_GCC_541\Debug\main.o (UART_RPi_Start)
.\CortexM3\ARM_GCC_541\Debug\PSoC5_Team13Project.a(UART_RPi_INT.o)
                              .\CortexM3\ARM_GCC_541\Debug\PSoC5_Team13Project.a(UART_RPi.o) (UART_RPi_RXISR)
.\CortexM3\ARM_GCC_541\Debug\PSoC5_Team13Project.a(UART_RPi_IntClock.o)
                              .\CortexM3\ARM_GCC_541\Debug\PSoC5_Team13Project.a(UART_RPi.o) (UART_RPi_IntClock_Start)
.\CortexM3\ARM_GCC_541\Debug\PSoC5_Team13Project.a(E_L.o)
                              .\CortexM3\ARM_GCC_541\Debug\HCSR04.o (E_L_Start)
.\CortexM3\ARM_GCC_541\Debug\PSoC5_Team13Project.a(E_R.o)
                              .\CortexM3\ARM_GCC_541\Debug\HCSR04.o (E_R_Start)
.\CortexM3\ARM_GCC_541\Debug\PSoC5_Team13Project.a(US_L.o)
                              .\CortexM3\ARM_GCC_541\Debug\HCSR04.o (US_L_Write)
.\CortexM3\ARM_GCC_541\Debug\PSoC5_Team13Project.a(US_R.o)
                              .\CortexM3\ARM_GCC_541\Debug\HCSR04.o (US_R_Write)
.\CortexM3\ARM_GCC_541\Debug\PSoC5_Team13Project.a(Timer_L.o)
                              .\CortexM3\ARM_GCC_541\Debug\HCSR04.o (Timer_L_ReadPeriod)
.\CortexM3\ARM_GCC_541\Debug\PSoC5_Team13Project.a(Timer_R.o)
                              .\CortexM3\ARM_GCC_541\Debug\HCSR04.o (Timer_R_ReadPeriod)
.\CortexM3\ARM_GCC_541\Debug\PSoC5_Team13Project.a(RXcmplt.o)
                              .\CortexM3\ARM_GCC_541\Debug\main.o (RXcmplt_Start)
.\CortexM3\ARM_GCC_541\Debug\PSoC5_Team13Project.a(rxDMA_dma.o)
                              .\CortexM3\ARM_GCC_541\Debug\main.o (rxDMA_DmaInitialize)
.\CortexM3\ARM_GCC_541\Debug\PSoC5_Team13Project.a(US_Trig.o)
                              .\CortexM3\ARM_GCC_541\Debug\HCSR04.o (US_Trig_Start)
.\CortexM3\ARM_GCC_541\Debug\PSoC5_Team13Project.a(US_Timer.o)
                              .\CortexM3\ARM_GCC_541\Debug\HCSR04.o (US_Timer_Start)
.\CortexM3\ARM_GCC_541\Debug\PSoC5_Team13Project.a(TB9051_QD1.o)
                              .\CortexM3\ARM_GCC_541\Debug\TB9051.o (TB9051_QD1_GetCounter)
.\CortexM3\ARM_GCC_541\Debug\PSoC5_Team13Project.a(QD1_Timer.o)
                              .\CortexM3\ARM_GCC_541\Debug\TB9051.o (QD1_Timer_Start)
.\CortexM3\ARM_GCC_541\Debug\PSoC5_Team13Project.a(QD1_ISR.o)
                              .\CortexM3\ARM_GCC_541\Debug\TB9051.o (QD1_ISR_Start)
.\CortexM3\ARM_GCC_541\Debug\PSoC5_Team13Project.a(TB9051_QD2.o)
                              .\CortexM3\ARM_GCC_541\Debug\TB9051.o (TB9051_QD2_GetCounter)
.\CortexM3\ARM_GCC_541\Debug\PSoC5_Team13Project.a(TB9051_QD1_Cnt16.o)
                              .\CortexM3\ARM_GCC_541\Debug\PSoC5_Team13Project.a(TB9051_QD1.o) (TB9051_QD1_Cnt16_Stop)
.\CortexM3\ARM_GCC_541\Debug\PSoC5_Team13Project.a(TB9051_QD2_Cnt16.o)
                              .\CortexM3\ARM_GCC_541\Debug\PSoC5_Team13Project.a(TB9051_QD2.o) (TB9051_QD2_Cnt16_Stop)
.\CortexM3\ARM_GCC_541\Debug\PSoC5_Team13Project.a(US_LED_R.o)
                              .\CortexM3\ARM_GCC_541\Debug\HCSR04.o (US_LED_R_Write)
.\CortexM3\ARM_GCC_541\Debug\PSoC5_Team13Project.a(US_LED_L.o)
[...]
Memory Configuration

Name             Origin             Length             Attributes
rom              0x00000000         0x00040000         xr
ram              0x1fff8000         0x00010000         xrw
*default*        0x00000000         0xffffffff

Linker script and memory map

LOAD c:/program files (x86)/cypress/psoc creator/4.4/psoc creator/import/gnu/arm/5.4.1/bin/../lib/gcc/arm-none-eabi/5.4.1/armv7-m/crti.o
LOAD c:/program files (x86)/cypress/psoc creator/4.4/psoc creator/import/gnu/arm/5.4.1/bin/../lib/gcc/arm-none-eabi/5.4.1/armv7-m/crtbegin.o
LOAD c:/program files (x86)/cypress/psoc creator/4.4/psoc creator/import/gnu/arm/5.4.1/bin/../lib/gcc/arm-none-eabi/5.4.1/../../../../arm-none-eabi/lib/armv7-m/crt0.o
START GROUP
LOAD .\CortexM3\ARM_GCC_541\Debug\main.o
LOAD .\CortexM3\ARM_GCC_541\Debug\SBT0811.o
LOAD .\CortexM3\ARM_GCC_541\Debug\IMU.o
LOAD .\CortexM3\ARM_GCC_541\Debug\SG90.o
LOAD .\CortexM3\ARM_GCC_541\Debug\TB9051.o
LOAD .\CortexM3\ARM_GCC_541\Debug\fnReceive.o
LOAD .\CortexM3\ARM_GCC_541\Debug\HCSR04.o
LOAD .\CortexM3\ARM_GCC_541\Debug\pid.o
LOAD .\CortexM3\ARM_GCC_541\Debug\cyfitter_cfg.o
LOAD .\CortexM3\ARM_GCC_541\Debug\cymetadata.o
LOAD .\CortexM3\ARM_GCC_541\Debug\Cm3Start.o
LOAD .\CortexM3\ARM_GCC_541\Debug\PSoC5_Team13Project.a
LOAD C:\Program Files (x86)\Cypress\PSoC Creator\4.4\PSoC Creator\psoc\content\cycomponentlibrary\CyComponentLibrary.cylib\CortexM3\ARM_GCC_541\Debug\CyComponentLibrary.a
LOAD c:/program files (x86)/cypress/psoc creator/4.4/psoc creator/import/gnu/arm/5.4.1/bin/../lib/gcc/arm-none-eabi/5.4.1/../../../../arm-none-eabi/lib/armv7-m\libm.a
END GROUP
START GROUP
LOAD c:/program files (x86)/cypress/psoc creator/4.4/psoc creator/import/gnu/arm/5.4.1/bin/../lib/gcc/arm-none-eabi/5.4.1/armv7-m\libgcc.a
LOAD c:/program files (x86)/cypress/psoc creator/4.4/psoc creator/import/gnu/arm/5.4.1/bin/../lib/gcc/arm-none-eabi/5.4.1/../../../../arm-none-eabi/lib/armv7-m\libg_nano.a
LOAD c:/program files (x86)/cypress/psoc creator/4.4/psoc creator/import/gnu/arm/5.4.1/bin/../lib/gcc/arm-none-eabi/5.4.1/../../../../arm-none-eabi/lib/armv7-m\libc_nano.a
END GROUP
START GROUP
LOAD c:/program files (x86)/cypress/psoc creator/4.4/psoc creator/import/gnu/arm/5.4.1/bin/../lib/gcc/arm-none-eabi/5.4.1/armv7-m\libgcc.a
LOAD c:/program files (x86)/cypress/psoc creator/4.4/psoc creator/import/gnu/arm/5.4.1/bin/../lib/gcc/arm-none-eabi/5.4.1/../../../../arm-none-eabi/lib/armv7-m\libc_nano.a
END GROUP
LOAD c:/program files (x86)/cypress/psoc creator/4.4/psoc creator/import/gnu/arm/5.4.1/bin/../lib/gcc/arm-none-eabi/5.4.1/armv7-m/crtend.o
LOAD c:/program files (x86)/cypress/psoc creator/4.4/psoc creator/import/gnu/arm/5.4.1/bin/../lib/gcc/arm-none-eabi/5.4.1/armv7-m/crtn.o
START GROUP
LOAD c:/program files (x86)/cypress/psoc creator/4.4/psoc creator/import/gnu/arm/5.4.1/bin/../lib/gcc/arm-none-eabi/5.4.1/armv7-m\libgcc.a
LOAD c:/program files (x86)/cypress/psoc creator/4.4/psoc creator/import/gnu/arm/5.4.1/bin/../lib/gcc/arm-none-eabi/5.4.1/../../../../arm-none-eabi/lib/armv7-m\libc.a
LOAD c:/program files (x86)/cypress/psoc creator/4.4/psoc creator/import/gnu/arm/5.4.1/bin/../lib/gcc/arm-none-eabi/5.4.1/../../../../arm-none-eabi/lib/armv7-m\libnosys.a
END GROUP
                0x00000000                CY_APPL_ORIGIN = 0x0
                0x00000100                CY_FLASH_ROW_SIZE = 0x100
                0x00000020                CY_ECC_ROW_SIZE = 0x20
                0x00000000                CY_EE_IN_BTLDR = 0x0
                0x00000000                CY_APPL_LOADABLE = 0x0
                0x00000800                CY_EE_SIZE = 0x800
                0x00000001                CY_APPL_NUM = 0x1
                0x00000001                CY_APPL_MAX = 0x1
                0x00000040                CY_METADATA_SIZE = 0x40
                0x00000000                CY_APPL_LOADABLE = 0x0
                0x00000000                CY_CHECKSUM_EXCLUDE_SIZE = ALIGN (0x0, CY_FLASH_ROW_SIZE)
                [!provide]                PROVIDE (__cy_heap_start, _end)
                0x00000001                PROVIDE (__cy_region_num, ((__cy_regions_end - __cy_regions) / 0x10))
                0x20008000                PROVIDE (__cy_stack, (ORIGIN (ram) + LENGTH (ram)))
                [!provide]                PROVIDE (__cy_heap_end, (__cy_stack - 0x1200))

.cybootloader   0x00000000        0x0
 *(.cybootloader)
                0x00000000                appl1_start = CY_APPL_ORIGIN?CY_APPL_ORIGIN:ALIGN (CY_FLASH_ROW_SIZE)
                0x0001ff00                appl2_start = (appl1_start + ALIGN ((((LENGTH (rom) - appl1_start) - (0x2 * CY_FLASH_ROW_SIZE)) / 0x2), CY_FLASH_ROW_SIZE))
                0x00000000                appl_start = (CY_APPL_NUM == 0x1)?appl1_start:appl2_start
                0x00000000                ecc_offset = ((appl_start / CY_FLASH_ROW_SIZE) * CY_ECC_ROW_SIZE)
                0x00000000                ee_offset = (CY_APPL_LOADABLE && ! (CY_EE_IN_BTLDR))?((CY_EE_SIZE / CY_APPL_MAX) * (CY_APPL_NUM - 0x1)):0x0
                0x00000800                ee_size = (CY_APPL_LOADABLE && ! (CY_EE_IN_BTLDR))?(CY_EE_SIZE / CY_APPL_MAX):CY_EE_SIZE
                [!provide]                PROVIDE (CY_ECC_OFFSET, ecc_offset)

.text           0x00000000     0x6948
 CREATE_OBJECT_SYMBOLS
                0x00000000                PROVIDE (__cy_interrupt_vector, RomVectors)
 *(.romvectors)
 .romvectors    0x00000000       0x10 .\CortexM3\ARM_GCC_541\Debug\Cm3Start.o
                0x00000000                RomVectors
                0x00000001                ASSERT ((. != __cy_interrupt_vector), No interrupt vector)
                0x00000001                ASSERT (CY_APPL_ORIGIN?(SIZEOF (.cybootloader) <= CY_APPL_ORIGIN):0x1, Wrong image location)
                0x00000010                PROVIDE (__cy_reset, Reset)
 *(.text.Reset)
 .text.Reset    0x00000010       0x18 .\CortexM3\ARM_GCC_541\Debug\Cm3Start.o
                0x00000010                Reset
                0x00000001                ASSERT ((. != __cy_reset), No reset code)
 *(.dma_init)
                0x00000001                ASSERT ((((appl_start + .) <= 0x10000) || 0x1), DMA Init must be within the first 64k of flash)
 *(.text .text.* .gnu.linkonce.t.*)
 .text          0x00000028       0x5c c:/program files (x86)/cypress/psoc creator/4.4/psoc creator/import/gnu/arm/5.4.1/bin/../lib/gcc/arm-none-eabi/5.4.1/armv7-m/crtbegin.o
 .text.readBuf  0x00000084      0x184 .\CortexM3\ARM_GCC_541\Debug\main.o
                0x00000084                readBuf
 .text.DMA_Config
                0x00000208       0x54 .\CortexM3\ARM_GCC_541\Debug\main.o
                0x00000208                DMA_Config
 .text.main     0x0000025c       0x48 .\CortexM3\ARM_GCC_541\Debug\main.o
                0x0000025c                main
 .text.oneStepCCW
                0x000002a4       0x68 .\CortexM3\ARM_GCC_541\Debug\SBT0811.o
                0x000002a4                oneStepCCW
 .text.oneStepCW
                0x0000030c       0x68 .\CortexM3\ARM_GCC_541\Debug\SBT0811.o
                0x0000030c                oneStepCW
 .text.moveAngle
                0x00000374       0x5c .\CortexM3\ARM_GCC_541\Debug\SBT0811.o
                0x00000374                moveAngle
 .text.LIS3MDL_Begin
                0x000003d0       0x20 .\CortexM3\ARM_GCC_541\Debug\IMU.o
                0x000003d0                LIS3MDL_Begin
 .text.LIS3MDL_MasterStatus
                0x000003f0        0x8 .\CortexM3\ARM_GCC_541\Debug\IMU.o
                0x000003f0                LIS3MDL_MasterStatus
 .text.LIS3MDL_TransferByte
                0x000003f8        0x4 .\CortexM3\ARM_GCC_541\Debug\IMU.o
                0x000003f8                LIS3MDL_TransferByte
 .text.LIS3MDL_TransferMultipleBytes
                0x000003fc        0x4 .\CortexM3\ARM_GCC_541\Debug\IMU.o
                0x000003fc                LIS3MDL_TransferMultipleBytes
 .text.LSM6DS3_Begin
                0x00000400       0x20 .\CortexM3\ARM_GCC_541\Debug\IMU.o
                0x00000400                LSM6DS3_Begin
 .text.QD_Read  0x00000420      0x144 .\CortexM3\ARM_GCC_541\Debug\TB9051.o
                0x00000420                QD_Read
 .text.TB9051_Begin
                0x00000564       0x54 .\CortexM3\ARM_GCC_541\Debug\TB9051.o
                0x00000564                TB9051_Begin
 .text.TB9051_VehForward
                0x000005b8       0x18 .\CortexM3\ARM_GCC_541\Debug\TB9051.o
                0x000005b8                TB9051_VehForward
 .text.TB9051_Forward
                0x000005d0       0x2c .\CortexM3\ARM_GCC_541\Debug\TB9051.o
                0x000005d0                TB9051_Forward
 .text.TB9051_Brake
                0x000005fc       0xd4 .\CortexM3\ARM_GCC_541\Debug\TB9051.o
                0x000005fc                TB9051_Brake
 .text.TB9051_VehBrake
                0x000006d0       0x10 .\CortexM3\ARM_GCC_541\Debug\TB9051.o
                0x000006d0                TB9051_VehBrake
 .text.TB9051_Reverse
                0x000006e0       0x34 .\CortexM3\ARM_GCC_541\Debug\TB9051.o
                0x000006e0                TB9051_Reverse
 .text.TB9051_VehReverse
                0x00000714       0x18 .\CortexM3\ARM_GCC_541\Debug\TB9051.o
                0x00000714                TB9051_VehReverse
 .text.TB9051_VehMoveTo
                0x0000072c       0x68 .\CortexM3\ARM_GCC_541\Debug\TB9051.o
                0x0000072c                TB9051_VehMoveTo
 .text.linAngtoVel
                0x00000794      0x158 .\CortexM3\ARM_GCC_541\Debug\TB9051.o
                0x00000794                linAngtoVel
 .text.fnSend   0x000008ec       0x6c .\CortexM3\ARM_GCC_541\Debug\fnReceive.o
                0x000008ec                fnSend
 .text.Uart_Resync
                0x00000958       0x30 .\CortexM3\ARM_GCC_541\Debug\fnReceive.o
                0x00000958                Uart_Resync
 .text.fnCall   0x00000988      0x1c0 .\CortexM3\ARM_GCC_541\Debug\fnReceive.o
                0x00000988                fnCall
 .text.HCSR04_Begin
                0x00000b48       0x50 .\CortexM3\ARM_GCC_541\Debug\HCSR04.o
                0x00000b48                HCSR04_Begin
 .text.distMeasureL
                0x00000b98       0x18 .\CortexM3\ARM_GCC_541\Debug\HCSR04.o
                0x00000b98                distMeasureL
 .text.CaptureL
                0x00000bb0       0xdc .\CortexM3\ARM_GCC_541\Debug\HCSR04.o
                0x00000bb0                CaptureL
 .text.distMeasureR
                0x00000c8c       0x18 .\CortexM3\ARM_GCC_541\Debug\HCSR04.o
                0x00000c8c                distMeasureR
 .text.distMeasure
                0x00000ca4       0x6c .\CortexM3\ARM_GCC_541\Debug\HCSR04.o
                0x00000ca4                distMeasure
 .text.Trigger  0x00000d10        0x8 .\CortexM3\ARM_GCC_541\Debug\HCSR04.o
                0x00000d10                Trigger
 .text.CaptureR
                0x00000d18       0xcc .\CortexM3\ARM_GCC_541\Debug\HCSR04.o
                0x00000d18                CaptureR
 .text.PIDController_Init
                0x00000de4       0x10 .\CortexM3\ARM_GCC_541\Debug\pid.o
                0x00000de4                PIDController_Init
 .text.CyClockStartupError
                0x00000df4        0x4 .\CortexM3\ARM_GCC_541\Debug\cyfitter_cfg.o
 .text.cfg_write_bytes32
                0x00000df8       0x34 .\CortexM3\ARM_GCC_541\Debug\cyfitter_cfg.o
 .text.AnalogSetDefault
                0x00000e2c       0x28 .\CortexM3\ARM_GCC_541\Debug\cyfitter_cfg.o
 .text.CYMEMZERO
                0x00000e54        0xc .\CortexM3\ARM_GCC_541\Debug\cyfitter_cfg.o
 .text.ClockSetup
                0x00000e60       0xd0 .\CortexM3\ARM_GCC_541\Debug\cyfitter_cfg.o
 .text.CYCONFIGCPY
                0x00000f30        0x8 .\CortexM3\ARM_GCC_541\Debug\cyfitter_cfg.o
 .text.cyfitter_cfg
                0x00000f38      0x170 .\CortexM3\ARM_GCC_541\Debug\cyfitter_cfg.o
                0x00000f38                cyfitter_cfg
 .text.IntDefaultHandler
                0x000010a8       0x10 .\CortexM3\ARM_GCC_541\Debug\Cm3Start.o
                0x000010a8                IntDefaultHandler
 .text._sbrk    0x000010b8       0x30 .\CortexM3\ARM_GCC_541\Debug\Cm3Start.o
                0x000010b8                _sbrk
 .text.Start_c  0x000010e8       0x4c .\CortexM3\ARM_GCC_541\Debug\Cm3Start.o
                0x000010e8                Start_c
 .text.initialize_psoc
                0x00001134       0x6c .\CortexM3\ARM_GCC_541\Debug\Cm3Start.o
                0x00001134                initialize_psoc
 .text.CyDmacConfigure
                0x000011a0       0x34 .\CortexM3\ARM_GCC_541\Debug\PSoC5_Team13Project.a(CyDmac.o)
                0x000011a0                CyDmacConfigure
 .text.CyDmaChEnable
                0x000011d4       0x38 .\CortexM3\ARM_GCC_541\Debug\PSoC5_Team13Project.a(CyDmac.o)
                0x000011d4                CyDmaChEnable
 .text.CyDmaChPriority
                0x0000120c       0x24 .\CortexM3\ARM_GCC_541\Debug\PSoC5_Team13Project.a(CyDmac.o)
                0x0000120c                CyDmaChPriority
 .text.CyDmaChSetExtendedAddress
                0x00001230       0x34 .\CortexM3\ARM_GCC_541\Debug\PSoC5_Team13Project.a(CyDmac.o)
                0x00001230                CyDmaChSetExtendedAddress
 .text.CyDmaChSetInitialTd
                0x00001264       0x18 .\CortexM3\ARM_GCC_541\Debug\PSoC5_Team13Project.a(CyDmac.o)
                0x00001264                CyDmaChSetInitialTd
 .text.CyDmaChSetConfiguration
                0x0000127c       0x44 .\CortexM3\ARM_GCC_541\Debug\PSoC5_Team13Project.a(CyDmac.o)
                0x0000127c                CyDmaChSetConfiguration
 .text.CyDmaTdAllocate
                0x000012c0       0x34 .\CortexM3\ARM_GCC_541\Debug\PSoC5_Team13Project.a(CyDmac.o)
                0x000012c0                CyDmaTdAllocate
 .text.CyDmaTdSetConfiguration
                0x000012f4       0x28 .\CortexM3\ARM_GCC_541\Debug\PSoC5_Team13Project.a(CyDmac.o)
                0x000012f4                CyDmaTdSetConfiguration
 .text.CyDmaTdSetAddress
                0x0000131c       0x1c .\CortexM3\ARM_GCC_541\Debug\PSoC5_Team13Project.a(CyDmac.o)
                0x0000131c                CyDmaTdSetAddress
 .text.CyHalt   0x00001338        0x4 .\CortexM3\ARM_GCC_541\Debug\PSoC5_Team13Project.a(CyLib.o)
                0x00001338                CyHalt
 .text.CyDelay  0x0000133c       0x2c .\CortexM3\ARM_GCC_541\Debug\PSoC5_Team13Project.a(CyLib.o)
                0x0000133c                CyDelay
 .text.CyDelayUs
                0x00001368       0x14 .\CortexM3\ARM_GCC_541\Debug\PSoC5_Team13Project.a(CyLib.o)
                0x00001368                CyDelayUs
 .text.CyIntSetVector
                0x0000137c       0x28 .\CortexM3\ARM_GCC_541\Debug\PSoC5_Team13Project.a(CyLib.o)
                0x0000137c                CyIntSetVector
 .text.CyIntSetPriority
                0x000013a4       0x30 .\CortexM3\ARM_GCC_541\Debug\PSoC5_Team13Project.a(CyLib.o)
                0x000013a4                CyIntSetPriority
 .text.StepperDriver_Write
                0x000013d4        0xc .\CortexM3\ARM_GCC_541\Debug\PSoC5_Team13Project.a(StepperDriver.o)
                0x000013d4                StepperDriver_Write
 .text.I2C_1_Init
                0x000013e0       0x68 .\CortexM3\ARM_GCC_541\Debug\PSoC5_Team13Project.a(I2C_1.o)
                0x000013e0                I2C_1_Init
 .text.I2C_1_Enable
                0x00001448       0x24 .\CortexM3\ARM_GCC_541\Debug\PSoC5_Team13Project.a(I2C_1.o)
                0x00001448                I2C_1_Enable
 .text.I2C_1_Start
                0x0000146c       0x28 .\CortexM3\ARM_GCC_541\Debug\PSoC5_Team13Project.a(I2C_1.o)
                0x0000146c                I2C_1_Start
 .text.I2C_1_ISR
                0x00001494      0x2d0 .\CortexM3\ARM_GCC_541\Debug\PSoC5_Team13Project.a(I2C_1_INT.o)
                0x00001494                I2C_1_ISR
 .text.I2C_1_MasterSendStart
                0x00001764       0x80 .\CortexM3\ARM_GCC_541\Debug\PSoC5_Team13Project.a(I2C_1_MASTER.o)
                0x00001764                I2C_1_MasterSendStart
 .text.I2C_1_MasterSendStop
                0x000017e4       0x38 .\CortexM3\ARM_GCC_541\Debug\PSoC5_Team13Project.a(I2C_1_MASTER.o)
                0x000017e4                I2C_1_MasterSendStop
 .text.I2C_1_MasterWriteByte
                0x0000181c       0x58 .\CortexM3\ARM_GCC_541\Debug\PSoC5_Team13Project.a(I2C_1_MASTER.o)
                0x0000181c                I2C_1_MasterWriteByte
 .text.I2C_1_MasterStatus
                0x00001874       0x38 .\CortexM3\ARM_GCC_541\Debug\PSoC5_Team13Project.a(I2C_1_MASTER.o)
                0x00001874                I2C_1_MasterStatus
 .text.TB9051_EN_Write
                0x000018ac        0xc .\CortexM3\ARM_GCC_541\Debug\PSoC5_Team13Project.a(TB9051_EN.o)
                0x000018ac                TB9051_EN_Write
 .text.QuadPWM_Init
                0x000018b8       0x24 .\CortexM3\ARM_GCC_541\Debug\PSoC5_Team13Project.a(QuadPWM.o)
                0x000018b8                QuadPWM_Init
 .text.QuadPWM_SetDutyCycle
                0x000018dc       0x48 .\CortexM3\ARM_GCC_541\Debug\PSoC5_Team13Project.a(QuadPWM.o)
                0x000018dc                QuadPWM_SetDutyCycle
 .text.UART_Start
                0x00001924        0x4 .\CortexM3\ARM_GCC_541\Debug\PSoC5_Team13Project.a(UART.o)
                0x00001924                UART_Start
 .text.UART_PutString
                0x00001928       0x1c .\CortexM3\ARM_GCC_541\Debug\PSoC5_Team13Project.a(UART.o)
                0x00001928                UART_PutString
 .text.UART_PutHexByte
                0x00001944       0x20 .\CortexM3\ARM_GCC_541\Debug\PSoC5_Team13Project.a(UART.o)
                0x00001944                UART_PutHexByte
 .text.UART_RPi_Init
                0x00001964       0x5c .\CortexM3\ARM_GCC_541\Debug\PSoC5_Team13Project.a(UART_RPi.o)
                0x00001964                UART_RPi_Init
 .text.UART_RPi_Enable
                0x000019c0       0x50 .\CortexM3\ARM_GCC_541\Debug\PSoC5_Team13Project.a(UART_RPi.o)
                0x000019c0                UART_RPi_Enable
 .text.UART_RPi_Start
                0x00001a10       0x1c .\CortexM3\ARM_GCC_541\Debug\PSoC5_Team13Project.a(UART_RPi.o)
                0x00001a10                UART_RPi_Start
 .text.UART_RPi_PutChar
                0x00001a2c       0x70 .\CortexM3\ARM_GCC_541\Debug\PSoC5_Team13Project.a(UART_RPi.o)
                0x00001a2c                UART_RPi_PutChar
 .text.UART_RPi_PutArray
                0x00001a9c       0x28 .\CortexM3\ARM_GCC_541\Debug\PSoC5_Team13Project.a(UART_RPi.o)
                0x00001a9c                UART_RPi_PutArray
 .text.UART_RPi_GetTxBufferSize
                0x00001ac4       0x48 .\CortexM3\ARM_GCC_541\Debug\PSoC5_Team13Project.a(UART_RPi.o)
                0x00001ac4                UART_RPi_GetTxBufferSize
 .text.UART_RPi_RXISR
                0x00001b0c       0x98 .\CortexM3\ARM_GCC_541\Debug\PSoC5_Team13Project.a(UART_RPi_INT.o)
                0x00001b0c                UART_RPi_RXISR
 .text.UART_RPi_TXISR
                0x00001ba4       0x58 .\CortexM3\ARM_GCC_541\Debug\PSoC5_Team13Project.a(UART_RPi_INT.o)
                0x00001ba4                UART_RPi_TXISR
 .text.UART_RPi_IntClock_Start
                0x00001bfc       0x1c .\CortexM3\ARM_GCC_541\Debug\PSoC5_Team13Project.a(UART_RPi_IntClock.o)
                0x00001bfc                UART_RPi_IntClock_Start
 .text.E_L_Interrupt
                0x00001c18        0x4 .\CortexM3\ARM_GCC_541\Debug\PSoC5_Team13Project.a(E_L.o)
                0x00001c18                E_L_Interrupt
 .text.E_L_SetVector
                0x00001c1c        0xc .\CortexM3\ARM_GCC_541\Debug\PSoC5_Team13Project.a(E_L.o)
                0x00001c1c                E_L_SetVector
 .text.E_L_SetPriority
                0x00001c28       0x10 .\CortexM3\ARM_GCC_541\Debug\PSoC5_Team13Project.a(E_L.o)
                0x00001c28                E_L_SetPriority
 .text.E_L_Enable
                0x00001c38        0xc .\CortexM3\ARM_GCC_541\Debug\PSoC5_Team13Project.a(E_L.o)
                0x00001c38                E_L_Enable
 .text.E_L_Disable
                0x00001c44        0xc .\CortexM3\ARM_GCC_541\Debug\PSoC5_Team13Project.a(E_L.o)
                0x00001c44                E_L_Disable
 .text.E_L_Start
                0x00001c50       0x1c .\CortexM3\ARM_GCC_541\Debug\PSoC5_Team13Project.a(E_L.o)
                0x00001c50                E_L_Start
 .text.E_L_StartEx
                0x00001c6c       0x1c .\CortexM3\ARM_GCC_541\Debug\PSoC5_Team13Project.a(E_L.o)
                0x00001c6c                E_L_StartEx
 .text.E_L_ClearPending
                0x00001c88        0xc .\CortexM3\ARM_GCC_541\Debug\PSoC5_Team13Project.a(E_L.o)
                0x00001c88                E_L_ClearPending
 .text.E_R_Interrupt
                0x00001c94        0x4 .\CortexM3\ARM_GCC_541\Debug\PSoC5_Team13Project.a(E_R.o)
                0x00001c94                E_R_Interrupt
 .text.E_R_SetVector
                0x00001c98        0xc .\CortexM3\ARM_GCC_541\Debug\PSoC5_Team13Project.a(E_R.o)
                0x00001c98                E_R_SetVector
 .text.E_R_SetPriority
                0x00001ca4       0x10 .\CortexM3\ARM_GCC_541\Debug\PSoC5_Team13Project.a(E_R.o)
                0x00001ca4                E_R_SetPriority
 .text.E_R_Enable
                0x00001cb4        0xc .\CortexM3\ARM_GCC_541\Debug\PSoC5_Team13Project.a(E_R.o)
                0x00001cb4                E_R_Enable
 .text.E_R_Disable
                0x00001cc0        0xc .\CortexM3\ARM_GCC_541\Debug\PSoC5_Team13Project.a(E_R.o)
                0x00001cc0                E_R_Disable
 .text.E_R_Start
                0x00001ccc       0x1c .\CortexM3\ARM_GCC_541\Debug\PSoC5_Team13Project.a(E_R.o)
                0x00001ccc                E_R_Start
 .text.E_R_StartEx
                0x00001ce8       0x1c .\CortexM3\ARM_GCC_541\Debug\PSoC5_Team13Project.a(E_R.o)
                0x00001ce8                E_R_StartEx
 .text.E_R_ClearPending
                0x00001d04        0xc .\CortexM3\ARM_GCC_541\Debug\PSoC5_Team13Project.a(E_R.o)
                0x00001d04                E_R_ClearPending
 .text.US_L_Write
                0x00001d10        0xc .\CortexM3\ARM_GCC_541\Debug\PSoC5_Team13Project.a(US_L.o)
                0x00001d10                US_L_Write
 .text.US_R_Write
                0x00001d1c        0xc .\CortexM3\ARM_GCC_541\Debug\PSoC5_Team13Project.a(US_R.o)
                0x00001d1c                US_R_Write
 .text.Timer_L_Enable
                0x00001d28       0x10 .\CortexM3\ARM_GCC_541\Debug\PSoC5_Team13Project.a(Timer_L.o)
                0x00001d28                Timer_L_Enable
 .text.Timer_L_SetInterruptMode
                0x00001d38        0xc .\CortexM3\ARM_GCC_541\Debug\PSoC5_Team13Project.a(Timer_L.o)
                0x00001d38                Timer_L_SetInterruptMode
 .text.Timer_L_ReadStatusRegister
                0x00001d44        0xc .\CortexM3\ARM_GCC_541\Debug\PSoC5_Team13Project.a(Timer_L.o)
                0x00001d44                Timer_L_ReadStatusRegister
 .text.Timer_L_ReadPeriod
                0x00001d50       0x10 .\CortexM3\ARM_GCC_541\Debug\PSoC5_Team13Project.a(Timer_L.o)
                0x00001d50                Timer_L_ReadPeriod
 .text.Timer_L_WritePeriod
                0x00001d60       0x10 .\CortexM3\ARM_GCC_541\Debug\PSoC5_Team13Project.a(Timer_L.o)
                0x00001d60                Timer_L_WritePeriod
 .text.Timer_L_ReadCapture
                0x00001d70       0x10 .\CortexM3\ARM_GCC_541\Debug\PSoC5_Team13Project.a(Timer_L.o)
                0x00001d70                Timer_L_ReadCapture
 .text.Timer_L_WriteCounter
                0x00001d80       0x10 .\CortexM3\ARM_GCC_541\Debug\PSoC5_Team13Project.a(Timer_L.o)
                0x00001d80                Timer_L_WriteCounter
 .text.Timer_L_ClearFIFO
                0x00001d90       0x14 .\CortexM3\ARM_GCC_541\Debug\PSoC5_Team13Project.a(Timer_L.o)
                0x00001d90                Timer_L_ClearFIFO
 .text.Timer_L_Init
                0x00001da4       0x34 .\CortexM3\ARM_GCC_541\Debug\PSoC5_Team13Project.a(Timer_L.o)
                0x00001da4                Timer_L_Init
 .text.Timer_L_Start
                0x00001dd8       0x1c .\CortexM3\ARM_GCC_541\Debug\PSoC5_Team13Project.a(Timer_L.o)
                0x00001dd8                Timer_L_Start
 .text.Timer_R_Enable
                0x00001df4       0x10 .\CortexM3\ARM_GCC_541\Debug\PSoC5_Team13Project.a(Timer_R.o)
                0x00001df4                Timer_R_Enable
 .text.Timer_R_SetInterruptMode
                0x00001e04        0xc .\CortexM3\ARM_GCC_541\Debug\PSoC5_Team13Project.a(Timer_R.o)
                0x00001e04                Timer_R_SetInterruptMode
 .text.Timer_R_ReadStatusRegister
                0x00001e10        0xc .\CortexM3\ARM_GCC_541\Debug\PSoC5_Team13Project.a(Timer_R.o)
                0x00001e10                Timer_R_ReadStatusRegister
 .text.Timer_R_ReadPeriod
                0x00001e1c       0x10 .\CortexM3\ARM_GCC_541\Debug\PSoC5_Team13Project.a(Timer_R.o)
                0x00001e1c                Timer_R_ReadPeriod
 .text.Timer_R_WritePeriod
                0x00001e2c       0x10 .\CortexM3\ARM_GCC_541\Debug\PSoC5_Team13Project.a(Timer_R.o)
                0x00001e2c                Timer_R_WritePeriod
 .text.Timer_R_ReadCapture
                0x00001e3c       0x10 .\CortexM3\ARM_GCC_541\Debug\PSoC5_Team13Project.a(Timer_R.o)
                0x00001e3c                Timer_R_ReadCapture
 .text.Timer_R_WriteCounter
                0x00001e4c       0x10 .\CortexM3\ARM_GCC_541\Debug\PSoC5_Team13Project.a(Timer_R.o)
                0x00001e4c                Timer_R_WriteCounter
 .text.Timer_R_ClearFIFO
                0x00001e5c       0x14 .\CortexM3\ARM_GCC_541\Debug\PSoC5_Team13Project.a(Timer_R.o)
                0x00001e5c                Timer_R_ClearFIFO
 .text.Timer_R_Init
                0x00001e70       0x34 .\CortexM3\ARM_GCC_541\Debug\PSoC5_Team13Project.a(Timer_R.o)
                0x00001e70                Timer_R_Init
 .text.Timer_R_Start
                0x00001ea4       0x1c .\CortexM3\ARM_GCC_541\Debug\PSoC5_Team13Project.a(Timer_R.o)
                0x00001ea4                Timer_R_Start
 .text.RXcmplt_Interrupt
                0x00001ec0        0x4 .\CortexM3\ARM_GCC_541\Debug\PSoC5_Team13Project.a(RXcmplt.o)
                0x00001ec0                RXcmplt_Interrupt
 .text.RXcmplt_SetVector
                0x00001ec4        0xc .\CortexM3\ARM_GCC_541\Debug\PSoC5_Team13Project.a(RXcmplt.o)
                0x00001ec4                RXcmplt_SetVector
 .text.RXcmplt_SetPriority
                0x00001ed0       0x10 .\CortexM3\ARM_GCC_541\Debug\PSoC5_Team13Project.a(RXcmplt.o)
                0x00001ed0                RXcmplt_SetPriority
 .text.RXcmplt_Enable
                0x00001ee0        0xc .\CortexM3\ARM_GCC_541\Debug\PSoC5_Team13Project.a(RXcmplt.o)
                0x00001ee0                RXcmplt_Enable
 .text.RXcmplt_Disable
                0x00001eec        0xc .\CortexM3\ARM_GCC_541\Debug\PSoC5_Team13Project.a(RXcmplt.o)
                0x00001eec                RXcmplt_Disable
 .text.RXcmplt_Start
                0x00001ef8       0x1c .\CortexM3\ARM_GCC_541\Debug\PSoC5_Team13Project.a(RXcmplt.o)
                0x00001ef8                RXcmplt_Start
 .text.RXcmplt_StartEx
                0x00001f14       0x1c .\CortexM3\ARM_GCC_541\Debug\PSoC5_Team13Project.a(RXcmplt.o)
                0x00001f14                RXcmplt_StartEx
 .text.RXcmplt_ClearPending
                0x00001f30        0xc .\CortexM3\ARM_GCC_541\Debug\PSoC5_Team13Project.a(RXcmplt.o)
                0x00001f30                RXcmplt_ClearPending
 .text.rxDMA_DmaInitialize
                0x00001f3c       0x3c .\CortexM3\ARM_GCC_541\Debug\PSoC5_Team13Project.a(rxDMA_dma.o)
                0x00001f3c                rxDMA_DmaInitialize
 .text.US_Trig_Interrupt
                0x00001f78        0x4 .\CortexM3\ARM_GCC_541\Debug\PSoC5_Team13Project.a(US_Trig.o)
                0x00001f78                US_Trig_Interrupt
 .text.US_Trig_SetVector
                0x00001f7c        0xc .\CortexM3\ARM_GCC_541\Debug\PSoC5_Team13Project.a(US_Trig.o)
                0x00001f7c                US_Trig_SetVector
 .text.US_Trig_SetPriority
                0x00001f88       0x10 .\CortexM3\ARM_GCC_541\Debug\PSoC5_Team13Project.a(US_Trig.o)
                0x00001f88                US_Trig_SetPriority
 .text.US_Trig_Enable
                0x00001f98        0xc .\CortexM3\ARM_GCC_541\Debug\PSoC5_Team13Project.a(US_Trig.o)
                0x00001f98                US_Trig_Enable
 .text.US_Trig_Disable
                0x00001fa4        0xc .\CortexM3\ARM_GCC_541\Debug\PSoC5_Team13Project.a(US_Trig.o)
                0x00001fa4                US_Trig_Disable
 .text.US_Trig_Start
                0x00001fb0       0x1c .\CortexM3\ARM_GCC_541\Debug\PSoC5_Team13Project.a(US_Trig.o)
                0x00001fb0                US_Trig_Start
 .text.US_Trig_StartEx
                0x00001fcc       0x1c .\CortexM3\ARM_GCC_541\Debug\PSoC5_Team13Project.a(US_Trig.o)
                0x00001fcc                US_Trig_StartEx
 .text.US_Trig_ClearPending
                0x00001fe8        0xc .\CortexM3\ARM_GCC_541\Debug\PSoC5_Team13Project.a(US_Trig.o)
                0x00001fe8                US_Trig_ClearPending
 .text.US_Timer_Enable
                0x00001ff4       0x10 .\CortexM3\ARM_GCC_541\Debug\PSoC5_Team13Project.a(US_Timer.o)
                0x00001ff4                US_Timer_Enable
 .text.US_Timer_SetInterruptMode
                0x00002004        0xc .\CortexM3\ARM_GCC_541\Debug\PSoC5_Team13Project.a(US_Timer.o)
                0x00002004                US_Timer_SetInterruptMode
 .text.US_Timer_ReadStatusRegister
                0x00002010        0xc .\CortexM3\ARM_GCC_541\Debug\PSoC5_Team13Project.a(US_Timer.o)
                0x00002010                US_Timer_ReadStatusRegister
 .text.US_Timer_WritePeriod
                0x0000201c       0x10 .\CortexM3\ARM_GCC_541\Debug\PSoC5_Team13Project.a(US_Timer.o)
                0x0000201c                US_Timer_WritePeriod
 .text.US_Timer_ReadCapture
                0x0000202c       0x10 .\CortexM3\ARM_GCC_541\Debug\PSoC5_Team13Project.a(US_Timer.o)
                0x0000202c                US_Timer_ReadCapture
 .text.US_Timer_WriteCounter
                0x0000203c       0x10 .\CortexM3\ARM_GCC_541\Debug\PSoC5_Team13Project.a(US_Timer.o)
                0x0000203c                US_Timer_WriteCounter
 .text.US_Timer_ClearFIFO
                0x0000204c       0x14 .\CortexM3\ARM_GCC_541\Debug\PSoC5_Team13Project.a(US_Timer.o)
                0x0000204c                US_Timer_ClearFIFO
 .text.US_Timer_Init
                0x00002060       0x38 .\CortexM3\ARM_GCC_541\Debug\PSoC5_Team13Project.a(US_Timer.o)
                0x00002060                US_Timer_Init
 .text.US_Timer_Start
                0x00002098       0x1c .\CortexM3\ARM_GCC_541\Debug\PSoC5_Team13Project.a(US_Timer.o)
                0x00002098                US_Timer_Start
 .text.TB9051_QD1_GetCounter
                0x000020b4       0x10 .\CortexM3\ARM_GCC_541\Debug\PSoC5_Team13Project.a(TB9051_QD1.o)
                0x000020b4                TB9051_QD1_GetCounter
 .text.TB9051_QD1_GetEvents
                0x000020c4       0x10 .\CortexM3\ARM_GCC_541\Debug\PSoC5_Team13Project.a(TB9051_QD1.o)
                0x000020c4                TB9051_QD1_GetEvents
 .text.TB9051_QD1_SetInterruptMask
                0x000020d4        0xc .\CortexM3\ARM_GCC_541\Debug\PSoC5_Team13Project.a(TB9051_QD1.o)
                0x000020d4                TB9051_QD1_SetInterruptMask
 .text.TB9051_QD1_Enable
                0x000020e0       0x24 .\CortexM3\ARM_GCC_541\Debug\PSoC5_Team13Project.a(TB9051_QD1.o)
                0x000020e0                TB9051_QD1_Enable
 .text.TB9051_QD1_Start
                0x00002104       0x24 .\CortexM3\ARM_GCC_541\Debug\PSoC5_Team13Project.a(TB9051_QD1.o)
                0x00002104                TB9051_QD1_Start
 .text.QD1_Timer_Enable
                0x00002128       0x10 .\CortexM3\ARM_GCC_541\Debug\PSoC5_Team13Project.a(QD1_Timer.o)
                0x00002128                QD1_Timer_Enable
 .text.QD1_Timer_SetInterruptMode
                0x00002138        0xc .\CortexM3\ARM_GCC_541\Debug\PSoC5_Team13Project.a(QD1_Timer.o)
                0x00002138                QD1_Timer_SetInterruptMode
 .text.QD1_Timer_ReadStatusRegister
                0x00002144        0xc .\CortexM3\ARM_GCC_541\Debug\PSoC5_Team13Project.a(QD1_Timer.o)
                0x00002144                QD1_Timer_ReadStatusRegister
 .text.QD1_Timer_WritePeriod
                0x00002150       0x10 .\CortexM3\ARM_GCC_541\Debug\PSoC5_Team13Project.a(QD1_Timer.o)
                0x00002150                QD1_Timer_WritePeriod
 .text.QD1_Timer_ReadCapture
                0x00002160       0x10 .\CortexM3\ARM_GCC_541\Debug\PSoC5_Team13Project.a(QD1_Timer.o)
                0x00002160                QD1_Timer_ReadCapture
 .text.QD1_Timer_WriteCounter
                0x00002170       0x10 .\CortexM3\ARM_GCC_541\Debug\PSoC5_Team13Project.a(QD1_Timer.o)
                0x00002170                QD1_Timer_WriteCounter
 .text.QD1_Timer_ClearFIFO
                0x00002180       0x14 .\CortexM3\ARM_GCC_541\Debug\PSoC5_Team13Project.a(QD1_Timer.o)
                0x00002180                QD1_Timer_ClearFIFO
 .text.QD1_Timer_Init
                0x00002194       0x38 .\CortexM3\ARM_GCC_541\Debug\PSoC5_Team13Project.a(QD1_Timer.o)
                0x00002194                QD1_Timer_Init
 .text.QD1_Timer_Start
                0x000021cc       0x1c .\CortexM3\ARM_GCC_541\Debug\PSoC5_Team13Project.a(QD1_Timer.o)
                0x000021cc                QD1_Timer_Start
 .text.QD1_ISR_Interrupt
                0x000021e8        0x4 .\CortexM3\ARM_GCC_541\Debug\PSoC5_Team13Project.a(QD1_ISR.o)
                0x000021e8                QD1_ISR_Interrupt
 .text.QD1_ISR_SetVector
                0x000021ec        0xc .\CortexM3\ARM_GCC_541\Debug\PSoC5_Team13Project.a(QD1_ISR.o)
                0x000021ec                QD1_ISR_SetVector
 .text.QD1_ISR_SetPriority
                0x000021f8       0x10 .\CortexM3\ARM_GCC_541\Debug\PSoC5_Team13Project.a(QD1_ISR.o)
                0x000021f8                QD1_ISR_SetPriority
 .text.QD1_ISR_Enable
                0x00002208        0xc .\CortexM3\ARM_GCC_541\Debug\PSoC5_Team13Project.a(QD1_ISR.o)
                0x00002208                QD1_ISR_Enable
 .text.QD1_ISR_Disable
                0x00002214        0xc .\CortexM3\ARM_GCC_541\Debug\PSoC5_Team13Project.a(QD1_ISR.o)
                0x00002214                QD1_ISR_Disable
 .text.QD1_ISR_Start
                0x00002220       0x1c .\CortexM3\ARM_GCC_541\Debug\PSoC5_Team13Project.a(QD1_ISR.o)
                0x00002220                QD1_ISR_Start
 .text.QD1_ISR_StartEx
                0x0000223c       0x1c .\CortexM3\ARM_GCC_541\Debug\PSoC5_Team13Project.a(QD1_ISR.o)
                0x0000223c                QD1_ISR_StartEx
 .text.QD1_ISR_ClearPending
                0x00002258        0xc .\CortexM3\ARM_GCC_541\Debug\PSoC5_Team13Project.a(QD1_ISR.o)
                0x00002258                QD1_ISR_ClearPending
 .text.TB9051_QD2_GetCounter
                0x00002264       0x10 .\CortexM3\ARM_GCC_541\Debug\PSoC5_Team13Project.a(TB9051_QD2.o)
                0x00002264                TB9051_QD2_GetCounter
 .text.TB9051_QD2_GetEvents
                0x00002274       0x10 .\CortexM3\ARM_GCC_541\Debug\PSoC5_Team13Project.a(TB9051_QD2.o)
                0x00002274                TB9051_QD2_GetEvents
 .text.TB9051_QD2_SetInterruptMask
                0x00002284        0xc .\CortexM3\ARM_GCC_541\Debug\PSoC5_Team13Project.a(TB9051_QD2.o)
                0x00002284                TB9051_QD2_SetInterruptMask
 .text.TB9051_QD2_Enable
                0x00002290       0x24 .\CortexM3\ARM_GCC_541\Debug\PSoC5_Team13Project.a(TB9051_QD2.o)
                0x00002290                TB9051_QD2_Enable
 .text.TB9051_QD2_Start
                0x000022b4       0x24 .\CortexM3\ARM_GCC_541\Debug\PSoC5_Team13Project.a(TB9051_QD2.o)
                0x000022b4                TB9051_QD2_Start
 .text.TB9051_QD1_Cnt16_Enable
                0x000022d8       0x10 .\CortexM3\ARM_GCC_541\Debug\PSoC5_Team13Project.a(TB9051_QD1_Cnt16.o)
                0x000022d8                TB9051_QD1_Cnt16_Enable
 .text.TB9051_QD1_Cnt16_SetInterruptMode
                0x000022e8        0xc .\CortexM3\ARM_GCC_541\Debug\PSoC5_Team13Project.a(TB9051_QD1_Cnt16.o)
                0x000022e8                TB9051_QD1_Cnt16_SetInterruptMode
 .text.TB9051_QD1_Cnt16_ReadStatusRegister
                0x000022f4        0xc .\CortexM3\ARM_GCC_541\Debug\PSoC5_Team13Project.a(TB9051_QD1_Cnt16.o)
                0x000022f4                TB9051_QD1_Cnt16_ReadStatusRegister
 .text.TB9051_QD1_Cnt16_WriteCounter
                0x00002300        0xc .\CortexM3\ARM_GCC_541\Debug\PSoC5_Team13Project.a(TB9051_QD1_Cnt16.o)
                0x00002300                TB9051_QD1_Cnt16_WriteCounter
 .text.TB9051_QD1_Cnt16_ReadCounter
                0x0000230c       0x14 .\CortexM3\ARM_GCC_541\Debug\PSoC5_Team13Project.a(TB9051_QD1_Cnt16.o)
                0x0000230c                TB9051_QD1_Cnt16_ReadCounter
 .text.TB9051_QD1_Cnt16_ReadCapture
                0x00002320        0xc .\CortexM3\ARM_GCC_541\Debug\PSoC5_Team13Project.a(TB9051_QD1_Cnt16.o)
                0x00002320                TB9051_QD1_Cnt16_ReadCapture
 .text.TB9051_QD1_Cnt16_WritePeriod
                0x0000232c        0xc .\CortexM3\ARM_GCC_541\Debug\PSoC5_Team13Project.a(TB9051_QD1_Cnt16.o)
                0x0000232c                TB9051_QD1_Cnt16_WritePeriod
 .text.TB9051_QD1_Cnt16_WriteCompare
                0x00002338        0xc .\CortexM3\ARM_GCC_541\Debug\PSoC5_Team13Project.a(TB9051_QD1_Cnt16.o)
                0x00002338                TB9051_QD1_Cnt16_WriteCompare
 .text.TB9051_QD1_Cnt16_ClearFIFO
                0x00002344       0x14 .\CortexM3\ARM_GCC_541\Debug\PSoC5_Team13Project.a(TB9051_QD1_Cnt16.o)
                0x00002344                TB9051_QD1_Cnt16_ClearFIFO
 .text.TB9051_QD1_Cnt16_Init
                0x00002358       0x58 .\CortexM3\ARM_GCC_541\Debug\PSoC5_Team13Project.a(TB9051_QD1_Cnt16.o)
                0x00002358                TB9051_QD1_Cnt16_Init
 .text.TB9051_QD1_Cnt16_Start
                0x000023b0       0x1c .\CortexM3\ARM_GCC_541\Debug\PSoC5_Team13Project.a(TB9051_QD1_Cnt16.o)
                0x000023b0                TB9051_QD1_Cnt16_Start
 .text.TB9051_QD2_Cnt16_Enable
                0x000023cc       0x10 .\CortexM3\ARM_GCC_541\Debug\PSoC5_Team13Project.a(TB9051_QD2_Cnt16.o)
                0x000023cc                TB9051_QD2_Cnt16_Enable
 .text.TB9051_QD2_Cnt16_SetInterruptMode
                0x000023dc        0xc .\CortexM3\ARM_GCC_541\Debug\PSoC5_Team13Project.a(TB9051_QD2_Cnt16.o)
                0x000023dc                TB9051_QD2_Cnt16_SetInterruptMode
 .text.TB9051_QD2_Cnt16_ReadStatusRegister
                0x000023e8        0xc .\CortexM3\ARM_GCC_541\Debug\PSoC5_Team13Project.a(TB9051_QD2_Cnt16.o)
                0x000023e8                TB9051_QD2_Cnt16_ReadStatusRegister
 .text.TB9051_QD2_Cnt16_WriteCounter
                0x000023f4        0xc .\CortexM3\ARM_GCC_541\Debug\PSoC5_Team13Project.a(TB9051_QD2_Cnt16.o)
                0x000023f4                TB9051_QD2_Cnt16_WriteCounter
 .text.TB9051_QD2_Cnt16_ReadCounter
                0x00002400       0x14 .\CortexM3\ARM_GCC_541\Debug\PSoC5_Team13Project.a(TB9051_QD2_Cnt16.o)
                0x00002400                TB9051_QD2_Cnt16_ReadCounter
 .text.TB9051_QD2_Cnt16_ReadCapture
                0x00002414        0xc .\CortexM3\ARM_GCC_541\Debug\PSoC5_Team13Project.a(TB9051_QD2_Cnt16.o)
                0x00002414                TB9051_QD2_Cnt16_ReadCapture
 .text.TB9051_QD2_Cnt16_WritePeriod
                0x00002420        0xc .\CortexM3\ARM_GCC_541\Debug\PSoC5_Team13Project.a(TB9051_QD2_Cnt16.o)
                0x00002420                TB9051_QD2_Cnt16_WritePeriod
 .text.TB9051_QD2_Cnt16_WriteCompare
                0x0000242c        0xc .\CortexM3\ARM_GCC_541\Debug\PSoC5_Team13Project.a(TB9051_QD2_Cnt16.o)
                0x0000242c                TB9051_QD2_Cnt16_WriteCompare
 .text.TB9051_QD2_Cnt16_ClearFIFO
                0x00002438       0x14 .\CortexM3\ARM_GCC_541\Debug\PSoC5_Team13Project.a(TB9051_QD2_Cnt16.o)
                0x00002438                TB9051_QD2_Cnt16_ClearFIFO
 .text.TB9051_QD2_Cnt16_Init
                0x0000244c       0x58 .\CortexM3\ARM_GCC_541\Debug\PSoC5_Team13Project.a(TB9051_QD2_Cnt16.o)
                0x0000244c                TB9051_QD2_Cnt16_Init
 .text.TB9051_QD2_Cnt16_Start
                0x000024a4       0x1c .\CortexM3\ARM_GCC_541\Debug\PSoC5_Team13Project.a(TB9051_QD2_Cnt16.o)
                0x000024a4                TB9051_QD2_Cnt16_Start
 .text.US_LED_R_Write
                0x000024c0        0xc .\CortexM3\ARM_GCC_541\Debug\PSoC5_Team13Project.a(US_LED_R.o)
                0x000024c0                US_LED_R_Write
 .text.US_LED_L_Write
                0x000024cc        0xc .\CortexM3\ARM_GCC_541\Debug\PSoC5_Team13Project.a(US_LED_L.o)
                0x000024cc                US_LED_L_Write
 .text          0x000024d8       0x20 .\CortexM3\ARM_GCC_541\Debug\PSoC5_Team13Project.a(CyBootAsmGnu.o)
                0x000024d8                CyDelayCycles
                0x000024e8                CyEnterCriticalSection
                0x000024f0                CyExitCriticalSection
 .text          0x000024f8       0xac .\CortexM3\ARM_GCC_541\Debug\PSoC5_Team13Project.a(UART_AsmGnu.o)
                0x000024f8                UART_PutChar
 .text.CySetReg24
                0x000025a4       0x14 .\CortexM3\ARM_GCC_541\Debug\PSoC5_Team13Project.a(cyutils.o)
                0x000025a4                CySetReg24
 .text.round    0x000025b8       0xa0 c:/program files (x86)/cypress/psoc creator/4.4/psoc creator/import/gnu/arm/5.4.1/bin/../lib/gcc/arm-none-eabi/5.4.1/../../../../arm-none-eabi/lib/armv7-m\libm.a(lib_a-s_round.o)
                0x000025b8                round
 .text.pow      0x00002658      0x330 c:/program files (x86)/cypress/psoc creator/4.4/psoc creator/import/gnu/arm/5.4.1/bin/../lib/gcc/arm-none-eabi/5.4.1/../../../../arm-none-eabi/lib/armv7-m\libm.a(lib_a-w_pow.o)
                0x00002658                pow
 .text.sqrt     0x00002988       0xb8 c:/program files (x86)/cypress/psoc creator/4.4/psoc creator/import/gnu/arm/5.4.1/bin/../lib/gcc/arm-none-eabi/5.4.1/../../../../arm-none-eabi/lib/armv7-m\libm.a(lib_a-w_sqrt.o)
                0x00002988                sqrt
 .text.__ieee754_pow
                0x00002a40      0xac4 c:/program files (x86)/cypress/psoc creator/4.4/psoc creator/import/gnu/arm/5.4.1/bin/../lib/gcc/arm-none-eabi/5.4.1/../../../../arm-none-eabi/lib/armv7-m\libm.a(lib_a-e_pow.o)
                0x00002a40                __ieee754_pow
 .text.__ieee754_sqrt
                0x00003504      0x188 c:/program files (x86)/cypress/psoc creator/4.4/psoc creator/import/gnu/arm/5.4.1/bin/../lib/gcc/arm-none-eabi/5.4.1/../../../../arm-none-eabi/lib/armv7-m\libm.a(lib_a-e_sqrt.o)
                0x00003504                __ieee754_sqrt
 .text.fabs     0x0000368c        0x8 c:/program files (x86)/cypress/psoc creator/4.4/psoc creator/import/gnu/arm/5.4.1/bin/../lib/gcc/arm-none-eabi/5.4.1/../../../../arm-none-eabi/lib/armv7-m\libm.a(lib_a-s_fabs.o)
                0x0000368c                fabs
 .text.finite   0x00003694        0xc c:/program files (x86)/cypress/psoc creator/4.4/psoc creator/import/gnu/arm/5.4.1/bin/../lib/gcc/arm-none-eabi/5.4.1/../../../../arm-none-eabi/lib/armv7-m\libm.a(lib_a-s_finite.o)
                0x00003694                finite
 .text.matherr  0x000036a0        0x4 c:/program files (x86)/cypress/psoc creator/4.4/psoc creator/import/gnu/arm/5.4.1/bin/../lib/gcc/arm-none-eabi/5.4.1/../../../../arm-none-eabi/lib/armv7-m\libm.a(lib_a-s_matherr.o)
                0x000036a0                matherr
 .text.nan      0x000036a4        0xc c:/program files (x86)/cypress/psoc creator/4.4/psoc creator/import/gnu/arm/5.4.1/bin/../lib/gcc/arm-none-eabi/5.4.1/../../../../arm-none-eabi/lib/armv7-m\libm.a(lib_a-s_nan.o)
                0x000036a4                nan
 .text.rint     0x000036b0      0x120 c:/program files (x86)/cypress/psoc creator/4.4/psoc creator/import/gnu/arm/5.4.1/bin/../lib/gcc/arm-none-eabi/5.4.1/../../../../arm-none-eabi/lib/armv7-m\libm.a(lib_a-s_rint.o)
                0x000036b0                rint
 .text.scalbn   0x000037d0       0xe4 c:/program files (x86)/cypress/psoc creator/4.4/psoc creator/import/gnu/arm/5.4.1/bin/../lib/gcc/arm-none-eabi/5.4.1/../../../../arm-none-eabi/lib/armv7-m\libm.a(lib_a-s_scalbn.o)
                0x000037d0                scalbn
 .text.copysign
                0x000038b4       0x10 c:/program files (x86)/cypress/psoc creator/4.4/psoc creator/import/gnu/arm/5.4.1/bin/../lib/gcc/arm-none-eabi/5.4.1/../../../../arm-none-eabi/lib/armv7-m\libm.a(lib_a-s_copysign.o)
                0x000038b4                copysign
 .text          0x000038c4       0x24 c:/program files (x86)/cypress/psoc creator/4.4/psoc creator/import/gnu/arm/5.4.1/bin/../lib/gcc/arm-none-eabi/5.4.1/armv7-m\libgcc.a(_udivsi3.o)
                0x000038c4                __aeabi_uidiv
                0x000038c4                __udivsi3
                0x000038d8                __aeabi_uidivmod
 .text          0x000038e8        0x4 c:/program files (x86)/cypress/psoc creator/4.4/psoc creator/import/gnu/arm/5.4.1/bin/../lib/gcc/arm-none-eabi/5.4.1/armv7-m\libgcc.a(_dvmd_tls.o)
                0x000038e8                __aeabi_idiv0
                0x000038e8                __aeabi_ldiv0
 .text          0x000038ec      0x370 c:/program files (x86)/cypress/psoc creator/4.4/psoc creator/import/gnu/arm/5.4.1/bin/../lib/gcc/arm-none-eabi/5.4.1/armv7-m\libgcc.a(_arm_addsubdf3.o)
                0x000038ec                __aeabi_drsub
                0x000038f4                __aeabi_dsub
                0x000038f4                __subdf3
                0x000038f8                __aeabi_dadd
                0x000038f8                __adddf3
                0x00003b70                __floatunsidf
                0x00003b70                __aeabi_ui2d
                0x00003b90                __floatsidf
                0x00003b90                __aeabi_i2d
                0x00003bb4                __aeabi_f2d
                0x00003bb4                __extendsfdf2
                0x00003bf0                __floatundidf
                0x00003bf0                __aeabi_ul2d
                0x00003c00                __floatdidf
                0x00003c00                __aeabi_l2d
 .text          0x00003c5c      0x424 c:/program files (x86)/cypress/psoc creator/4.4/psoc creator/import/gnu/arm/5.4.1/bin/../lib/gcc/arm-none-eabi/5.4.1/armv7-m\libgcc.a(_arm_muldivdf3.o)
                0x00003c5c                __aeabi_dmul
                0x00003c5c                __muldf3
                0x00003eb0                __divdf3
                0x00003eb0                __aeabi_ddiv
 .text          0x00004080      0x110 c:/program files (x86)/cypress/psoc creator/4.4/psoc creator/import/gnu/arm/5.4.1/bin/../lib/gcc/arm-none-eabi/5.4.1/armv7-m\libgcc.a(_arm_cmpdf2.o)
                0x00004080                __gtdf2
                0x00004080                __gedf2
                0x00004088                __ltdf2
                0x00004088                __ledf2
                0x00004090                __nedf2
                0x00004090                __eqdf2
                0x00004090                __cmpdf2
                0x0000410c                __aeabi_cdrcmple
                0x0000411c                __aeabi_cdcmpeq
                0x0000411c                __aeabi_cdcmple
                0x0000412c                __aeabi_dcmpeq
                0x00004140                __aeabi_dcmplt
                0x00004154                __aeabi_dcmple
                0x00004168                __aeabi_dcmpge
                0x0000417c                __aeabi_dcmpgt
 .text          0x00004190       0x2c c:/program files (x86)/cypress/psoc creator/4.4/psoc creator/import/gnu/arm/5.4.1/bin/../lib/gcc/arm-none-eabi/5.4.1/armv7-m\libgcc.a(_arm_unorddf2.o)
                0x00004190                __unorddf2
                0x00004190                __aeabi_dcmpun
 .text          0x000041bc       0xa0 c:/program files (x86)/cypress/psoc creator/4.4/psoc creator/import/gnu/arm/5.4.1/bin/../lib/gcc/arm-none-eabi/5.4.1/armv7-m\libgcc.a(_arm_truncdfsf2.o)
                0x000041bc                __truncdfsf2
                0x000041bc                __aeabi_d2f
 .text          0x0000425c      0x21c c:/program files (x86)/cypress/psoc creator/4.4/psoc creator/import/gnu/arm/5.4.1/bin/../lib/gcc/arm-none-eabi/5.4.1/armv7-m\libgcc.a(_arm_addsubsf3.o)
                0x0000425c                __aeabi_frsub
                0x00004264                __subsf3
                0x00004264                __aeabi_fsub
                0x00004268                __aeabi_fadd
                0x00004268                __addsf3
                0x000043c8                __aeabi_ui2f
                0x000043c8                __floatunsisf
                0x000043d0                __aeabi_i2f
                0x000043d0                __floatsisf
                0x000043ec                __aeabi_ul2f
                0x000043ec                __floatundisf
                0x000043fc                __aeabi_l2f
                0x000043fc                __floatdisf
 .text          0x00004478      0x2a0 c:/program files (x86)/cypress/psoc creator/4.4/psoc creator/import/gnu/arm/5.4.1/bin/../lib/gcc/arm-none-eabi/5.4.1/armv7-m\libgcc.a(_arm_muldivsf3.o)
                0x00004478                __mulsf3
                0x00004478                __aeabi_fmul
                0x000045e0                __aeabi_fdiv
                0x000045e0                __divsf3
 .text          0x00004718       0xec c:/program files (x86)/cypress/psoc creator/4.4/psoc creator/import/gnu/arm/5.4.1/bin/../lib/gcc/arm-none-eabi/5.4.1/armv7-m\libgcc.a(_arm_cmpsf2.o)
                0x00004718                __gesf2
                0x00004718                __gtsf2
                0x00004720                __lesf2
                0x00004720                __ltsf2
                0x00004728                __nesf2
                0x00004728                __eqsf2
                0x00004728                __cmpsf2
                0x00004788                __aeabi_cfrcmple
                0x00004790                __aeabi_cfcmpeq
                0x00004790                __aeabi_cfcmple
                0x000047a0                __aeabi_fcmpeq
                0x000047b4                __aeabi_fcmplt
                0x000047c8                __aeabi_fcmple
                0x000047dc                __aeabi_fcmpge
                0x000047f0                __aeabi_fcmpgt
 .text          0x00004804       0x4c c:/program files (x86)/cypress/psoc creator/4.4/psoc creator/import/gnu/arm/5.4.1/bin/../lib/gcc/arm-none-eabi/5.4.1/armv7-m\libgcc.a(_arm_fixsfsi.o)
                0x00004804                __aeabi_f2iz
                0x00004804                __fixsfsi
 .text.__errno  0x00004850        0xc c:/program files (x86)/cypress/psoc creator/4.4/psoc creator/import/gnu/arm/5.4.1/bin/../lib/gcc/arm-none-eabi/5.4.1/../../../../arm-none-eabi/lib/armv7-m\libg_nano.a(lib_a-errno.o)
                0x00004850                __errno
 .text.__libc_init_array
                0x0000485c       0x4c c:/program files (x86)/cypress/psoc creator/4.4/psoc creator/import/gnu/arm/5.4.1/bin/../lib/gcc/arm-none-eabi/5.4.1/../../../../arm-none-eabi/lib/armv7-m\libg_nano.a(lib_a-init.o)
                0x0000485c                __libc_init_array
 .text.memcpy   0x000048a8       0x16 c:/program files (x86)/cypress/psoc creator/4.4/psoc creator/import/gnu/arm/5.4.1/bin/../lib/gcc/arm-none-eabi/5.4.1/../../../../arm-none-eabi/lib/armv7-m\libg_nano.a(lib_a-memcpy-stub.o)
                0x000048a8                memcpy
 .text.memset   0x000048be       0x10 c:/program files (x86)/cypress/psoc creator/4.4/psoc creator/import/gnu/arm/5.4.1/bin/../lib/gcc/arm-none-eabi/5.4.1/../../../../arm-none-eabi/lib/armv7-m\libg_nano.a(lib_a-memset.o)
                0x000048be                memset
 .text.__cvt    0x000048ce       0xc0 c:/program files (x86)/cypress/psoc creator/4.4/psoc creator/import/gnu/arm/5.4.1/bin/../lib/gcc/arm-none-eabi/5.4.1/../../../../arm-none-eabi/lib/armv7-m\libg_nano.a(lib_a-nano-vfprintf_float.o)
                0x000048ce                __cvt
 .text.__exponent
                0x0000498e       0x62 c:/program files (x86)/cypress/psoc creator/4.4/psoc creator/import/gnu/arm/5.4.1/bin/../lib/gcc/arm-none-eabi/5.4.1/../../../../arm-none-eabi/lib/armv7-m\libg_nano.a(lib_a-nano-vfprintf_float.o)
                0x0000498e                __exponent
 .text._printf_float
                0x000049f0      0x488 c:/program files (x86)/cypress/psoc creator/4.4/psoc creator/import/gnu/arm/5.4.1/bin/../lib/gcc/arm-none-eabi/5.4.1/../../../../arm-none-eabi/lib/armv7-m\libg_nano.a(lib_a-nano-vfprintf_float.o)
                0x000049f0                _printf_float
 .text._printf_common
                0x00004e78       0xec c:/program files (x86)/cypress/psoc creator/4.4/psoc creator/import/gnu/arm/5.4.1/bin/../lib/gcc/arm-none-eabi/5.4.1/../../../../arm-none-eabi/lib/armv7-m\libg_nano.a(lib_a-nano-vfprintf_i.o)
                0x00004e78                _printf_common
 .text._printf_i
                0x00004f64      0x24c c:/program files (x86)/cypress/psoc creator/4.4/psoc creator/import/gnu/arm/5.4.1/bin/../lib/gcc/arm-none-eabi/5.4.1/../../../../arm-none-eabi/lib/armv7-m\libg_nano.a(lib_a-nano-vfprintf_i.o)
                0x00004f64                _printf_i
 .text.sprintf  0x000051b0       0x48 c:/program files (x86)/cypress/psoc creator/4.4/psoc creator/import/gnu/arm/5.4.1/bin/../lib/gcc/arm-none-eabi/5.4.1/../../../../arm-none-eabi/lib/armv7-m\libg_nano.a(lib_a-sprintf.o)
                0x000051b0                siprintf
                0x000051b0                sprintf
 .text          0x000051f8       0x10 c:/program files (x86)/cypress/psoc creator/4.4/psoc creator/import/gnu/arm/5.4.1/bin/../lib/gcc/arm-none-eabi/5.4.1/../../../../arm-none-eabi/lib/armv7-m\libg_nano.a(lib_a-strlen.o)
                0x000051f8                strlen
 .text.quorem   0x00005208      0x116 c:/program files (x86)/cypress/psoc creator/4.4/psoc creator/import/gnu/arm/5.4.1/bin/../lib/gcc/arm-none-eabi/5.4.1/../../../../arm-none-eabi/lib/armv7-m\libg_nano.a(lib_a-dtoa.o)
 *fill*         0x0000531e        0x2 
 .text._dtoa_r  0x00005320      0xb30 c:/program files (x86)/cypress/psoc creator/4.4/psoc creator/import/gnu/arm/5.4.1/bin/../lib/gcc/arm-none-eabi/5.4.1/../../../../arm-none-eabi/lib/armv7-m\libg_nano.a(lib_a-dtoa.o)
                0x00005320                _dtoa_r
 .text._localeconv_r
                0x00005e50        0x8 c:/program files (x86)/cypress/psoc creator/4.4/psoc creator/import/gnu/arm/5.4.1/bin/../lib/gcc/arm-none-eabi/5.4.1/../../../../arm-none-eabi/lib/armv7-m\libg_nano.a(lib_a-locale.o)
                0x00005e50                _localeconv_r
 .text.malloc   0x00005e58       0x10 c:/program files (x86)/cypress/psoc creator/4.4/psoc creator/import/gnu/arm/5.4.1/bin/../lib/gcc/arm-none-eabi/5.4.1/../../../../arm-none-eabi/lib/armv7-m\libg_nano.a(lib_a-malloc.o)
                0x00005e58                malloc
 .text.memchr   0x00005e68       0x1c c:/program files (x86)/cypress/psoc creator/4.4/psoc creator/import/gnu/arm/5.4.1/bin/../lib/gcc/arm-none-eabi/5.4.1/../../../../arm-none-eabi/lib/armv7-m\libg_nano.a(lib_a-memchr-stub.o)
                0x00005e68                memchr
 .text._Balloc  0x00005e84       0x6a c:/program files (x86)/cypress/psoc creator/4.4/psoc creator/import/gnu/arm/5.4.1/bin/../lib/gcc/arm-none-eabi/5.4.1/../../../../arm-none-eabi/lib/armv7-m\libg_nano.a(lib_a-mprec.o)
                0x00005e84                _Balloc
 .text._Bfree   0x00005eee       0x2e c:/program files (x86)/cypress/psoc creator/4.4/psoc creator/import/gnu/arm/5.4.1/bin/../lib/gcc/arm-none-eabi/5.4.1/../../../../arm-none-eabi/lib/armv7-m\libg_nano.a(lib_a-mprec.o)
                0x00005eee                _Bfree
 .text.__multadd
                0x00005f1c       0x76 c:/program files (x86)/cypress/psoc creator/4.4/psoc creator/import/gnu/arm/5.4.1/bin/../lib/gcc/arm-none-eabi/5.4.1/../../../../arm-none-eabi/lib/armv7-m\libg_nano.a(lib_a-mprec.o)
                0x00005f1c                __multadd
 .text.__hi0bits
                0x00005f92       0x40 c:/program files (x86)/cypress/psoc creator/4.4/psoc creator/import/gnu/arm/5.4.1/bin/../lib/gcc/arm-none-eabi/5.4.1/../../../../arm-none-eabi/lib/armv7-m\libg_nano.a(lib_a-mprec.o)
                0x00005f92                __hi0bits
 .text.__lo0bits
                0x00005fd2       0x5a c:/program files (x86)/cypress/psoc creator/4.4/psoc creator/import/gnu/arm/5.4.1/bin/../lib/gcc/arm-none-eabi/5.4.1/../../../../arm-none-eabi/lib/armv7-m\libg_nano.a(lib_a-mprec.o)
                0x00005fd2                __lo0bits
 .text.__i2b    0x0000602c       0x12 c:/program files (x86)/cypress/psoc creator/4.4/psoc creator/import/gnu/arm/5.4.1/bin/../lib/gcc/arm-none-eabi/5.4.1/../../../../arm-none-eabi/lib/armv7-m\libg_nano.a(lib_a-mprec.o)
                0x0000602c                __i2b
 .text.__multiply
                0x0000603e      0x120 c:/program files (x86)/cypress/psoc creator/4.4/psoc creator/import/gnu/arm/5.4.1/bin/../lib/gcc/arm-none-eabi/5.4.1/../../../../arm-none-eabi/lib/armv7-m\libg_nano.a(lib_a-mprec.o)
                0x0000603e                __multiply
 *fill*         0x0000615e        0x2 
 .text.__pow5mult
                0x00006160       0x9c c:/program files (x86)/cypress/psoc creator/4.4/psoc creator/import/gnu/arm/5.4.1/bin/../lib/gcc/arm-none-eabi/5.4.1/../../../../arm-none-eabi/lib/armv7-m\libg_nano.a(lib_a-mprec.o)
                0x00006160                __pow5mult
 .text.__lshift
                0x000061fc       0xa2 c:/program files (x86)/cypress/psoc creator/4.4/psoc creator/import/gnu/arm/5.4.1/bin/../lib/gcc/arm-none-eabi/5.4.1/../../../../arm-none-eabi/lib/armv7-m\libg_nano.a(lib_a-mprec.o)
                0x000061fc                __lshift
 .text.__mcmp   0x0000629e       0x38 c:/program files (x86)/cypress/psoc creator/4.4/psoc creator/import/gnu/arm/5.4.1/bin/../lib/gcc/arm-none-eabi/5.4.1/../../../../arm-none-eabi/lib/armv7-m\libg_nano.a(lib_a-mprec.o)
                0x0000629e                __mcmp
 .text.__mdiff  0x000062d6       0xbe c:/program files (x86)/cypress/psoc creator/4.4/psoc creator/import/gnu/arm/5.4.1/bin/../lib/gcc/arm-none-eabi/5.4.1/../../../../arm-none-eabi/lib/armv7-m\libg_nano.a(lib_a-mprec.o)
                0x000062d6                __mdiff
 .text.__d2b    0x00006394       0x9c c:/program files (x86)/cypress/psoc creator/4.4/psoc creator/import/gnu/arm/5.4.1/bin/../lib/gcc/arm-none-eabi/5.4.1/../../../../arm-none-eabi/lib/armv7-m\libg_nano.a(lib_a-mprec.o)
                0x00006394                __d2b
 .text._calloc_r
                0x00006430       0x1c c:/program files (x86)/cypress/psoc creator/4.4/psoc creator/import/gnu/arm/5.4.1/bin/../lib/gcc/arm-none-eabi/5.4.1/../../../../arm-none-eabi/lib/armv7-m\libg_nano.a(lib_a-nano-callocr.o)
                0x00006430                _calloc_r
 .text._free_r  0x0000644c       0x98 c:/program files (x86)/cypress/psoc creator/4.4/psoc creator/import/gnu/arm/5.4.1/bin/../lib/gcc/arm-none-eabi/5.4.1/../../../../arm-none-eabi/lib/armv7-m\libg_nano.a(lib_a-nano-freer.o)
                0x0000644c                _free_r
 .text._malloc_r
                0x000064e4       0xbc c:/program files (x86)/cypress/psoc creator/4.4/psoc creator/import/gnu/arm/5.4.1/bin/../lib/gcc/arm-none-eabi/5.4.1/../../../../arm-none-eabi/lib/armv7-m\libg_nano.a(lib_a-nano-mallocr.o)
                0x000064e4                _malloc_r
 .text.__ssputs_r
                0x000065a0       0xb2 c:/program files (x86)/cypress/psoc creator/4.4/psoc creator/import/gnu/arm/5.4.1/bin/../lib/gcc/arm-none-eabi/5.4.1/../../../../arm-none-eabi/lib/armv7-m\libg_nano.a(lib_a-nano-svfprintf.o)
                0x000065a0                __ssputs_r
 *fill*         0x00006652        0x2 
 .text._svfprintf_r
                0x00006654      0x1e8 c:/program files (x86)/cypress/psoc creator/4.4/psoc creator/import/gnu/arm/5.4.1/bin/../lib/gcc/arm-none-eabi/5.4.1/../../../../arm-none-eabi/lib/armv7-m\libg_nano.a(lib_a-nano-svfprintf.o)
                0x00006654                _svfiprintf_r
                0x00006654                _svfprintf_r
 .text._sbrk_r  0x0000683c       0x20 c:/program files (x86)/cypress/psoc creator/4.4/psoc creator/import/gnu/arm/5.4.1/bin/../lib/gcc/arm-none-eabi/5.4.1/../../../../arm-none-eabi/lib/armv7-m\libg_nano.a(lib_a-sbrkr.o)
                0x0000683c                _sbrk_r
 .text.memmove  0x0000685c       0x36 c:/program files (x86)/cypress/psoc creator/4.4/psoc creator/import/gnu/arm/5.4.1/bin/../lib/gcc/arm-none-eabi/5.4.1/../../../../arm-none-eabi/lib/armv7-m\libg_nano.a(lib_a-memmove.o)
                0x0000685c                memmove
 .text.__malloc_lock
                0x00006892        0x2 c:/program files (x86)/cypress/psoc creator/4.4/psoc creator/import/gnu/arm/5.4.1/bin/../lib/gcc/arm-none-eabi/5.4.1/../../../../arm-none-eabi/lib/armv7-m\libg_nano.a(lib_a-mlock.o)
                0x00006892                __malloc_lock
 .text.__malloc_unlock
                0x00006894        0x2 c:/program files (x86)/cypress/psoc creator/4.4/psoc creator/import/gnu/arm/5.4.1/bin/../lib/gcc/arm-none-eabi/5.4.1/../../../../arm-none-eabi/lib/armv7-m\libg_nano.a(lib_a-mlock.o)
                0x00006894                __malloc_unlock
 .text._realloc_r
                0x00006896       0x4c c:/program files (x86)/cypress/psoc creator/4.4/psoc creator/import/gnu/arm/5.4.1/bin/../lib/gcc/arm-none-eabi/5.4.1/../../../../arm-none-eabi/lib/armv7-m\libg_nano.a(lib_a-nano-reallocr.o)
                0x00006896                _realloc_r
 .text._malloc_usable_size_r
                0x000068e2       0x14 c:/program files (x86)/cypress/psoc creator/4.4/psoc creator/import/gnu/arm/5.4.1/bin/../lib/gcc/arm-none-eabi/5.4.1/../../../../arm-none-eabi/lib/armv7-m\libg_nano.a(lib_a-nano-msizer.o)
                0x000068e2                _malloc_usable_size_r
 *fill*         0x000068f6        0x2 
 .text          0x000068f8       0x50 c:/program files (x86)/cypress/psoc creator/4.4/psoc creator/import/gnu/arm/5.4.1/bin/../lib/gcc/arm-none-eabi/5.4.1/armv7-m\libgcc.a(_arm_fixdfsi.o)
                0x000068f8                __aeabi_d2iz
                0x000068f8                __fixdfsi
 *(.plt)
 *(.gnu.warning)
 *(.glue_7t)
 .glue_7t       0x00006948        0x0 linker stubs
 *(.glue_7)
 .glue_7        0x00006948        0x0 linker stubs
 *(.vfp11_veneer)
 .vfp11_veneer  0x00006948        0x0 linker stubs
 *(.bootloader)
 *(.ARM.extab* .gnu.linkonce.armextab.*)
 *(.gcc_except_table)

.v4_bx          0x00006948        0x0
 .v4_bx         0x00006948        0x0 linker stubs

.iplt           0x00006948        0x0
 .iplt          0x00006948        0x0 c:/program files (x86)/cypress/psoc creator/4.4/psoc creator/import/gnu/arm/5.4.1/bin/../lib/gcc/arm-none-eabi/5.4.1/armv7-m/crtbegin.o

.eh_frame_hdr
 *(.eh_frame_hdr)

.eh_frame       0x00006948        0x4
 *(.eh_frame)
 .eh_frame      0x00006948        0x0 c:/program files (x86)/cypress/psoc creator/4.4/psoc creator/import/gnu/arm/5.4.1/bin/../lib/gcc/arm-none-eabi/5.4.1/armv7-m/crtbegin.o
 .eh_frame      0x00006948        0x4 c:/program files (x86)/cypress/psoc creator/4.4/psoc creator/import/gnu/arm/5.4.1/bin/../lib/gcc/arm-none-eabi/5.4.1/armv7-m/crtend.o
                [!provide]                PROVIDE (__exidx_start, .)

.ARM.exidx
 *(.ARM.exidx* .gnu.linkonce.armexidx.*)
                0x0000694c                __exidx_end = .

.rodata         0x00006950      0x248
 *(.rodata .rodata.* .gnu.linkonce.r.*)
 .rodata.str1.4
                0x00006950       0x1c .\CortexM3\ARM_GCC_541\Debug\main.o
 .rodata.str1.4
                0x0000696c       0x17 .\CortexM3\ARM_GCC_541\Debug\SBT0811.o
 *fill*         0x00006983        0x1 
 .rodata.str1.4
                0x00006984        0x7 .\CortexM3\ARM_GCC_541\Debug\fnReceive.o
 *fill*         0x0000698b        0x1 
 .rodata        0x0000698c       0x44 .\CortexM3\ARM_GCC_541\Debug\cyfitter_cfg.o
 .rodata        0x000069d0       0x11 .\CortexM3\ARM_GCC_541\Debug\PSoC5_Team13Project.a(UART.o)
 *fill*         0x000069e1        0x3 
 .rodata.str1.4
                0x000069e4        0x4 c:/program files (x86)/cypress/psoc creator/4.4/psoc creator/import/gnu/arm/5.4.1/bin/../lib/gcc/arm-none-eabi/5.4.1/../../../../arm-none-eabi/lib/armv7-m\libm.a(lib_a-w_pow.o)
 .rodata.str1.4
                0x000069e8        0x5 c:/program files (x86)/cypress/psoc creator/4.4/psoc creator/import/gnu/arm/5.4.1/bin/../lib/gcc/arm-none-eabi/5.4.1/../../../../arm-none-eabi/lib/armv7-m\libm.a(lib_a-w_sqrt.o)
 .rodata.str1.4
                0x000069ed        0x8 c:/program files (x86)/cypress/psoc creator/4.4/psoc creator/import/gnu/arm/5.4.1/bin/../lib/gcc/arm-none-eabi/5.4.1/../../../../arm-none-eabi/lib/armv7-m\libm.a(lib_a-e_pow.o)
                                  0x1 (size before relaxing)
 *fill*         0x000069ed        0x3 
 .rodata.TWO52  0x000069f0       0x10 c:/program files (x86)/cypress/psoc creator/4.4/psoc creator/import/gnu/arm/5.4.1/bin/../lib/gcc/arm-none-eabi/5.4.1/../../../../arm-none-eabi/lib/armv7-m\libm.a(lib_a-s_rint.o)
 .rodata.str1.1
                0x00006a00        0x2 c:/program files (x86)/cypress/psoc creator/4.4/psoc creator/import/gnu/arm/5.4.1/bin/../lib/gcc/arm-none-eabi/5.4.1/../../../../arm-none-eabi/lib/armv7-m\libg_nano.a(lib_a-impure.o)
 .rodata.str1.1
                0x00006a02       0x12 c:/program files (x86)/cypress/psoc creator/4.4/psoc creator/import/gnu/arm/5.4.1/bin/../lib/gcc/arm-none-eabi/5.4.1/../../../../arm-none-eabi/lib/armv7-m\libg_nano.a(lib_a-nano-vfprintf_float.o)
 .rodata.str1.1
                0x00006a14       0x22 c:/program files (x86)/cypress/psoc creator/4.4/psoc creator/import/gnu/arm/5.4.1/bin/../lib/gcc/arm-none-eabi/5.4.1/../../../../arm-none-eabi/lib/armv7-m\libg_nano.a(lib_a-nano-vfprintf_i.o)
 .rodata.str1.1
                0x00006a36        0xd c:/program files (x86)/cypress/psoc creator/4.4/psoc creator/import/gnu/arm/5.4.1/bin/../lib/gcc/arm-none-eabi/5.4.1/../../../../arm-none-eabi/lib/armv7-m\libg_nano.a(lib_a-dtoa.o)
                                  0xf (size before relaxing)
 .rodata.str1.1
                0x00006a43        0x8 c:/program files (x86)/cypress/psoc creator/4.4/psoc creator/import/gnu/arm/5.4.1/bin/../lib/gcc/arm-none-eabi/5.4.1/../../../../arm-none-eabi/lib/armv7-m\libg_nano.a(lib_a-locale.o)
                                  0xb (size before relaxing)
 *fill*         0x00006a4b        0x5 
 .rodata.__mprec_tens
                0x00006a50       0xc8 c:/program files (x86)/cypress/psoc creator/4.4/psoc creator/import/gnu/arm/5.4.1/bin/../lib/gcc/arm-none-eabi/5.4.1/../../../../arm-none-eabi/lib/armv7-m\libg_nano.a(lib_a-mprec.o)
                0x00006a50                __mprec_tens
 .rodata.p05.5408
                0x00006b18        0xc c:/program files (x86)/cypress/psoc creator/4.4/psoc creator/import/gnu/arm/5.4.1/bin/../lib/gcc/arm-none-eabi/5.4.1/../../../../arm-none-eabi/lib/armv7-m\libg_nano.a(lib_a-mprec.o)
 *fill*         0x00006b24        0x4 
 .rodata.__mprec_bigtens
                0x00006b28       0x28 c:/program files (x86)/cypress/psoc creator/4.4/psoc creator/import/gnu/arm/5.4.1/bin/../lib/gcc/arm-none-eabi/5.4.1/../../../../arm-none-eabi/lib/armv7-m\libg_nano.a(lib_a-mprec.o)
                0x00006b28                __mprec_bigtens
 .rodata.str1.1
                0x00006b50       0x11 c:/program files (x86)/cypress/psoc creator/4.4/psoc creator/import/gnu/arm/5.4.1/bin/../lib/gcc/arm-none-eabi/5.4.1/../../../../arm-none-eabi/lib/armv7-m\libg_nano.a(lib_a-nano-svfprintf.o)
                0x00006b64                . = ALIGN (0x4)
 *fill*         0x00006b61        0x3 
 *(.init)
 .init          0x00006b64        0x4 c:/program files (x86)/cypress/psoc creator/4.4/psoc creator/import/gnu/arm/5.4.1/bin/../lib/gcc/arm-none-eabi/5.4.1/armv7-m/crti.o
                0x00006b64                _init
 .init          0x00006b68        0x8 c:/program files (x86)/cypress/psoc creator/4.4/psoc creator/import/gnu/arm/5.4.1/bin/../lib/gcc/arm-none-eabi/5.4.1/armv7-m/crtn.o
                0x00006b70                . = ALIGN (0x4)
                0x00006b70                __preinit_array_start = .
 *(.preinit_array)
                0x00006b70                __preinit_array_end = .
                0x00006b70                . = ALIGN (0x4)
                0x00006b70                __init_array_start = .
 *(SORT(.init_array.*))
 *(.init_array)
 .init_array    0x00006b70        0x4 c:/program files (x86)/cypress/psoc creator/4.4/psoc creator/import/gnu/arm/5.4.1/bin/../lib/gcc/arm-none-eabi/5.4.1/armv7-m/crtbegin.o
 .init_array    0x00006b74        0x4 .\CortexM3\ARM_GCC_541\Debug\Cm3Start.o
                0x00006b78                __init_array_end = .
                0x00006b78                . = ALIGN (0x4)
 *(.fini)
 .fini          0x00006b78        0x4 c:/program files (x86)/cypress/psoc creator/4.4/psoc creator/import/gnu/arm/5.4.1/bin/../lib/gcc/arm-none-eabi/5.4.1/armv7-m/crti.o
                0x00006b78                _fini
 .fini          0x00006b7c        0x8 c:/program files (x86)/cypress/psoc creator/4.4/psoc creator/import/gnu/arm/5.4.1/bin/../lib/gcc/arm-none-eabi/5.4.1/armv7-m/crtn.o
                0x00006b84                . = ALIGN (0x4)
                0x00006b84                __fini_array_start = .
 *(.fini_array)
 .fini_array    0x00006b84        0x4 c:/program files (x86)/cypress/psoc creator/4.4/psoc creator/import/gnu/arm/5.4.1/bin/../lib/gcc/arm-none-eabi/5.4.1/armv7-m/crtbegin.o
 *(SORT(.fini_array.*))
                0x00006b88                __fini_array_end = .
                0x00006b88                . = ALIGN (0x4)
 *crtbegin.o(.ctors)
 *(EXCLUDE_FILE(*crtend.o) .ctors)
 *(SORT(.ctors.*))
 *crtend.o(.ctors)
                0x00006b88                . = ALIGN (0x4)
 *crtbegin.o(.dtors)
 *(EXCLUDE_FILE(*crtend.o) .dtors)
 *(SORT(.dtors.*))
 *crtend.o(.dtors)
                0x00006b88                . = ALIGN (0x4)
                0x00006b88                __cy_regions = .
                0x00006b88        0x4 LONG 0x6b98 __cy_region_init_ram
                0x00006b8c        0x4 LONG 0x1fff80c8 __cy_region_start_data
                0x00006b90        0x4 LONG 0x158 __cy_region_init_size_ram
                0x00006b94        0x4 LONG 0x228 __cy_region_zero_size_ram
                0x00006b98                __cy_regions_end = .
                0x00006b98                . = ALIGN (0x8)
                0x00006b98                _etext = .

.cy_checksum_exclude
                0x00006b98        0x0
 *(.cy_checksum_exclude)

.ramvectors     0x1fff8000       0xc0
                0x1fff8000                __cy_region_start_ram = .
 *(.ramvectors)
 .ramvectors    0x1fff8000       0xc0 .\CortexM3\ARM_GCC_541\Debug\Cm3Start.o
                0x1fff8000                CyRamVectors

.noinit         0x1fff80c0        0x1
 *(.noinit)
 .noinit        0x1fff80c0        0x1 .\CortexM3\ARM_GCC_541\Debug\PSoC5_Team13Project.a(CyLib.o)
                0x1fff80c0                CyResetStatus

.data           0x1fff80c8      0x158 load address 0x00006b98
                0x1fff80c8                __cy_region_start_data = .
 *(.jcr)
 .jcr           0x1fff80c8        0x0 c:/program files (x86)/cypress/psoc creator/4.4/psoc creator/import/gnu/arm/5.4.1/bin/../lib/gcc/arm-none-eabi/5.4.1/armv7-m/crtbegin.o
 .jcr           0x1fff80c8        0x4 c:/program files (x86)/cypress/psoc creator/4.4/psoc creator/import/gnu/arm/5.4.1/bin/../lib/gcc/arm-none-eabi/5.4.1/armv7-m/crtend.o
 *(.got.plt)
 *(.got)
 *(.shdata)
 *(.data .data.* .gnu.linkonce.d.*)
 .data          0x1fff80cc        0xc .\CortexM3\ARM_GCC_541\Debug\main.o
                0x1fff80cc                startPos
                0x1fff80d0                mask
                0x1fff80d4                fullSpeedNoLoad
 .data          0x1fff80d8       0x7c .\CortexM3\ARM_GCC_541\Debug\TB9051.o
                0x1fff80d8                r_wheel
                0x1fff80dc                pidL
                0x1fff8114                pidR
                0x1fff814c                d
                0x1fff8150                angVelRotate
 .data          0x1fff8154        0x4 .\CortexM3\ARM_GCC_541\Debug\HCSR04.o
                0x1fff8154                spSound
 .data          0x1fff8158        0x4 .\CortexM3\ARM_GCC_541\Debug\Cm3Start.o
 .data          0x1fff815c        0x8 .\CortexM3\ARM_GCC_541\Debug\PSoC5_Team13Project.a(CyDmac.o)
 .data          0x1fff8164       0x10 .\CortexM3\ARM_GCC_541\Debug\PSoC5_Team13Project.a(CyLib.o)
                0x1fff8164                cydelay_32k_ms
                0x1fff8168                cydelay_freq_khz
                0x1fff816c                cydelay_freq_mhz
                0x1fff8170                cydelay_freq_hz
 .data          0x1fff8174        0xc .\CortexM3\ARM_GCC_541\Debug\PSoC5_Team13Project.a(UART.o)
                0x1fff8174                UART_pinDrAdress
                0x1fff8178                UART_pinPortNumber
                0x1fff817c                UART_pinNumber
 .data          0x1fff8180        0x1 .\CortexM3\ARM_GCC_541\Debug\PSoC5_Team13Project.a(rxDMA_dma.o)
                0x1fff8180                rxDMA_DmaHandle
 .data.__fdlib_version
                0x1fff8181        0x1 c:/program files (x86)/cypress/psoc creator/4.4/psoc creator/import/gnu/arm/5.4.1/bin/../lib/gcc/arm-none-eabi/5.4.1/../../../../arm-none-eabi/lib/armv7-m\libm.a(lib_a-s_lib_ver.o)
                0x1fff8181                __fdlib_version
 *fill*         0x1fff8182        0x2 
 .data.impure_data
                0x1fff8184       0x60 c:/program files (x86)/cypress/psoc creator/4.4/psoc creator/import/gnu/arm/5.4.1/bin/../lib/gcc/arm-none-eabi/5.4.1/../../../../arm-none-eabi/lib/armv7-m\libg_nano.a(lib_a-impure.o)
 .data._impure_ptr
                0x1fff81e4        0x4 c:/program files (x86)/cypress/psoc creator/4.4/psoc creator/import/gnu/arm/5.4.1/bin/../lib/gcc/arm-none-eabi/5.4.1/../../../../arm-none-eabi/lib/armv7-m\libg_nano.a(lib_a-impure.o)
                0x1fff81e4                _impure_ptr
 .data.lconv    0x1fff81e8       0x38 c:/program files (x86)/cypress/psoc creator/4.4/psoc creator/import/gnu/arm/5.4.1/bin/../lib/gcc/arm-none-eabi/5.4.1/../../../../arm-none-eabi/lib/armv7-m\libg_nano.a(lib_a-locale.o)
                0x1fff8220                . = ALIGN (0x8)
 *(.ram)
                0x1fff8220                _edata = .

.igot.plt       0x1fff8220        0x0 load address 0x00006cf0
 .igot.plt      0x1fff8220        0x0 c:/program files (x86)/cypress/psoc creator/4.4/psoc creator/import/gnu/arm/5.4.1/bin/../lib/gcc/arm-none-eabi/5.4.1/armv7-m/crtbegin.o

.bss            0x1fff8220      0x228 load address 0x00006cf0
                0x1fff8220                PROVIDE (__bss_start__, .)
 *(.shbss)
 *(.bss .bss.* .gnu.linkonce.b.*)
 .bss           0x1fff8220       0x1c c:/program files (x86)/cypress/psoc creator/4.4/psoc creator/import/gnu/arm/5.4.1/bin/../lib/gcc/arm-none-eabi/5.4.1/armv7-m/crtbegin.o
 .bss           0x1fff823c       0x72 .\CortexM3\ARM_GCC_541\Debug\main.o
                0x1fff823c                stopPos
                0x1fff8240                startPres
                0x1fff8244                deSyncFlg
                0x1fff8248                rxBuffer
                0x1fff8258                rxBufferOld
                0x1fff8268                startFlag
                0x1fff826c                comString
                0x1fff828c                rxCount
                0x1fff8290                rxString
 *fill*         0x1fff82ae        0x2 
 .bss           0x1fff82b0       0x10 .\CortexM3\ARM_GCC_541\Debug\TB9051.o
                0x1fff82b0                QD1_Old
                0x1fff82b4                QD2_Old
                0x1fff82b8                accumL
                0x1fff82bc                accumR
 .bss           0x1fff82c0       0x34 .\CortexM3\ARM_GCC_541\Debug\HCSR04.o
                0x1fff82c0                initFlag
                0x1fff82c4                mCounterL
                0x1fff82c8                distL
                0x1fff82d4                distAvL
                0x1fff82d8                distAvR
                0x1fff82dc                compLFlag
                0x1fff82e0                compRFlag
                0x1fff82e4                mCounterR
                0x1fff82e8                distR
 .bss           0x1fff82f4        0x1 .\CortexM3\ARM_GCC_541\Debug\PSoC5_Team13Project.a(I2C_1.o)
                0x1fff82f4                I2C_1_initVar
 .bss           0x1fff82f5        0x9 .\CortexM3\ARM_GCC_541\Debug\PSoC5_Team13Project.a(UART_RPi.o)
                0x1fff82f5                UART_RPi_errorStatus
                0x1fff82f6                UART_RPi_initVar
                0x1fff82f7                UART_RPi_rxBufferRead
                0x1fff82f8                UART_RPi_rxBufferWrite
                0x1fff82f9                UART_RPi_rxBufferLoopDetect
                0x1fff82fa                UART_RPi_rxBufferOverflow
                0x1fff82fb                UART_RPi_txBufferRead
                0x1fff82fc                UART_RPi_txBufferWrite
 .bss           0x1fff82fe        0x1 .\CortexM3\ARM_GCC_541\Debug\PSoC5_Team13Project.a(Timer_L.o)
                0x1fff82fe                Timer_L_initVar
 .bss           0x1fff82ff        0x1 .\CortexM3\ARM_GCC_541\Debug\PSoC5_Team13Project.a(Timer_R.o)
                0x1fff82ff                Timer_R_initVar
 .bss           0x1fff8300        0x1 .\CortexM3\ARM_GCC_541\Debug\PSoC5_Team13Project.a(US_Timer.o)
                0x1fff8300                US_Timer_initVar
 .bss           0x1fff8301        0x1 .\CortexM3\ARM_GCC_541\Debug\PSoC5_Team13Project.a(TB9051_QD1.o)
                0x1fff8301                TB9051_QD1_initVar
 .bss           0x1fff8302        0x1 .\CortexM3\ARM_GCC_541\Debug\PSoC5_Team13Project.a(QD1_Timer.o)
                0x1fff8302                QD1_Timer_initVar
 .bss           0x1fff8303        0x1 .\CortexM3\ARM_GCC_541\Debug\PSoC5_Team13Project.a(TB9051_QD2.o)
                0x1fff8303                TB9051_QD2_initVar
 .bss           0x1fff8304        0x1 .\CortexM3\ARM_GCC_541\Debug\PSoC5_Team13Project.a(TB9051_QD1_Cnt16.o)
                0x1fff8304                TB9051_QD1_Cnt16_initVar
 .bss           0x1fff8305        0x1 .\CortexM3\ARM_GCC_541\Debug\PSoC5_Team13Project.a(TB9051_QD2_Cnt16.o)
                0x1fff8305                TB9051_QD2_Cnt16_initVar
 *fill*         0x1fff8306        0x2 
 .bss.__malloc_sbrk_start
                0x1fff8308        0x4 c:/program files (x86)/cypress/psoc creator/4.4/psoc creator/import/gnu/arm/5.4.1/bin/../lib/gcc/arm-none-eabi/5.4.1/../../../../arm-none-eabi/lib/armv7-m\libg_nano.a(lib_a-nano-mallocr.o)
                0x1fff8308                __malloc_sbrk_start
 .bss.__malloc_free_list
                0x1fff830c        0x4 c:/program files (x86)/cypress/psoc creator/4.4/psoc creator/import/gnu/arm/5.4.1/bin/../lib/gcc/arm-none-eabi/5.4.1/../../../../arm-none-eabi/lib/armv7-m\libg_nano.a(lib_a-nano-mallocr.o)
                0x1fff830c                __malloc_free_list
 *(COMMON)
 COMMON         0x1fff8310       0x48 .\CortexM3\ARM_GCC_541\Debug\main.o
                0x1fff8310                rxDMA_Chan
                0x1fff8314                string
                0x1fff8332                rxByte
                0x1fff8334                param2_old
                0x1fff8338                param1_old
                0x1fff833c                prm1
                0x1fff8340                B2
                0x1fff8344                B1
                0x1fff8348                rxDMA_TD
                0x1fff834c                fn_old
                0x1fff8350                prm2
                0x1fff8354                fn
 COMMON         0x1fff8358       0x28 .\CortexM3\ARM_GCC_541\Debug\TB9051.o
                0x1fff8358                vR
                0x1fff835c                w2_Vel
                0x1fff8360                US_R
                0x1fff8364                vL
                0x1fff8368                w1_Vel
                0x1fff836c                US_L
                0x1fff8370                pidVelL
                0x1fff8374                vAng_Old
                0x1fff8378                vLin_Old
                0x1fff837c                pidVelR
 COMMON         0x1fff8380        0x1 .\CortexM3\ARM_GCC_541\Debug\PSoC5_Team13Project.a(I2C_1.o)
                0x1fff8380                I2C_1_state
 *fill*         0x1fff8381        0x3 
 COMMON         0x1fff8384       0x11 .\CortexM3\ARM_GCC_541\Debug\PSoC5_Team13Project.a(I2C_1_MASTER.o)
                0x1fff8384                I2C_1_mstrWrBufIndex
                0x1fff8385                I2C_1_mstrControl
                0x1fff8386                I2C_1_mstrStatus
                0x1fff8387                I2C_1_mstrWrBufSize
                0x1fff8388                I2C_1_mstrRdBufIndex
                0x1fff838c                I2C_1_mstrWrBufPtr
                0x1fff8390                I2C_1_mstrRdBufPtr
                0x1fff8394                I2C_1_mstrRdBufSize
 *fill*         0x1fff8395        0x3 
 COMMON         0x1fff8398       0xa7 .\CortexM3\ARM_GCC_541\Debug\PSoC5_Team13Project.a(UART_RPi.o)
                0x1fff8398                UART_RPi_txBuffer
                0x1fff8430                UART_RPi_rxBuffer
 *fill*         0x1fff843f        0x1 
 COMMON         0x1fff8440        0x4 c:/program files (x86)/cypress/psoc creator/4.4/psoc creator/import/gnu/arm/5.4.1/bin/../lib/gcc/arm-none-eabi/5.4.1/../../../../arm-none-eabi/lib/armv7-m\libg_nano.a(lib_a-reent.o)
                0x1fff8440                errno
                0x1fff8448                . = ALIGN (0x8)
 *fill*         0x1fff8444        0x4 
 *(.ram.b)
                0x1fff8448                _end = .
                0x1fff8448                __end = .
                0x1fff8448                PROVIDE (end, .)
                0x1fff8448                PROVIDE (__bss_end__, .)
                0x00006b98                __cy_region_init_ram = LOADADDR (.data)
                0x00000158                __cy_region_init_size_ram = (_edata - ADDR (.data))
                0x00000228                __cy_region_zero_size_ram = (_end - _edata)

.heap           0x1fff8448     0x1200 load address 0x00006cf0
                0x1fff8448                . = _end
                0x1fff9648                . = (. + 0x1200)
 *fill*         0x1fff8448     0x1200 
                0x1fff9648                __cy_heap_limit = .

.stack          0x20006e00     0x1200
                0x20006e00                __cy_stack_limit = .
                0x20008000                . = (. + 0x1200)
 *fill*         0x20006e00     0x1200 
                0x00000001                ASSERT ((__cy_stack_limit >= __cy_heap_limit), region RAM overflowed with stack)
                0x00000000                cy_checksum_exclude_size = (CY_APPL_LOADABLE == 0x1)?SIZEOF (.cy_checksum_exclude):0x0
                0x00000001                ASSERT ((cy_checksum_exclude_size <= CY_CHECKSUM_EXCLUDE_SIZE), CY_BOOT: Section .cy_checksum_exclude size exceedes specified limit.)

.cyloadermeta
 *(.cyloadermeta)

.cyloadablemeta
 *(.cyloadablemeta)

.cyconfigecc    0x80000000     0x1130
 *(.cyconfigecc)
 .cyconfigecc   0x80000000     0x1130 .\CortexM3\ARM_GCC_541\Debug\cymetadata.o
                0x80000000                cy_meta_configecc

.cycustnvl      0x90000000        0x4
 *(.cycustnvl)
 .cycustnvl     0x90000000        0x4 .\CortexM3\ARM_GCC_541\Debug\cymetadata.o
                0x90000000                cy_meta_custnvl

.cywolatch      0x90100000        0x4
 *(.cywolatch)
 .cywolatch     0x90100000        0x4 .\CortexM3\ARM_GCC_541\Debug\cymetadata.o
                0x90100000                cy_meta_wonvl

.cyeeprom       0x90200000        0x0
 *(.cyeeprom)
                0x00000001                ASSERT ((. <= ((0x90200000 + ee_offset) + ee_size)), .cyeeprom data will not fit in EEPROM)

.cyflashprotect
                0x90400000      0x100
 *(.cyflashprotect)
 .cyflashprotect
                0x90400000      0x100 .\CortexM3\ARM_GCC_541\Debug\cymetadata.o
                0x90400000                cy_meta_flashprotect

.cymeta         0x90500000        0xc
 *(.cymeta)
 .cymeta        0x90500000        0xc .\CortexM3\ARM_GCC_541\Debug\cymetadata.o
                0x90500000                cy_metadata

.rel.dyn        0x00006cf0        0x0 load address 0x9050000c
 .rel.iplt      0x00006cf0        0x0 c:/program files (x86)/cypress/psoc creator/4.4/psoc creator/import/gnu/arm/5.4.1/bin/../lib/gcc/arm-none-eabi/5.4.1/armv7-m/crtbegin.o

.stab
 *(.stab)

.stabstr
 *(.stabstr)

.debug
 *(.debug)

.line
 *(.line)

.debug_srcinfo
 *(.debug_srcinfo)

.debug_sfnames
 *(.debug_sfnames)

.debug_aranges  0x00000000     0x1340
 *(.debug_aranges)
 .debug_aranges
                0x00000000       0x30 .\CortexM3\ARM_GCC_541\Debug\main.o
 .debug_aranges
                0x00000030       0x30 .\CortexM3\ARM_GCC_541\Debug\SBT0811.o
 .debug_aranges
                0x00000060       0x80 .\CortexM3\ARM_GCC_541\Debug\IMU.o
 .debug_aranges
                0x000000e0       0x18 .\CortexM3\ARM_GCC_541\Debug\SG90.o
 .debug_aranges
                0x000000f8       0x98 .\CortexM3\ARM_GCC_541\Debug\TB9051.o
 .debug_aranges
                0x00000190       0x30 .\CortexM3\ARM_GCC_541\Debug\fnReceive.o
 .debug_aranges
                0x000001c0       0x50 .\CortexM3\ARM_GCC_541\Debug\HCSR04.o
 .debug_aranges
                0x00000210       0x28 .\CortexM3\ARM_GCC_541\Debug\pid.o
 .debug_aranges
                0x00000238       0x58 .\CortexM3\ARM_GCC_541\Debug\cyfitter_cfg.o
 .debug_aranges
                0x00000290       0x18 .\CortexM3\ARM_GCC_541\Debug\cymetadata.o
 .debug_aranges
                0x000002a8       0x48 .\CortexM3\ARM_GCC_541\Debug\Cm3Start.o
 .debug_aranges
                0x000002f0       0xd8 .\CortexM3\ARM_GCC_541\Debug\PSoC5_Team13Project.a(CyDmac.o)
 .debug_aranges
                0x000003c8      0x2a0 .\CortexM3\ARM_GCC_541\Debug\PSoC5_Team13Project.a(CyLib.o)
 .debug_aranges
                0x00000668       0x98 .\CortexM3\ARM_GCC_541\Debug\PSoC5_Team13Project.a(cyPm.o)
 .debug_aranges
                0x00000700       0x28 .\CortexM3\ARM_GCC_541\Debug\PSoC5_Team13Project.a(StepperDriver.o)
 .debug_aranges
                0x00000728       0x38 .\CortexM3\ARM_GCC_541\Debug\PSoC5_Team13Project.a(I2C_1.o)
 .debug_aranges
                0x00000760       0x20 .\CortexM3\ARM_GCC_541\Debug\PSoC5_Team13Project.a(I2C_1_INT.o)
 .debug_aranges
                0x00000780       0x38 .\CortexM3\ARM_GCC_541\Debug\PSoC5_Team13Project.a(I2C_1_PM.o)
 .debug_aranges
                0x000007b8       0x80 .\CortexM3\ARM_GCC_541\Debug\PSoC5_Team13Project.a(I2C_1_MASTER.o)
 .debug_aranges
                0x00000838       0x28 .\CortexM3\ARM_GCC_541\Debug\PSoC5_Team13Project.a(TB9051_EN.o)
 .debug_aranges
                0x00000860       0x28 .\CortexM3\ARM_GCC_541\Debug\PSoC5_Team13Project.a(QuadPWM.o)
 .debug_aranges
                0x00000888       0x50 .\CortexM3\ARM_GCC_541\Debug\PSoC5_Team13Project.a(UART.o)
 .debug_aranges
                0x000008d8       0xf0 .\CortexM3\ARM_GCC_541\Debug\PSoC5_Team13Project.a(UART_RPi.o)
 .debug_aranges
                0x000009c8       0x28 .\CortexM3\ARM_GCC_541\Debug\PSoC5_Team13Project.a(UART_RPi_INT.o)
 .debug_aranges
                0x000009f0       0x70 .\CortexM3\ARM_GCC_541\Debug\PSoC5_Team13Project.a(UART_RPi_IntClock.o)
 .debug_aranges
                0x00000a60       0x80 .\CortexM3\ARM_GCC_541\Debug\PSoC5_Team13Project.a(E_L.o)
 .debug_aranges
                0x00000ae0       0x80 .\CortexM3\ARM_GCC_541\Debug\PSoC5_Team13Project.a(E_R.o)
 .debug_aranges
                0x00000b60       0x28 .\CortexM3\ARM_GCC_541\Debug\PSoC5_Team13Project.a(US_L.o)
 .debug_aranges
                0x00000b88       0x28 .\CortexM3\ARM_GCC_541\Debug\PSoC5_Team13Project.a(US_R.o)
 .debug_aranges
                0x00000bb0       0x90 .\CortexM3\ARM_GCC_541\Debug\PSoC5_Team13Project.a(Timer_L.o)
 .debug_aranges
                0x00000c40       0x90 .\CortexM3\ARM_GCC_541\Debug\PSoC5_Team13Project.a(Timer_R.o)
 .debug_aranges
                0x00000cd0       0x80 .\CortexM3\ARM_GCC_541\Debug\PSoC5_Team13Project.a(RXcmplt.o)
 .debug_aranges
                0x00000d50       0x28 .\CortexM3\ARM_GCC_541\Debug\PSoC5_Team13Project.a(rxDMA_dma.o)
 .debug_aranges
                0x00000d78       0x80 .\CortexM3\ARM_GCC_541\Debug\PSoC5_Team13Project.a(US_Trig.o)
 .debug_aranges
                0x00000df8       0x90 .\CortexM3\ARM_GCC_541\Debug\PSoC5_Team13Project.a(US_Timer.o)
 .debug_aranges
                0x00000e88       0x60 .\CortexM3\ARM_GCC_541\Debug\PSoC5_Team13Project.a(TB9051_QD1.o)
 .debug_aranges
                0x00000ee8       0x90 .\CortexM3\ARM_GCC_541\Debug\PSoC5_Team13Project.a(QD1_Timer.o)
 .debug_aranges
                0x00000f78       0x80 .\CortexM3\ARM_GCC_541\Debug\PSoC5_Team13Project.a(QD1_ISR.o)
 .debug_aranges
                0x00000ff8       0x60 .\CortexM3\ARM_GCC_541\Debug\PSoC5_Team13Project.a(TB9051_QD2.o)
 .debug_aranges
                0x00001058       0x98 .\CortexM3\ARM_GCC_541\Debug\PSoC5_Team13Project.a(TB9051_QD1_Cnt16.o)
 .debug_aranges
                0x000010f0       0x98 .\CortexM3\ARM_GCC_541\Debug\PSoC5_Team13Project.a(TB9051_QD2_Cnt16.o)
 .debug_aranges
                0x00001188       0x28 .\CortexM3\ARM_GCC_541\Debug\PSoC5_Team13Project.a(US_LED_R.o)
 .debug_aranges
                0x000011b0       0x28 .\CortexM3\ARM_GCC_541\Debug\PSoC5_Team13Project.a(US_LED_L.o)
 .debug_aranges
                0x000011d8       0x20 .\CortexM3\ARM_GCC_541\Debug\PSoC5_Team13Project.a(CyBootAsmGnu.o)
 .debug_aranges
                0x000011f8       0x20 .\CortexM3\ARM_GCC_541\Debug\PSoC5_Team13Project.a(UART_AsmGnu.o)
 .debug_aranges
                0x00001218       0x88 .\CortexM3\ARM_GCC_541\Debug\PSoC5_Team13Project.a(CyFlash.o)
 .debug_aranges
                0x000012a0       0x80 .\CortexM3\ARM_GCC_541\Debug\PSoC5_Team13Project.a(CySpc.o)
 .debug_aranges
                0x00001320       0x20 .\CortexM3\ARM_GCC_541\Debug\PSoC5_Team13Project.a(cyutils.o)

.debug_pubnames
 *(.debug_pubnames)

.debug_info     0x00000000     0xb849
 *(.debug_info .gnu.linkonce.wi.*)
 .debug_info    0x00000000      0x5c1 .\CortexM3\ARM_GCC_541\Debug\main.o
 .debug_info    0x000005c1      0x452 .\CortexM3\ARM_GCC_541\Debug\SBT0811.o
 .debug_info    0x00000a13      0xb74 .\CortexM3\ARM_GCC_541\Debug\IMU.o
 .debug_info    0x00001587       0xae .\CortexM3\ARM_GCC_541\Debug\SG90.o
 .debug_info    0x00001635      0xf44 .\CortexM3\ARM_GCC_541\Debug\TB9051.o
 .debug_info    0x00002579      0x4ab .\CortexM3\ARM_GCC_541\Debug\fnReceive.o
 .debug_info    0x00002a24      0x559 .\CortexM3\ARM_GCC_541\Debug\HCSR04.o
 .debug_info    0x00002f7d      0x16e .\CortexM3\ARM_GCC_541\Debug\pid.o
 .debug_info    0x000030eb      0x61f .\CortexM3\ARM_GCC_541\Debug\cyfitter_cfg.o
 .debug_info    0x0000370a      0x139 .\CortexM3\ARM_GCC_541\Debug\cymetadata.o
 .debug_info    0x00003843      0x3cf .\CortexM3\ARM_GCC_541\Debug\Cm3Start.o
 .debug_info    0x00003c12      0x94e .\CortexM3\ARM_GCC_541\Debug\PSoC5_Team13Project.a(CyDmac.o)
 .debug_info    0x00004560     0x1374 .\CortexM3\ARM_GCC_541\Debug\PSoC5_Team13Project.a(CyLib.o)
 .debug_info    0x000058d4      0xa2a .\CortexM3\ARM_GCC_541\Debug\PSoC5_Team13Project.a(cyPm.o)
 .debug_info    0x000062fe       0xd6 .\CortexM3\ARM_GCC_541\Debug\PSoC5_Team13Project.a(StepperDriver.o)
 .debug_info    0x000063d4      0x2ab .\CortexM3\ARM_GCC_541\Debug\PSoC5_Team13Project.a(I2C_1.o)
 .debug_info    0x0000667f      0x184 .\CortexM3\ARM_GCC_541\Debug\PSoC5_Team13Project.a(I2C_1_INT.o)
 .debug_info    0x00006803      0x207 .\CortexM3\ARM_GCC_541\Debug\PSoC5_Team13Project.a(I2C_1_PM.o)
 .debug_info    0x00006a0a      0x407 .\CortexM3\ARM_GCC_541\Debug\PSoC5_Team13Project.a(I2C_1_MASTER.o)
 .debug_info    0x00006e11       0xd6 .\CortexM3\ARM_GCC_541\Debug\PSoC5_Team13Project.a(TB9051_EN.o)
 .debug_info    0x00006ee7       0xeb .\CortexM3\ARM_GCC_541\Debug\PSoC5_Team13Project.a(QuadPWM.o)
 .debug_info    0x00006fd2      0x2c4 .\CortexM3\ARM_GCC_541\Debug\PSoC5_Team13Project.a(UART.o)
 .debug_info    0x00007296      0x7be .\CortexM3\ARM_GCC_541\Debug\PSoC5_Team13Project.a(UART_RPi.o)
 .debug_info    0x00007a54      0x196 .\CortexM3\ARM_GCC_541\Debug\PSoC5_Team13Project.a(UART_RPi_INT.o)
 .debug_info    0x00007bea      0x283 .\CortexM3\ARM_GCC_541\Debug\PSoC5_Team13Project.a(UART_RPi_IntClock.o)
 .debug_info    0x00007e6d      0x2d2 .\CortexM3\ARM_GCC_541\Debug\PSoC5_Team13Project.a(E_L.o)
 .debug_info    0x0000813f      0x2d2 .\CortexM3\ARM_GCC_541\Debug\PSoC5_Team13Project.a(E_R.o)
 .debug_info    0x00008411       0xd6 .\CortexM3\ARM_GCC_541\Debug\PSoC5_Team13Project.a(US_L.o)
 .debug_info    0x000084e7       0xd6 .\CortexM3\ARM_GCC_541\Debug\PSoC5_Team13Project.a(US_R.o)
 .debug_info    0x000085bd      0x338 .\CortexM3\ARM_GCC_541\Debug\PSoC5_Team13Project.a(Timer_L.o)
 .debug_info    0x000088f5      0x338 .\CortexM3\ARM_GCC_541\Debug\PSoC5_Team13Project.a(Timer_R.o)
 .debug_info    0x00008c2d      0x2d2 .\CortexM3\ARM_GCC_541\Debug\PSoC5_Team13Project.a(RXcmplt.o)
 .debug_info    0x00008eff      0x1aa .\CortexM3\ARM_GCC_541\Debug\PSoC5_Team13Project.a(rxDMA_dma.o)
 .debug_info    0x000090a9      0x2d2 .\CortexM3\ARM_GCC_541\Debug\PSoC5_Team13Project.a(US_Trig.o)
 .debug_info    0x0000937b      0x332 .\CortexM3\ARM_GCC_541\Debug\PSoC5_Team13Project.a(US_Timer.o)
 .debug_info    0x000096ad      0x2d4 .\CortexM3\ARM_GCC_541\Debug\PSoC5_Team13Project.a(TB9051_QD1.o)
 .debug_info    0x00009981      0x332 .\CortexM3\ARM_GCC_541\Debug\PSoC5_Team13Project.a(QD1_Timer.o)
 .debug_info    0x00009cb3      0x2d2 .\CortexM3\ARM_GCC_541\Debug\PSoC5_Team13Project.a(QD1_ISR.o)
 .debug_info    0x00009f85      0x2d4 .\CortexM3\ARM_GCC_541\Debug\PSoC5_Team13Project.a(TB9051_QD2.o)